Archive member included to satisfy reference by file (symbol)

C:/devkitPro/libnx/lib\libnx.a(bpc.o)
                              main.o (bpcInitialize)
C:/devkitPro/libnx/lib\libnx.a(fs.o)
                              main.o (fsInitialize)
C:/devkitPro/libnx/lib\libnx.a(i2c.o)
                              main.o (i2cInitialize)
C:/devkitPro/libnx/lib\libnx.a(psm.o)
                              main.o (psmInitialize)
C:/devkitPro/libnx/lib\libnx.a(set.o)
                              main.o (setsysInitialize)
C:/devkitPro/libnx/lib\libnx.a(sm.o)
                              main.o (smInitialize)
C:/devkitPro/libnx/lib\libnx.a(spl.o)
                              main.o (splInitialize)
C:/devkitPro/libnx/lib\libnx.a(diag.o)
                              main.o (diagAbortWithResult)
C:/devkitPro/libnx/lib\libnx.a(hosversion.o)
                              C:/devkitPro/libnx/lib\libnx.a(bpc.o) (hosversionGet)
C:/devkitPro/libnx/lib\libnx.a(fs_dev.o)
                              main.o (fsdevMountSdmc)
C:/devkitPro/libnx/lib\libnx.a(path_buf.o)
                              C:/devkitPro/libnx/lib\libnx.a(fs_dev.o) (__nx_dev_path_buf)
C:/devkitPro/libnx/lib\libnx.a(decode_utf8.o)
                              C:/devkitPro/libnx/lib\libnx.a(fs_dev.o) (decode_utf8)
C:/devkitPro/libnx/lib\libnx.a(svc.o)
                              i2c.o (svcSleepThread)
C:/devkitPro/libnx/lib\libnx.a(readtp.o)
                              C:/devkitPro/libnx/lib\libnx.a(fs.o) (__aarch64_read_tp)
C:/devkitPro/libnx/lib\libnx.a(switch_crt0.o)
                              (_start)
C:/devkitPro/libnx/lib\libnx.a(event.o)
                              C:/devkitPro/libnx/lib\libnx.a(fs.o) (eventLoadRemote)
C:/devkitPro/libnx/lib\libnx.a(mutex.o)
                              C:/devkitPro/libnx/lib\libnx.a(bpc.o) (mutexLock)
C:/devkitPro/libnx/lib\libnx.a(wait.o)
                              C:/devkitPro/libnx/lib\libnx.a(event.o) (waitObjects)
C:/devkitPro/libnx/lib\libnx.a(sessionmgr.o)
                              C:/devkitPro/libnx/lib\libnx.a(fs.o) (sessionmgrCreate)
C:/devkitPro/libnx/lib\libnx.a(time.o)
                              C:/devkitPro/libnx/lib\libnx.a(fs_dev.o) (timeToPosixTimeWithMyRule)
C:/devkitPro/libnx/lib\libnx.a(alloc.o)
                              C:/devkitPro/libnx/lib\libnx.a(fs_dev.o) (__libnx_alloc)
C:/devkitPro/libnx/lib\libnx.a(argv.o)
                              C:/devkitPro/libnx/lib\libnx.a(fs_dev.o) (__system_argc)
C:/devkitPro/libnx/lib\libnx.a(dynamic.o)
                              C:/devkitPro/libnx/lib\libnx.a(switch_crt0.o) (__nx_dynamic)
C:/devkitPro/libnx/lib\libnx.a(env.o)
                              C:/devkitPro/libnx/lib\libnx.a(fs_dev.o) (envIsNso)
C:/devkitPro/libnx/lib\libnx.a(init.o)
                              C:/devkitPro/libnx/lib\libnx.a(switch_crt0.o) (__libnx_init)
C:/devkitPro/libnx/lib\libnx.a(newlib.o)
                              C:/devkitPro/libnx/lib\libnx.a(init.o) (__libnx_init_time)
C:/devkitPro/libnx/lib\libnx.a(nxlink.o)
                              C:/devkitPro/libnx/lib\libnx.a(argv.o) (nxlinkSetup)
C:/devkitPro/libnx/lib\libnx.a(exception.o)
                              C:/devkitPro/libnx/lib\libnx.a(switch_crt0.o) (__libnx_exception_entry)
C:/devkitPro/libnx/lib\libnx.a(condvar.o)
                              C:/devkitPro/libnx/lib\libnx.a(sessionmgr.o) (condvarWaitTimeout)
C:/devkitPro/libnx/lib\libnx.a(shmem.o)
                              C:/devkitPro/libnx/lib\libnx.a(time.o) (shmemLoadRemote)
C:/devkitPro/libnx/lib\libnx.a(thread.o)
                              C:/devkitPro/libnx/lib\libnx.a(init.o) (__libnx_init_thread)
C:/devkitPro/libnx/lib\libnx.a(virtmem.o)
                              C:/devkitPro/libnx/lib\libnx.a(init.o) (virtmemSetup)
C:/devkitPro/libnx/lib\libnx.a(applet.o)
                              C:/devkitPro/libnx/lib\libnx.a(init.o) (appletExit)
C:/devkitPro/libnx/lib\libnx.a(hid.o)
                              C:/devkitPro/libnx/lib\libnx.a(init.o) (hidInitialize)
C:/devkitPro/libnx/lib\libnx.a(random.o)
                              C:/devkitPro/libnx/lib\libnx.a(virtmem.o) (randomGet64)
C:/devkitPro/libnx/lib\libnx.a(tmem.o)
                              C:/devkitPro/libnx/lib\libnx.a(applet.o) (tmemCreate)
C:/devkitPro/libnx/lib\libnx.a(apm.o)
                              C:/devkitPro/libnx/lib\libnx.a(applet.o) (apmInitialize)
C:/devkitPro/devkitA64/bin/../lib/gcc/aarch64-none-elf/15.1.0/../../../../aarch64-none-elf/lib/pic\libstdc++.a(del_ops.o)
                              main.o (operator delete(void*, unsigned long))
C:/devkitPro/devkitA64/bin/../lib/gcc/aarch64-none-elf/15.1.0/../../../../aarch64-none-elf/lib/pic\libstdc++.a(string-inst.o)
                              main.o (std::__cxx11::basic_string<char, std::char_traits<char>, std::allocator<char> >::_M_create(unsigned long&, unsigned long))
[...]
Memory Configuration

Name             Origin             Length             Attributes
*default*        0x0000000000000000 0xffffffffffffffff

Linker script and memory map

                0x0000000000000000                PROVIDE (__start__ = 0x0)
                0x0000000000000000                . = __start__
                [!provide]                        PROVIDE (__code_start = .)

.text           0x0000000000000000    0x1dd90
 *(.crt0)
 .crt0          0x0000000000000000      0x130 C:/devkitPro/libnx/lib\libnx.a(switch_crt0.o)
                0x0000000000000000                _start
                0x00000000000000e0                __nx_exit
                0x00000000000000f0                __nx_mod0
 *(.text.unlikely .text.*_unlikely .text.unlikely.*)
 .text.unlikely._ZSt9terminatev
                0x0000000000000130       0x10 C:/devkitPro/devkitA64/bin/../lib/gcc/aarch64-none-elf/15.1.0/../../../../aarch64-none-elf/lib/pic\libstdc++.a(eh_terminate.o)
                0x0000000000000130                std::terminate()
 .text.unlikely._ZSt10unexpectedv
                0x0000000000000140       0x10 C:/devkitPro/devkitA64/bin/../lib/gcc/aarch64-none-elf/15.1.0/../../../../aarch64-none-elf/lib/pic\libstdc++.a(eh_terminate.o)
                0x0000000000000140                std::unexpected()
 .text.unlikely._ZSt19__throw_logic_errorPKc
                0x0000000000000150       0x50 C:/devkitPro/devkitA64/bin/../lib/gcc/aarch64-none-elf/15.1.0/../../../../aarch64-none-elf/lib/pic\libstdc++.a(functexcept.o)
                0x0000000000000150                std::__throw_logic_error(char const*)
 .text.unlikely._ZSt20__throw_length_errorPKc
                0x00000000000001a0       0x50 C:/devkitPro/devkitA64/bin/../lib/gcc/aarch64-none-elf/15.1.0/../../../../aarch64-none-elf/lib/pic\libstdc++.a(functexcept.o)
                0x00000000000001a0                std::__throw_length_error(char const*)
 .text.unlikely._ZN9__gnu_cxx30__throw_concurrence_lock_errorEv
                0x00000000000001f0       0x34 C:/devkitPro/devkitA64/bin/../lib/gcc/aarch64-none-elf/15.1.0/../../../../aarch64-none-elf/lib/pic\libstdc++.a(eh_alloc.o)
                0x00000000000001f0                __gnu_cxx::__throw_concurrence_lock_error()
 .text.unlikely._ZN9__gnu_cxx32__throw_concurrence_unlock_errorEv
                0x0000000000000224       0x34 C:/devkitPro/devkitA64/bin/../lib/gcc/aarch64-none-elf/15.1.0/../../../../aarch64-none-elf/lib/pic\libstdc++.a(eh_alloc.o)
                0x0000000000000224                __gnu_cxx::__throw_concurrence_unlock_error()
 .text.unlikely.__cxa_call_terminate
                0x0000000000000258       0x44 C:/devkitPro/devkitA64/bin/../lib/gcc/aarch64-none-elf/15.1.0/../../../../aarch64-none-elf/lib/pic\libstdc++.a(eh_call.o)
                0x0000000000000258                __cxa_call_terminate
 *(.text.exit .text.exit.*)
 *fill*         0x000000000000029c        0x4 
 .text.exit._GLOBAL__sub_D_eh_globals.cc
                0x00000000000002a0       0x34 C:/devkitPro/devkitA64/bin/../lib/gcc/aarch64-none-elf/15.1.0/../../../../aarch64-none-elf/lib/pic\libstdc++.a(eh_globals.o)
 *fill*         0x00000000000002d4        0xc 
 .text.exit     0x00000000000002e0       0x34 C:/devkitPro/devkitA64/bin/../lib/gcc/aarch64-none-elf/15.1.0/../../../../aarch64-none-elf/lib/pic\libg.a(libc_a-exit.o)
                0x00000000000002e0                exit
 *(.text.startup .text.startup.*)
 *fill*         0x0000000000000314        0xc 
 .text.startup.main
                0x0000000000000320      0x13c main.o
                0x0000000000000320                main
 *fill*         0x000000000000045c        0x4 
 .text.startup._GLOBAL__sub_I_eh_globals.cc
                0x0000000000000460       0x38 C:/devkitPro/devkitA64/bin/../lib/gcc/aarch64-none-elf/15.1.0/../../../../aarch64-none-elf/lib/pic\libstdc++.a(eh_globals.o)
 *fill*         0x0000000000000498        0x8 
 .text.startup._GLOBAL__sub_I_eh_alloc.cc
                0x00000000000004a0      0x1f0 C:/devkitPro/devkitA64/bin/../lib/gcc/aarch64-none-elf/15.1.0/../../../../aarch64-none-elf/lib/pic\libstdc++.a(eh_alloc.o)
 *(.text.hot .text.hot.*)
 *(.text .stub .text.* .gnu.linkonce.t.*)
 *fill*         0x0000000000000690       0x10 
 .text.__do_global_dtors_aux
                0x00000000000006a0       0x50 C:/devkitPro/devkitA64/bin/../lib/gcc/aarch64-none-elf/15.1.0/pic/crtbegin.o
 *fill*         0x00000000000006f0       0x10 
 .text.frame_dummy
                0x0000000000000700       0x24 C:/devkitPro/devkitA64/bin/../lib/gcc/aarch64-none-elf/15.1.0/pic/crtbegin.o
 *fill*         0x0000000000000724        0xc 
 .text._Z13I2cRead_OutU89I2cDevicehPh
                0x0000000000000730       0xcc i2c.o
                0x0000000000000730                I2cRead_OutU8(I2cDevice, unsigned char, unsigned char*)
 *fill*         0x00000000000007fc        0x4 
 .text._Z37I2c_Bq24193_SetFastChargeCurrentLimitj
                0x0000000000000800       0xd8 i2c.o
                0x0000000000000800                I2c_Bq24193_SetFastChargeCurrentLimit(unsigned int)
 *fill*         0x00000000000008d8        0x8 
 .text._Z33I2c_Bq24193_SetChargeVoltageLimitj
                0x00000000000008e0       0xd8 i2c.o
                0x00000000000008e0                I2c_Bq24193_SetChargeVoltageLimit(unsigned int)
 *fill*         0x00000000000009b8        0x8 
 .text._ZL29psmGetBatteryChargeInfoFieldsP17BatteryChargeInfo
                0x00000000000009c0      0x134 main.o
 *fill*         0x0000000000000af4        0xc 
 .text._ZL33psmEnableBatteryCharging_internalv
                0x0000000000000b00      0x10c main.o
 *fill*         0x0000000000000c0c        0x4 
 .text._ZL34psmDisableBatteryCharging_internalv
                0x0000000000000c10      0x10c main.o
 *fill*         0x0000000000000d1c        0x4 
 .text._Z17LoadSysLihvConfigP13SysLihvConfig
                0x0000000000000d20      0x4e8 main.o
                0x0000000000000d20                LoadSysLihvConfig(SysLihvConfig*)
 *fill*         0x0000000000001208        0x8 
 .text.ini_strncpy.isra.0
                0x0000000000001210      0x294 minIni.o
 *fill*         0x00000000000014a4        0xc 
 .text.cleanstring.part.0
                0x00000000000014b0      0x130 minIni.o
 .text.getkeystring
                0x00000000000015e0      0x4a4 minIni.o
 *fill*         0x0000000000001a84        0xc 
 .text.ini_gets.part.0
                0x0000000000001a90       0xb8 minIni.o
 *fill*         0x0000000000001b48        0x8 
 .text.ini_getl
                0x0000000000001b50       0xb0 minIni.o
                0x0000000000001b50                ini_getl
 .text._bpcCmdNoIO.constprop.0
                0x0000000000001c00       0xbc C:/devkitPro/libnx/lib\libnx.a(bpc.o)
 *fill*         0x0000000000001cbc        0x4 
 .text.bpcShutdownSystem
                0x0000000000001cc0        0x8 C:/devkitPro/libnx/lib\libnx.a(bpc.o)
                0x0000000000001cc0                bpcShutdownSystem
 *fill*         0x0000000000001cc8        0x8 
 .text._fsCleanup
                0x0000000000001cd0       0xb4 C:/devkitPro/libnx/lib\libnx.a(fs.o)
 *fill*         0x0000000000001d84        0xc 
 .text._fsCmdNoIO
                0x0000000000001d90      0x1c0 C:/devkitPro/libnx/lib\libnx.a(fs.o)
 .text._fsFsCmdWithInPath
                0x0000000000001f50      0x1e0 C:/devkitPro/libnx/lib\libnx.a(fs.o)
 .text._fsFsCmdWithTwoInPaths
                0x0000000000002130      0x1f8 C:/devkitPro/libnx/lib\libnx.a(fs.o)
 *fill*         0x0000000000002328        0x8 
 .text._fsFsOpenCommon
                0x0000000000002330      0x28c C:/devkitPro/libnx/lib\libnx.a(fs.o)
 *fill*         0x00000000000025bc        0x4 
 .text._fsFsCmdWithInPathAndOutU64
                0x00000000000025c0      0x1fc C:/devkitPro/libnx/lib\libnx.a(fs.o)
 *fill*         0x00000000000027bc        0x4 
 .text._fsObjectClose
                0x00000000000027c0       0xf8 C:/devkitPro/libnx/lib\libnx.a(fs.o)
 *fill*         0x00000000000028b8        0x8 
 .text._fsCmdGetSession.constprop.0
                0x00000000000028c0      0x17c C:/devkitPro/libnx/lib\libnx.a(fs.o)
 *fill*         0x0000000000002a3c        0x4 
 .text.fsInitialize
                0x0000000000002a40      0x2f8 C:/devkitPro/libnx/lib\libnx.a(fs.o)
                0x0000000000002a40                fsInitialize
 *fill*         0x0000000000002d38        0x8 
 .text.fsExit   0x0000000000002d40       0x48 C:/devkitPro/libnx/lib\libnx.a(fs.o)
                0x0000000000002d40                fsExit
 *fill*         0x0000000000002d88        0x8 
 .text.fsOpenSdCardFileSystem
                0x0000000000002d90        0x8 C:/devkitPro/libnx/lib\libnx.a(fs.o)
                0x0000000000002d90                fsOpenSdCardFileSystem
 *fill*         0x0000000000002d98        0x8 
 .text.fsFsCreateFile
                0x0000000000002da0      0x1ec C:/devkitPro/libnx/lib\libnx.a(fs.o)
                0x0000000000002da0                fsFsCreateFile
 *fill*         0x0000000000002f8c        0x4 
 .text.fsFsDeleteFile
                0x0000000000002f90        0x8 C:/devkitPro/libnx/lib\libnx.a(fs.o)
                0x0000000000002f90                fsFsDeleteFile
 *fill*         0x0000000000002f98        0x8 
 .text.fsFsCreateDirectory
                0x0000000000002fa0        0x8 C:/devkitPro/libnx/lib\libnx.a(fs.o)
                0x0000000000002fa0                fsFsCreateDirectory
 *fill*         0x0000000000002fa8        0x8 
 .text.fsFsDeleteDirectory
                0x0000000000002fb0        0x8 C:/devkitPro/libnx/lib\libnx.a(fs.o)
                0x0000000000002fb0                fsFsDeleteDirectory
 *fill*         0x0000000000002fb8        0x8 
 .text.fsFsRenameFile
                0x0000000000002fc0        0x8 C:/devkitPro/libnx/lib\libnx.a(fs.o)
                0x0000000000002fc0                fsFsRenameFile
 *fill*         0x0000000000002fc8        0x8 
 .text.fsFsRenameDirectory
                0x0000000000002fd0        0x8 C:/devkitPro/libnx/lib\libnx.a(fs.o)
                0x0000000000002fd0                fsFsRenameDirectory
 *fill*         0x0000000000002fd8        0x8 
 .text.fsFsGetEntryType
                0x0000000000002fe0      0x1f0 C:/devkitPro/libnx/lib\libnx.a(fs.o)
                0x0000000000002fe0                fsFsGetEntryType
 .text.fsFsOpenFile
                0x00000000000031d0        0x8 C:/devkitPro/libnx/lib\libnx.a(fs.o)
                0x00000000000031d0                fsFsOpenFile
 *fill*         0x00000000000031d8        0x8 
 .text.fsFsOpenDirectory
                0x00000000000031e0        0x8 C:/devkitPro/libnx/lib\libnx.a(fs.o)
                0x00000000000031e0                fsFsOpenDirectory
 *fill*         0x00000000000031e8        0x8 
 .text.fsFsGetFreeSpace
                0x00000000000031f0        0x8 C:/devkitPro/libnx/lib\libnx.a(fs.o)
                0x00000000000031f0                fsFsGetFreeSpace
 *fill*         0x00000000000031f8        0x8 
 .text.fsFsGetTotalSpace
                0x0000000000003200        0x8 C:/devkitPro/libnx/lib\libnx.a(fs.o)
                0x0000000000003200                fsFsGetTotalSpace
 *fill*         0x0000000000003208        0x8 
 .text.fsFsGetFileTimeStampRaw
                0x0000000000003210      0x230 C:/devkitPro/libnx/lib\libnx.a(fs.o)
                0x0000000000003210                fsFsGetFileTimeStampRaw
 .text.fsFsClose
                0x0000000000003440        0x4 C:/devkitPro/libnx/lib\libnx.a(fs.o)
                0x0000000000003440                fsFsClose
 *fill*         0x0000000000003444        0xc 
 .text.fsFileRead
                0x0000000000003450      0x214 C:/devkitPro/libnx/lib\libnx.a(fs.o)
                0x0000000000003450                fsFileRead
 *fill*         0x0000000000003664        0xc 
 .text.fsFileWrite
                0x0000000000003670      0x1f8 C:/devkitPro/libnx/lib\libnx.a(fs.o)
                0x0000000000003670                fsFileWrite
 *fill*         0x0000000000003868        0x8 
 .text.fsFileFlush
                0x0000000000003870        0x8 C:/devkitPro/libnx/lib\libnx.a(fs.o)
                0x0000000000003870                fsFileFlush
 *fill*         0x0000000000003878        0x8 
 .text.fsFileSetSize
                0x0000000000003880      0x1c0 C:/devkitPro/libnx/lib\libnx.a(fs.o)
                0x0000000000003880                fsFileSetSize
 .text.fsFileGetSize
                0x0000000000003a40      0x1d4 C:/devkitPro/libnx/lib\libnx.a(fs.o)
                0x0000000000003a40                fsFileGetSize
 *fill*         0x0000000000003c14        0xc 
 .text.fsFileClose
                0x0000000000003c20        0x4 C:/devkitPro/libnx/lib\libnx.a(fs.o)
                0x0000000000003c20                fsFileClose
 *fill*         0x0000000000003c24        0xc 
 .text.fsDirClose
                0x0000000000003c30        0x4 C:/devkitPro/libnx/lib\libnx.a(fs.o)
                0x0000000000003c30                fsDirClose
 *fill*         0x0000000000003c34        0xc 
 .text.fsDirRead
                0x0000000000003c40      0x204 C:/devkitPro/libnx/lib\libnx.a(fs.o)
                0x0000000000003c40                fsDirRead
 *fill*         0x0000000000003e44        0xc 
 .text.i2cOpenSession
                0x0000000000003e50      0x104 C:/devkitPro/libnx/lib\libnx.a(i2c.o)
                0x0000000000003e50                i2cOpenSession
 *fill*         0x0000000000003f54        0xc 
 .text.i2csessionSendAuto
                0x0000000000003f60      0x138 C:/devkitPro/libnx/lib\libnx.a(i2c.o)
                0x0000000000003f60                i2csessionSendAuto
 *fill*         0x0000000000004098        0x8 
 .text.i2csessionReceiveAuto
                0x00000000000040a0      0x12c C:/devkitPro/libnx/lib\libnx.a(i2c.o)
                0x00000000000040a0                i2csessionReceiveAuto
 *fill*         0x00000000000041cc        0x4 
 .text.i2csessionClose
                0x00000000000041d0       0x64 C:/devkitPro/libnx/lib\libnx.a(i2c.o)
                0x00000000000041d0                i2csessionClose
 *fill*         0x0000000000004234        0xc 
 .text._setsysGetFirmwareVersionImpl
                0x0000000000004240       0xd0 C:/devkitPro/libnx/lib\libnx.a(set.o)
 .text._setsysCleanup
                0x0000000000004310       0x78 C:/devkitPro/libnx/lib\libnx.a(set.o)
 *fill*         0x0000000000004388        0x8 
 .text.setsysInitialize
                0x0000000000004390       0xa0 C:/devkitPro/libnx/lib\libnx.a(set.o)
                0x0000000000004390                setsysInitialize
 .text.setsysExit
                0x0000000000004430       0x48 C:/devkitPro/libnx/lib\libnx.a(set.o)
                0x0000000000004430                setsysExit
 *fill*         0x0000000000004478        0x8 
 .text.setsysGetFirmwareVersion
                0x0000000000004480       0x48 C:/devkitPro/libnx/lib\libnx.a(set.o)
                0x0000000000004480                setsysGetFirmwareVersion
 *fill*         0x00000000000044c8        0x8 
 .text._smCmifCmdInPid
                0x00000000000044d0       0xcc C:/devkitPro/libnx/lib\libnx.a(sm.o)
 *fill*         0x000000000000459c        0x4 
 .text._smCleanup
                0x00000000000045a0       0x78 C:/devkitPro/libnx/lib\libnx.a(sm.o)
 *fill*         0x0000000000004618        0x8 
 .text.smAddOverrideHandle
                0x0000000000004620       0x48 C:/devkitPro/libnx/lib\libnx.a(sm.o)
                0x0000000000004620                smAddOverrideHandle
 *fill*         0x0000000000004668        0x8 
 .text.smGetServiceOverride
                0x0000000000004670       0x54 C:/devkitPro/libnx/lib\libnx.a(sm.o)
                0x0000000000004670                smGetServiceOverride
 *fill*         0x00000000000046c4        0xc 
 .text.smInitialize
                0x00000000000046d0      0x1ac C:/devkitPro/libnx/lib\libnx.a(sm.o)
                0x00000000000046d0                smInitialize
 *fill*         0x000000000000487c        0x4 
 .text.smExit   0x0000000000004880       0x48 C:/devkitPro/libnx/lib\libnx.a(sm.o)
                0x0000000000004880                smExit
 *fill*         0x00000000000048c8        0x8 
 .text.smGetServiceOriginal
                0x00000000000048d0       0xd0 C:/devkitPro/libnx/lib\libnx.a(sm.o)
                0x00000000000048d0                smGetServiceOriginal
 .text.smGetServiceWrapper
                0x00000000000049a0      0x120 C:/devkitPro/libnx/lib\libnx.a(sm.o)
                0x00000000000049a0                smGetServiceWrapper
 .text.splGetConfig
                0x0000000000004ac0      0x164 C:/devkitPro/libnx/lib\libnx.a(spl.o)
                0x0000000000004ac0                splGetConfig
 *fill*         0x0000000000004c24        0xc 
 .text.diagAbortWithResult
                0x0000000000004c30       0x1c C:/devkitPro/libnx/lib\libnx.a(diag.o)
                0x0000000000004c30                diagAbortWithResult
 *fill*         0x0000000000004c4c        0x4 
 .text.hosversionGet
                0x0000000000004c50       0x14 C:/devkitPro/libnx/lib\libnx.a(hosversion.o)
                0x0000000000004c50                hosversionGet
 *fill*         0x0000000000004c64        0xc 
 .text.hosversionSet
                0x0000000000004c70       0x10 C:/devkitPro/libnx/lib\libnx.a(hosversion.o)
                0x0000000000004c70                hosversionSet
 .text.fsdev_link
                0x0000000000004c80       0x10 C:/devkitPro/libnx/lib\libnx.a(fs_dev.o)
 .text.fsdev_dirreset
                0x0000000000004c90       0x10 C:/devkitPro/libnx/lib\libnx.a(fs_dev.o)
 .text.fsdev_chmod
                0x0000000000004ca0       0x10 C:/devkitPro/libnx/lib\libnx.a(fs_dev.o)
 .text.error_cmp
                0x0000000000004cb0       0x18 C:/devkitPro/libnx/lib\libnx.a(fs_dev.o)
 *fill*         0x0000000000004cc8        0x8 
 .text.fsdev_dirclose
                0x0000000000004cd0       0x20 C:/devkitPro/libnx/lib\libnx.a(fs_dev.o)
 .text.fsdev_close
                0x0000000000004cf0       0x1c C:/devkitPro/libnx/lib\libnx.a(fs_dev.o)
 *fill*         0x0000000000004d0c        0x4 
 .text.fsdev_converttimetoutc
                0x0000000000004d10       0x74 C:/devkitPro/libnx/lib\libnx.a(fs_dev.o)
 *fill*         0x0000000000004d84        0xc 
 .text.fsdevFindDevice.part.0
                0x0000000000004d90       0xd4 C:/devkitPro/libnx/lib\libnx.a(fs_dev.o)
 *fill*         0x0000000000004e64        0xc 
 .text.fsdev_fixpath
                0x0000000000004e70      0x1cc C:/devkitPro/libnx/lib\libnx.a(fs_dev.o)
 *fill*         0x000000000000503c        0x4 
 .text._fsdevUnmountDeviceStruct.part.0
                0x0000000000005040       0x9c C:/devkitPro/libnx/lib\libnx.a(fs_dev.o)
 *fill*         0x00000000000050dc        0x4 
 .text.fsdev_fchmod
                0x00000000000050e0       0x10 C:/devkitPro/libnx/lib\libnx.a(fs_dev.o)
 .text.fsdev_diropen
                0x00000000000050f0      0x100 C:/devkitPro/libnx/lib\libnx.a(fs_dev.o)
 .text.fsdev_statvfs
                0x00000000000051f0       0xf8 C:/devkitPro/libnx/lib\libnx.a(fs_dev.o)
 *fill*         0x00000000000052e8        0x8 
 .text.fsdev_fsync
                0x00000000000052f0       0x7c C:/devkitPro/libnx/lib\libnx.a(fs_dev.o)
 *fill*         0x000000000000536c        0x4 
 .text.fsdev_fstat
                0x0000000000005370       0xec C:/devkitPro/libnx/lib\libnx.a(fs_dev.o)
 *fill*         0x000000000000545c        0x4 
 .text.fsdev_ftruncate
                0x0000000000005460       0x94 C:/devkitPro/libnx/lib\libnx.a(fs_dev.o)
 *fill*         0x00000000000054f4        0xc 
 .text.fsdev_stat
                0x0000000000005500      0x1d8 C:/devkitPro/libnx/lib\libnx.a(fs_dev.o)
 *fill*         0x00000000000056d8        0x8 
 .text.fsdev_rename
                0x00000000000056e0      0x14c C:/devkitPro/libnx/lib\libnx.a(fs_dev.o)
 *fill*         0x000000000000582c        0x4 
 .text.fsdev_chdir
                0x0000000000005830      0x13c C:/devkitPro/libnx/lib\libnx.a(fs_dev.o)
 *fill*         0x000000000000596c        0x4 
 .text.fsdev_rmdir
                0x0000000000005970       0xa4 C:/devkitPro/libnx/lib\libnx.a(fs_dev.o)
 *fill*         0x0000000000005a14        0xc 
 .text.fsdev_mkdir
                0x0000000000005a20       0xa4 C:/devkitPro/libnx/lib\libnx.a(fs_dev.o)
 *fill*         0x0000000000005ac4        0xc 
 .text.fsdev_unlink
                0x0000000000005ad0       0xa4 C:/devkitPro/libnx/lib\libnx.a(fs_dev.o)
 *fill*         0x0000000000005b74        0xc 
 .text.fsdev_write_safe
                0x0000000000005b80      0x13c C:/devkitPro/libnx/lib\libnx.a(fs_dev.o)
 *fill*         0x0000000000005cbc        0x4 
 .text.fsdev_read_safe
                0x0000000000005cc0      0x134 C:/devkitPro/libnx/lib\libnx.a(fs_dev.o)
 *fill*         0x0000000000005df4        0xc 
 .text.fsdev_read
                0x0000000000005e00      0x100 C:/devkitPro/libnx/lib\libnx.a(fs_dev.o)
 .text.fsdev_dirnext
                0x0000000000005f00      0x1d4 C:/devkitPro/libnx/lib\libnx.a(fs_dev.o)
 *fill*         0x00000000000060d4        0xc 
 .text.fsdev_write
                0x00000000000060e0      0x124 C:/devkitPro/libnx/lib\libnx.a(fs_dev.o)
 *fill*         0x0000000000006204        0xc 
 .text.fsdev_seek
                0x0000000000006210      0x110 C:/devkitPro/libnx/lib\libnx.a(fs_dev.o)
 .text.fsdev_open
                0x0000000000006320      0x230 C:/devkitPro/libnx/lib\libnx.a(fs_dev.o)
 .text.fsdevMountDevice
                0x0000000000006550      0x324 C:/devkitPro/libnx/lib\libnx.a(fs_dev.o)
                0x0000000000006550                fsdevMountDevice
 *fill*         0x0000000000006874        0xc 
 .text.fsdevMountSdmc
                0x0000000000006880       0x40 C:/devkitPro/libnx/lib\libnx.a(fs_dev.o)
                0x0000000000006880                fsdevMountSdmc
 .text.__libnx_init_cwd
                0x00000000000068c0       0xbc C:/devkitPro/libnx/lib\libnx.a(fs_dev.o)
                0x00000000000068c0                __libnx_init_cwd
 *fill*         0x000000000000697c        0x4 
 .text.fsdevUnmountAll
                0x0000000000006980       0x64 C:/devkitPro/libnx/lib\libnx.a(fs_dev.o)
                0x0000000000006980                fsdevUnmountAll
 *fill*         0x00000000000069e4        0xc 
 .text.decode_utf8
                0x00000000000069f0      0x128 C:/devkitPro/libnx/lib\libnx.a(decode_utf8.o)
                0x00000000000069f0                decode_utf8
 .text.svcSetHeapSize
                0x0000000000006b18       0x14 C:/devkitPro/libnx/lib\libnx.a(svc.o)
                0x0000000000006b18                svcSetHeapSize
 .text.svcSetMemoryPermission
                0x0000000000006b2c        0x8 C:/devkitPro/libnx/lib\libnx.a(svc.o)
                0x0000000000006b2c                svcSetMemoryPermission
 .text.svcSetMemoryAttribute
                0x0000000000006b34        0x8 C:/devkitPro/libnx/lib\libnx.a(svc.o)
                0x0000000000006b34                svcSetMemoryAttribute
 .text.svcUnmapMemory
                0x0000000000006b3c        0x8 C:/devkitPro/libnx/lib\libnx.a(svc.o)
                0x0000000000006b3c                svcUnmapMemory
 .text.svcQueryMemory
                0x0000000000006b44       0x14 C:/devkitPro/libnx/lib\libnx.a(svc.o)
                0x0000000000006b44                svcQueryMemory
 .text.svcExitProcess
                0x0000000000006b58        0x8 C:/devkitPro/libnx/lib\libnx.a(svc.o)
                0x0000000000006b58                svcExitProcess
 .text.svcSleepThread
                0x0000000000006b60        0x8 C:/devkitPro/libnx/lib\libnx.a(svc.o)
                0x0000000000006b60                svcSleepThread
 .text.svcMapSharedMemory
                0x0000000000006b68        0x8 C:/devkitPro/libnx/lib\libnx.a(svc.o)
                0x0000000000006b68                svcMapSharedMemory
 .text.svcUnmapSharedMemory
                0x0000000000006b70        0x8 C:/devkitPro/libnx/lib\libnx.a(svc.o)
                0x0000000000006b70                svcUnmapSharedMemory
 .text.svcCloseHandle
                0x0000000000006b78        0x8 C:/devkitPro/libnx/lib\libnx.a(svc.o)
                0x0000000000006b78                svcCloseHandle
 .text.svcResetSignal
                0x0000000000006b80        0x8 C:/devkitPro/libnx/lib\libnx.a(svc.o)
                0x0000000000006b80                svcResetSignal
 .text.svcWaitSynchronization
                0x0000000000006b88       0x14 C:/devkitPro/libnx/lib\libnx.a(svc.o)
                0x0000000000006b88                svcWaitSynchronization
 .text.svcArbitrateLock
                0x0000000000006b9c        0x8 C:/devkitPro/libnx/lib\libnx.a(svc.o)
                0x0000000000006b9c                svcArbitrateLock
 .text.svcArbitrateUnlock
                0x0000000000006ba4        0x8 C:/devkitPro/libnx/lib\libnx.a(svc.o)
                0x0000000000006ba4                svcArbitrateUnlock
 .text.svcWaitProcessWideKeyAtomic
                0x0000000000006bac        0x8 C:/devkitPro/libnx/lib\libnx.a(svc.o)
                0x0000000000006bac                svcWaitProcessWideKeyAtomic
 .text.svcSignalProcessWideKey
                0x0000000000006bb4        0x8 C:/devkitPro/libnx/lib\libnx.a(svc.o)
                0x0000000000006bb4                svcSignalProcessWideKey
 .text.svcConnectToNamedPort
                0x0000000000006bbc       0x14 C:/devkitPro/libnx/lib\libnx.a(svc.o)
                0x0000000000006bbc                svcConnectToNamedPort
 .text.svcSendSyncRequest
                0x0000000000006bd0        0x8 C:/devkitPro/libnx/lib\libnx.a(svc.o)
                0x0000000000006bd0                svcSendSyncRequest
 .text.svcBreak
                0x0000000000006bd8        0x8 C:/devkitPro/libnx/lib\libnx.a(svc.o)
                0x0000000000006bd8                svcBreak
 .text.svcReturnFromException
                0x0000000000006be0        0x8 C:/devkitPro/libnx/lib\libnx.a(svc.o)
                0x0000000000006be0                svcReturnFromException
 .text.svcGetInfo
                0x0000000000006be8       0x14 C:/devkitPro/libnx/lib\libnx.a(svc.o)
                0x0000000000006be8                svcGetInfo
 .text.svcUnmapTransferMemory
                0x0000000000006bfc        0x8 C:/devkitPro/libnx/lib\libnx.a(svc.o)
                0x0000000000006bfc                svcUnmapTransferMemory
 .text.__aarch64_read_tp
                0x0000000000006c04        0xc C:/devkitPro/libnx/lib\libnx.a(readtp.o)
                0x0000000000006c04                __aarch64_read_tp
 .text.eventLoadRemote
                0x0000000000006c10        0xc C:/devkitPro/libnx/lib\libnx.a(event.o)
                0x0000000000006c10                eventLoadRemote
 *fill*         0x0000000000006c1c        0x4 
 .text.eventWait
                0x0000000000006c20       0x34 C:/devkitPro/libnx/lib\libnx.a(event.o)
                0x0000000000006c20                eventWait
 *fill*         0x0000000000006c54        0xc 
 .text.eventClose
                0x0000000000006c60       0x54 C:/devkitPro/libnx/lib\libnx.a(event.o)
                0x0000000000006c60                eventClose
 *fill*         0x0000000000006cb4        0xc 
 .text.mutexLock
                0x0000000000006cc0       0xc8 C:/devkitPro/libnx/lib\libnx.a(mutex.o)
                0x0000000000006cc0                mutexLock
 *fill*         0x0000000000006d88        0x8 
 .text.mutexUnlock
                0x0000000000006d90       0x68 C:/devkitPro/libnx/lib\libnx.a(mutex.o)
                0x0000000000006d90                mutexUnlock
 *fill*         0x0000000000006df8        0x8 
 .text.mutexIsLockedByCurrentThread
                0x0000000000006e00       0x1c C:/devkitPro/libnx/lib\libnx.a(mutex.o)
                0x0000000000006e00                mutexIsLockedByCurrentThread
 *fill*         0x0000000000006e1c        0x4 
 .text.rmutexLock
                0x0000000000006e20       0x58 C:/devkitPro/libnx/lib\libnx.a(mutex.o)
                0x0000000000006e20                rmutexLock
 *fill*         0x0000000000006e78        0x8 
 .text.rmutexUnlock
                0x0000000000006e80       0x1c C:/devkitPro/libnx/lib\libnx.a(mutex.o)
                0x0000000000006e80                rmutexUnlock
 *fill*         0x0000000000006e9c        0x4 
 .text.waitObjects
                0x0000000000006ea0      0x57c C:/devkitPro/libnx/lib\libnx.a(wait.o)
                0x0000000000006ea0                waitObjects
 *fill*         0x000000000000741c        0x4 
 .text.sessionmgrCreate
                0x0000000000007420      0x184 C:/devkitPro/libnx/lib\libnx.a(sessionmgr.o)
                0x0000000000007420                sessionmgrCreate
 *fill*         0x00000000000075a4        0xc 
 .text.sessionmgrClose
                0x00000000000075b0       0x84 C:/devkitPro/libnx/lib\libnx.a(sessionmgr.o)
                0x00000000000075b0                sessionmgrClose
 *fill*         0x0000000000007634        0xc 
 .text.sessionmgrAttachClient
                0x0000000000007640       0xa8 C:/devkitPro/libnx/lib\libnx.a(sessionmgr.o)
                0x0000000000007640                sessionmgrAttachClient
 *fill*         0x00000000000076e8        0x8 
 .text.sessionmgrDetachClient
                0x00000000000076f0       0x60 C:/devkitPro/libnx/lib\libnx.a(sessionmgr.o)
                0x00000000000076f0                sessionmgrDetachClient
 .text._timeCleanup
                0x0000000000007750      0x27c C:/devkitPro/libnx/lib\libnx.a(time.o)
 *fill*         0x00000000000079cc        0x4 
 .text._timeCmdGetSession.constprop.0
                0x00000000000079d0      0x100 C:/devkitPro/libnx/lib\libnx.a(time.o)
 .text._timeReadClockFromSharedMem
                0x0000000000007ad0      0x104 C:/devkitPro/libnx/lib\libnx.a(time.o)
 *fill*         0x0000000000007bd4        0xc 
 .text.timeInitialize
                0x0000000000007be0      0x300 C:/devkitPro/libnx/lib\libnx.a(time.o)
                0x0000000000007be0                timeInitialize
 .text.timeExit
                0x0000000000007ee0       0x48 C:/devkitPro/libnx/lib\libnx.a(time.o)
                0x0000000000007ee0                timeExit
 *fill*         0x0000000000007f28        0x8 
 .text.timeGetServiceSession_SystemClock
                0x0000000000007f30       0x38 C:/devkitPro/libnx/lib\libnx.a(time.o)
                0x0000000000007f30                timeGetServiceSession_SystemClock
 *fill*         0x0000000000007f68        0x8 
 .text.timeGetCurrentTime
                0x0000000000007f70       0xfc C:/devkitPro/libnx/lib\libnx.a(time.o)
                0x0000000000007f70                timeGetCurrentTime
 *fill*         0x000000000000806c        0x4 
 .text.timeToCalendarTimeWithMyRule
                0x0000000000008070      0x108 C:/devkitPro/libnx/lib\libnx.a(time.o)
                0x0000000000008070                timeToCalendarTimeWithMyRule
 *fill*         0x0000000000008178        0x8 
 .text.timeToPosixTimeWithMyRule
                0x0000000000008180      0x114 C:/devkitPro/libnx/lib\libnx.a(time.o)
                0x0000000000008180                timeToPosixTimeWithMyRule
 *fill*         0x0000000000008294        0xc 
 .text.__libnx_alloc
                0x00000000000082a0        0x4 C:/devkitPro/libnx/lib\libnx.a(alloc.o)
                0x00000000000082a0                __libnx_alloc
 *fill*         0x00000000000082a4        0xc 
 .text.__libnx_free
                0x00000000000082b0        0x4 C:/devkitPro/libnx/lib\libnx.a(alloc.o)
                0x00000000000082b0                __libnx_free
 *fill*         0x00000000000082b4        0xc 
 .text.argvSetup
                0x00000000000082c0      0x314 C:/devkitPro/libnx/lib\libnx.a(argv.o)
                0x00000000000082c0                argvSetup
 *fill*         0x00000000000085d4        0xc 
 .text.__nx_dynamic
                0x00000000000085e0      0x1fc C:/devkitPro/libnx/lib\libnx.a(dynamic.o)
                0x00000000000085e0                __nx_dynamic
 *fill*         0x00000000000087dc        0x4 
 .text.envSetup
                0x00000000000087e0      0x208 C:/devkitPro/libnx/lib\libnx.a(env.o)
                0x00000000000087e0                envSetup
 *fill*         0x00000000000089e8        0x8 
 .text.envGetMainThreadHandle
                0x00000000000089f0       0x20 C:/devkitPro/libnx/lib\libnx.a(env.o)
                0x00000000000089f0                envGetMainThreadHandle
 .text.envIsNso
                0x0000000000008a10        0xc C:/devkitPro/libnx/lib\libnx.a(env.o)
                0x0000000000008a10                envIsNso
 *fill*         0x0000000000008a1c        0x4 
 .text.envHasHeapOverride
                0x0000000000008a20       0x14 C:/devkitPro/libnx/lib\libnx.a(env.o)
                0x0000000000008a20                envHasHeapOverride
 *fill*         0x0000000000008a34        0xc 
 .text.envGetHeapOverrideAddr
                0x0000000000008a40        0xc C:/devkitPro/libnx/lib\libnx.a(env.o)
                0x0000000000008a40                envGetHeapOverrideAddr
 *fill*         0x0000000000008a4c        0x4 
 .text.envGetHeapOverrideSize
                0x0000000000008a50        0xc C:/devkitPro/libnx/lib\libnx.a(env.o)
                0x0000000000008a50                envGetHeapOverrideSize
 *fill*         0x0000000000008a5c        0x4 
 .text.envHasArgv
                0x0000000000008a60       0x14 C:/devkitPro/libnx/lib\libnx.a(env.o)
                0x0000000000008a60                envHasArgv
 *fill*         0x0000000000008a74        0xc 
 .text.envGetArgv
                0x0000000000008a80        0xc C:/devkitPro/libnx/lib\libnx.a(env.o)
                0x0000000000008a80                envGetArgv
 *fill*         0x0000000000008a8c        0x4 
 .text.envGetExitFuncPtr
                0x0000000000008a90        0xc C:/devkitPro/libnx/lib\libnx.a(env.o)
                0x0000000000008a90                envGetExitFuncPtr
 *fill*         0x0000000000008a9c        0x4 
 .text.envSetExitFuncPtr
                0x0000000000008aa0        0xc C:/devkitPro/libnx/lib\libnx.a(env.o)
                0x0000000000008aa0                envSetExitFuncPtr
 *fill*         0x0000000000008aac        0x4 
 .text.envHasRandomSeed
                0x0000000000008ab0        0xc C:/devkitPro/libnx/lib\libnx.a(env.o)
                0x0000000000008ab0                envHasRandomSeed
 *fill*         0x0000000000008abc        0x4 
 .text.envGetRandomSeed
                0x0000000000008ac0       0x10 C:/devkitPro/libnx/lib\libnx.a(env.o)
                0x0000000000008ac0                envGetRandomSeed
 .text.__libnx_initheap
                0x0000000000008ad0       0xd0 C:/devkitPro/libnx/lib\libnx.a(init.o)
                0x0000000000008ad0                __libnx_initheap
 .text.__appInit
                0x0000000000008ba0       0xec C:/devkitPro/libnx/lib\libnx.a(init.o)
                0x0000000000008ba0                __appInit
 *fill*         0x0000000000008c8c        0x4 
 .text.__appExit
                0x0000000000008c90       0x44 C:/devkitPro/libnx/lib\libnx.a(init.o)
                0x0000000000008c90                __appExit
 *fill*         0x0000000000008cd4        0xc 
 .text.__libnx_init
                0x0000000000008ce0       0x2c C:/devkitPro/libnx/lib\libnx.a(init.o)
                0x0000000000008ce0                __libnx_init
 *fill*         0x0000000000008d0c        0x4 
 .text.__libnx_exit
                0x0000000000008d10       0x1c C:/devkitPro/libnx/lib\libnx.a(init.o)
                0x0000000000008d10                __libnx_exit
 *fill*         0x0000000000008d2c        0x4 
 .text.__syscall_exit
                0x0000000000008d30       0x1c C:/devkitPro/libnx/lib\libnx.a(newlib.o)
                0x0000000000008d30                __syscall_exit
 *fill*         0x0000000000008d4c        0x4 
 .text.__syscall_getreent
                0x0000000000008d50       0x34 C:/devkitPro/libnx/lib\libnx.a(newlib.o)
                0x0000000000008d50                __syscall_getreent
 *fill*         0x0000000000008d84        0xc 
 .text.__syscall_lock_acquire
                0x0000000000008d90        0x4 C:/devkitPro/libnx/lib\libnx.a(newlib.o)
                0x0000000000008d90                __syscall_lock_acquire
 *fill*         0x0000000000008d94        0xc 
 .text.__syscall_lock_release
                0x0000000000008da0        0x4 C:/devkitPro/libnx/lib\libnx.a(newlib.o)
                0x0000000000008da0                __syscall_lock_release
 *fill*         0x0000000000008da4        0xc 
 .text.__syscall_lock_acquire_recursive
                0x0000000000008db0        0x4 C:/devkitPro/libnx/lib\libnx.a(newlib.o)
                0x0000000000008db0                __syscall_lock_acquire_recursive
 *fill*         0x0000000000008db4        0xc 
 .text.__syscall_lock_release_recursive
                0x0000000000008dc0        0x4 C:/devkitPro/libnx/lib\libnx.a(newlib.o)
                0x0000000000008dc0                __syscall_lock_release_recursive
 *fill*         0x0000000000008dc4        0xc 
 .text.__syscall_cond_broadcast
                0x0000000000008dd0       0x1c C:/devkitPro/libnx/lib\libnx.a(newlib.o)
                0x0000000000008dd0                __syscall_cond_broadcast
 *fill*         0x0000000000008dec        0x4 
 .text.__syscall_cond_wait
                0x0000000000008df0       0x3c C:/devkitPro/libnx/lib\libnx.a(newlib.o)
                0x0000000000008df0                __syscall_cond_wait
 *fill*         0x0000000000008e2c        0x4 
 .text.__syscall_tls_create
                0x0000000000008e30       0x40 C:/devkitPro/libnx/lib\libnx.a(newlib.o)
                0x0000000000008e30                __syscall_tls_create
 .text.__syscall_tls_set
                0x0000000000008e70       0x18 C:/devkitPro/libnx/lib\libnx.a(newlib.o)
                0x0000000000008e70                __syscall_tls_set
 *fill*         0x0000000000008e88        0x8 
 .text.__syscall_tls_get
                0x0000000000008e90        0x4 C:/devkitPro/libnx/lib\libnx.a(newlib.o)
                0x0000000000008e90                __syscall_tls_get
 *fill*         0x0000000000008e94        0xc 
 .text.__syscall_tls_delete
                0x0000000000008ea0       0x18 C:/devkitPro/libnx/lib\libnx.a(newlib.o)
                0x0000000000008ea0                __syscall_tls_delete
 *fill*         0x0000000000008eb8        0x8 
 .text.__libnx_init_time
                0x0000000000008ec0      0x25c C:/devkitPro/libnx/lib\libnx.a(newlib.o)
                0x0000000000008ec0                __libnx_init_time
 *fill*         0x000000000000911c        0x4 
 .text.newlibSetup
                0x0000000000009120       0x98 C:/devkitPro/libnx/lib\libnx.a(newlib.o)
                0x0000000000009120                newlibSetup
 *fill*         0x00000000000091b8        0x8 
 .text.nxlinkSetup
                0x00000000000091c0       0xe8 C:/devkitPro/libnx/lib\libnx.a(nxlink.o)
                0x00000000000091c0                nxlinkSetup
 .text.__libnx_exception_entry
                0x00000000000092a8      0x1c0 C:/devkitPro/libnx/lib\libnx.a(exception.o)
                0x00000000000092a8                __libnx_exception_entry
 .text.__libnx_exception_returnentry
                0x0000000000009468       0x18 C:/devkitPro/libnx/lib\libnx.a(exception.o)
                0x0000000000009468                __libnx_exception_returnentry
 .text.condvarWaitTimeout
                0x0000000000009480       0x70 C:/devkitPro/libnx/lib\libnx.a(condvar.o)
                0x0000000000009480                condvarWaitTimeout
 .text.shmemLoadRemote
                0x00000000000094f0       0x14 C:/devkitPro/libnx/lib\libnx.a(shmem.o)
                0x00000000000094f0                shmemLoadRemote
 *fill*         0x0000000000009504        0xc 
 .text.shmemMap
                0x0000000000009510       0x70 C:/devkitPro/libnx/lib\libnx.a(shmem.o)
                0x0000000000009510                shmemMap
 .text.shmemUnmap
                0x0000000000009580       0x34 C:/devkitPro/libnx/lib\libnx.a(shmem.o)
                0x0000000000009580                shmemUnmap
 *fill*         0x00000000000095b4        0xc 
 .text.shmemClose
                0x00000000000095c0       0x4c C:/devkitPro/libnx/lib\libnx.a(shmem.o)
                0x00000000000095c0                shmemClose
 *fill*         0x000000000000960c        0x4 
 .text.__libnx_init_thread
                0x0000000000009610       0xb0 C:/devkitPro/libnx/lib\libnx.a(thread.o)
                0x0000000000009610                __libnx_init_thread
 .text.threadTlsGet
                0x00000000000096c0       0x10 C:/devkitPro/libnx/lib\libnx.a(thread.o)
                0x00000000000096c0                threadTlsGet
 .text.threadTlsSet
                0x00000000000096d0       0x10 C:/devkitPro/libnx/lib\libnx.a(thread.o)
                0x00000000000096d0                threadTlsSet
 .text.threadTlsAlloc
                0x00000000000096e0       0xd8 C:/devkitPro/libnx/lib\libnx.a(thread.o)
                0x00000000000096e0                threadTlsAlloc
 *fill*         0x00000000000097b8        0x8 
 .text.threadTlsFree
                0x00000000000097c0       0x44 C:/devkitPro/libnx/lib\libnx.a(thread.o)
                0x00000000000097c0                threadTlsFree
 *fill*         0x0000000000009804        0xc 
 .text._memregionInitWithInfo
                0x0000000000009810       0x64 C:/devkitPro/libnx/lib\libnx.a(virtmem.o)
 *fill*         0x0000000000009874        0xc 
 .text.__libnx_virtmem_rng
                0x0000000000009880        0x4 C:/devkitPro/libnx/lib\libnx.a(virtmem.o)
                0x0000000000009880                __libnx_virtmem_rng
 *fill*         0x0000000000009884        0xc 
 .text._memregionFindRandom
                0x0000000000009890      0x164 C:/devkitPro/libnx/lib\libnx.a(virtmem.o)
 *fill*         0x00000000000099f4        0xc 
 .text.virtmemSetup
                0x0000000000009a00      0x140 C:/devkitPro/libnx/lib\libnx.a(virtmem.o)
                0x0000000000009a00                virtmemSetup
 .text.virtmemLock
                0x0000000000009b40        0xc C:/devkitPro/libnx/lib\libnx.a(virtmem.o)
                0x0000000000009b40                virtmemLock
 *fill*         0x0000000000009b4c        0x4 
 .text.virtmemUnlock
                0x0000000000009b50        0xc C:/devkitPro/libnx/lib\libnx.a(virtmem.o)
                0x0000000000009b50                virtmemUnlock
 *fill*         0x0000000000009b5c        0x4 
 .text.virtmemFindAslr
                0x0000000000009b60       0x50 C:/devkitPro/libnx/lib\libnx.a(virtmem.o)
                0x0000000000009b60                virtmemFindAslr
 .text._appletInfiniteSleepLoop
                0x0000000000009bb0       0x18 C:/devkitPro/libnx/lib\libnx.a(applet.o)
 *fill*         0x0000000000009bc8        0x8 
 .text._appletCmdGetSession
                0x0000000000009bd0      0x108 C:/devkitPro/libnx/lib\libnx.a(applet.o)
 *fill*         0x0000000000009cd8        0x8 
 .text._appletCmdInU8NoOut
                0x0000000000009ce0       0xcc C:/devkitPro/libnx/lib\libnx.a(applet.o)
 *fill*         0x0000000000009dac        0x4 
 .text._appletCmdInU32NoOut
                0x0000000000009db0       0xcc C:/devkitPro/libnx/lib\libnx.a(applet.o)
 *fill*         0x0000000000009e7c        0x4 
 .text._appletGetSessionProxy.constprop.0
                0x0000000000009e80      0x12c C:/devkitPro/libnx/lib\libnx.a(applet.o)
 *fill*         0x0000000000009fac        0x4 
 .text._appletOpenLibraryAppletProxy.constprop.0
                0x0000000000009fb0      0x148 C:/devkitPro/libnx/lib\libnx.a(applet.o)
 *fill*         0x000000000000a0f8        0x8 
 .text._appletCmdGetEvent
                0x000000000000a100       0xf8 C:/devkitPro/libnx/lib\libnx.a(applet.o)
 *fill*         0x000000000000a1f8        0x8 
 .text._appletCmdNoInOutU8.isra.0
                0x000000000000a200       0xd4 C:/devkitPro/libnx/lib\libnx.a(applet.o)
 *fill*         0x000000000000a2d4        0xc 
 .text._appletCmdNoInOutU32.isra.0
                0x000000000000a2e0       0xd4 C:/devkitPro/libnx/lib\libnx.a(applet.o)
 *fill*         0x000000000000a3b4        0xc 
 .text._appletCmdNoInOutU64.isra.0
                0x000000000000a3c0       0xd4 C:/devkitPro/libnx/lib\libnx.a(applet.o)
 *fill*         0x000000000000a494        0xc 
 .text._appletCmdNoIO.isra.0
                0x000000000000a4a0       0xc0 C:/devkitPro/libnx/lib\libnx.a(applet.o)
 .text.appletSetFocusHandlingMode
                0x000000000000a560      0x1b8 C:/devkitPro/libnx/lib\libnx.a(applet.o)
                0x000000000000a560                appletSetFocusHandlingMode
 *fill*         0x000000000000a718        0x8 
 .text.appletSetCpuBoostMode
                0x000000000000a720       0x5c C:/devkitPro/libnx/lib\libnx.a(applet.o)
                0x000000000000a720                appletSetCpuBoostMode
 *fill*         0x000000000000a77c        0x4 
 .text.appletGetAppletResourceUserId
                0x000000000000a780        0xc C:/devkitPro/libnx/lib\libnx.a(applet.o)
                0x000000000000a780                appletGetAppletResourceUserId
 *fill*         0x000000000000a78c        0x4 
 .text._appletHolderCreateState
                0x000000000000a790      0x138 C:/devkitPro/libnx/lib\libnx.a(applet.o)
 *fill*         0x000000000000a8c8        0x8 
 .text.appletHolderClose
                0x000000000000a8d0       0xb0 C:/devkitPro/libnx/lib\libnx.a(applet.o)
                0x000000000000a8d0                appletHolderClose
 .text.appletHolderGetLibraryAppletInfo
                0x000000000000a980       0x24 C:/devkitPro/libnx/lib\libnx.a(applet.o)
                0x000000000000a980                appletHolderGetLibraryAppletInfo
 *fill*         0x000000000000a9a4        0xc 
 .text.appletNotifyRunning
                0x000000000000a9b0       0x90 C:/devkitPro/libnx/lib\libnx.a(applet.o)
                0x000000000000a9b0                appletNotifyRunning
 .text.appletSetGamePlayRecordingState
                0x000000000000aa40       0x78 C:/devkitPro/libnx/lib\libnx.a(applet.o)
                0x000000000000aa40                appletSetGamePlayRecordingState
 *fill*         0x000000000000aab8        0x8 
 .text._appletCleanup
                0x000000000000aac0      0xad4 C:/devkitPro/libnx/lib\libnx.a(applet.o)
 *fill*         0x000000000000b594        0xc 
 .text.appletExit
                0x000000000000b5a0       0x48 C:/devkitPro/libnx/lib\libnx.a(applet.o)
                0x000000000000b5a0                appletExit
 *fill*         0x000000000000b5e8        0x8 
 .text.appletGetLibraryAppletInfo
                0x000000000000b5f0       0x40 C:/devkitPro/libnx/lib\libnx.a(applet.o)
                0x000000000000b5f0                appletGetLibraryAppletInfo
 .text.appletInitialize
                0x000000000000b630      0xc14 C:/devkitPro/libnx/lib\libnx.a(applet.o)
                0x000000000000b630                appletInitialize
 *fill*         0x000000000000c244        0xc 
 .text._appletExitProcess
                0x000000000000c250       0x24 C:/devkitPro/libnx/lib\libnx.a(applet.o)
 *fill*         0x000000000000c274        0xc 
 .text._hidCleanup
                0x000000000000c280      0x12c C:/devkitPro/libnx/lib\libnx.a(hid.o)
 *fill*         0x000000000000c3ac        0x4 
 .text.hidInitialize
                0x000000000000c3b0      0x26c C:/devkitPro/libnx/lib\libnx.a(hid.o)
                0x000000000000c3b0                hidInitialize
 *fill*         0x000000000000c61c        0x4 
 .text.hidExit  0x000000000000c620       0x48 C:/devkitPro/libnx/lib\libnx.a(hid.o)
                0x000000000000c620                hidExit
 *fill*         0x000000000000c668        0x8 
 .text.randomGet
                0x000000000000c670      0x410 C:/devkitPro/libnx/lib\libnx.a(random.o)
                0x000000000000c670                randomGet
 .text.randomGet64
                0x000000000000ca80       0x20 C:/devkitPro/libnx/lib\libnx.a(random.o)
                0x000000000000ca80                randomGet64
 .text.tmemUnmap
                0x000000000000caa0       0x34 C:/devkitPro/libnx/lib\libnx.a(tmem.o)
                0x000000000000caa0                tmemUnmap
 *fill*         0x000000000000cad4        0xc 
 .text.tmemCloseHandle
                0x000000000000cae0       0x30 C:/devkitPro/libnx/lib\libnx.a(tmem.o)
                0x000000000000cae0                tmemCloseHandle
 .text.tmemClose
                0x000000000000cb10       0x50 C:/devkitPro/libnx/lib\libnx.a(tmem.o)
                0x000000000000cb10                tmemClose
 .text._apmCleanup
                0x000000000000cb60       0xd4 C:/devkitPro/libnx/lib\libnx.a(apm.o)
 *fill*         0x000000000000cc34        0xc 
 .text.apmInitialize
                0x000000000000cc40      0x194 C:/devkitPro/libnx/lib\libnx.a(apm.o)
                0x000000000000cc40                apmInitialize
 *fill*         0x000000000000cdd4        0xc 
 .text.apmExit  0x000000000000cde0       0x48 C:/devkitPro/libnx/lib\libnx.a(apm.o)
                0x000000000000cde0                apmExit
 *fill*         0x000000000000ce28        0x8 
 .text.apmSetPerformanceConfiguration
                0x000000000000ce30       0xc8 C:/devkitPro/libnx/lib\libnx.a(apm.o)
                0x000000000000ce30                apmSetPerformanceConfiguration
 *fill*         0x000000000000cef8        0x8 
 .text._ZdlPvm  0x000000000000cf00        0x4 C:/devkitPro/devkitA64/bin/../lib/gcc/aarch64-none-elf/15.1.0/../../../../aarch64-none-elf/lib/pic\libstdc++.a(del_ops.o)
                0x000000000000cf00                operator delete(void*, unsigned long)
 *fill*         0x000000000000cf04       0x1c 
 .text._ZNSt7__cxx1112basic_stringIcSt11char_traitsIcESaIcEE9_M_createERmm
                0x000000000000cf20       0x5c C:/devkitPro/devkitA64/bin/../lib/gcc/aarch64-none-elf/15.1.0/../../../../aarch64-none-elf/lib/pic\libstdc++.a(string-inst.o)
                0x000000000000cf20                std::__cxx11::basic_string<char, std::char_traits<char>, std::allocator<char> >::_M_create(unsigned long&, unsigned long)
 *fill*         0x000000000000cf7c        0x4 
 .text._ZdlPv   0x000000000000cf80        0x4 C:/devkitPro/devkitA64/bin/../lib/gcc/aarch64-none-elf/15.1.0/../../../../aarch64-none-elf/lib/pic\libstdc++.a(del_op.o)
                0x000000000000cf80                operator delete(void*)
 *fill*         0x000000000000cf84       0x1c 
 .text.__cxa_begin_catch
                0x000000000000cfa0       0x9c C:/devkitPro/devkitA64/bin/../lib/gcc/aarch64-none-elf/15.1.0/../../../../aarch64-none-elf/lib/pic\libstdc++.a(eh_catch.o)
                0x000000000000cfa0                __cxa_begin_catch
 *fill*         0x000000000000d03c        0x4 
 .text._ZNSt9exceptionD2Ev
                0x000000000000d040        0x4 C:/devkitPro/devkitA64/bin/../lib/gcc/aarch64-none-elf/15.1.0/../../../../aarch64-none-elf/lib/pic\libstdc++.a(eh_exception.o)
                0x000000000000d040                std::exception::~exception()
                0x000000000000d040                std::exception::~exception()
 *fill*         0x000000000000d044       0x1c 
 .text._ZL15eh_globals_dtorPv
                0x000000000000d060       0x44 C:/devkitPro/devkitA64/bin/../lib/gcc/aarch64-none-elf/15.1.0/../../../../aarch64-none-elf/lib/pic\libstdc++.a(eh_globals.o)
 *fill*         0x000000000000d0a4       0x1c 
 .text.__cxa_get_globals
                0x000000000000d0c0       0x80 C:/devkitPro/devkitA64/bin/../lib/gcc/aarch64-none-elf/15.1.0/../../../../aarch64-none-elf/lib/pic\libstdc++.a(eh_globals.o)
                0x000000000000d0c0                __cxa_get_globals
 .text._ZL16get_adjusted_ptrPKSt9type_infoS1_PPv
                0x000000000000d140       0x7c C:/devkitPro/devkitA64/bin/../lib/gcc/aarch64-none-elf/15.1.0/../../../../aarch64-none-elf/lib/pic\libstdc++.a(eh_personality.o)
 *fill*         0x000000000000d1bc        0x4 
 .text._ZL28read_encoded_value_with_basehmPKhPm
                0x000000000000d1c0      0x138 C:/devkitPro/devkitA64/bin/../lib/gcc/aarch64-none-elf/15.1.0/../../../../aarch64-none-elf/lib/pic\libstdc++.a(eh_personality.o)
 *fill*         0x000000000000d2f8        0x8 
 .text._ZL21base_of_encoded_valuehP15_Unwind_Context
                0x000000000000d300       0x64 C:/devkitPro/devkitA64/bin/../lib/gcc/aarch64-none-elf/15.1.0/../../../../aarch64-none-elf/lib/pic\libstdc++.a(eh_personality.o)
 *fill*         0x000000000000d364       0x1c 
 .text._ZL20check_exception_specP16lsda_header_infoPKSt9type_infoPvl
                0x000000000000d380      0x108 C:/devkitPro/devkitA64/bin/../lib/gcc/aarch64-none-elf/15.1.0/../../../../aarch64-none-elf/lib/pic\libstdc++.a(eh_personality.o)
 *fill*         0x000000000000d488       0x18 
 .text._ZL17parse_lsda_headerP15_Unwind_ContextPKhP16lsda_header_info
                0x000000000000d4a0       0xf8 C:/devkitPro/devkitA64/bin/../lib/gcc/aarch64-none-elf/15.1.0/../../../../aarch64-none-elf/lib/pic\libstdc++.a(eh_personality.o)
 *fill*         0x000000000000d598        0x8 
 .text.__gxx_personality_v0
                0x000000000000d5a0      0x630 C:/devkitPro/devkitA64/bin/../lib/gcc/aarch64-none-elf/15.1.0/../../../../aarch64-none-elf/lib/pic\libstdc++.a(eh_personality.o)
                0x000000000000d5a0                __gxx_personality_v0
 *fill*         0x000000000000dbd0       0x10 
 .text._ZN10__cxxabiv111__terminateEPFvvE
                0x000000000000dbe0       0x18 C:/devkitPro/devkitA64/bin/../lib/gcc/aarch64-none-elf/15.1.0/../../../../aarch64-none-elf/lib/pic\libstdc++.a(eh_terminate.o)
                0x000000000000dbe0                __cxxabiv1::__terminate(void (*)())
 *fill*         0x000000000000dbf8        0x8 
 .text._ZSt13get_terminatev
                0x000000000000dc00       0x10 C:/devkitPro/devkitA64/bin/../lib/gcc/aarch64-none-elf/15.1.0/../../../../aarch64-none-elf/lib/pic\libstdc++.a(eh_terminate.o)
                0x000000000000dc00                std::get_terminate()
 *fill*         0x000000000000dc10       0x10 
 .text._ZN10__cxxabiv112__unexpectedEPFvvE
                0x000000000000dc20       0x10 C:/devkitPro/devkitA64/bin/../lib/gcc/aarch64-none-elf/15.1.0/../../../../aarch64-none-elf/lib/pic\libstdc++.a(eh_terminate.o)
                0x000000000000dc20                __cxxabiv1::__unexpected(void (*)())
 *fill*         0x000000000000dc30       0x10 
 .text._ZSt14get_unexpectedv
                0x000000000000dc40       0x10 C:/devkitPro/devkitA64/bin/../lib/gcc/aarch64-none-elf/15.1.0/../../../../aarch64-none-elf/lib/pic\libstdc++.a(eh_terminate.o)
                0x000000000000dc40                std::get_unexpected()
 *fill*         0x000000000000dc50       0x10 
 .text._ZL23__gxx_exception_cleanup19_Unwind_Reason_CodeP17_Unwind_Exception
                0x000000000000dc60       0x58 C:/devkitPro/devkitA64/bin/../lib/gcc/aarch64-none-elf/15.1.0/../../../../aarch64-none-elf/lib/pic\libstdc++.a(eh_throw.o)
 *fill*         0x000000000000dcb8        0x8 
 .text.__cxa_init_primary_exception
                0x000000000000dcc0       0x54 C:/devkitPro/devkitA64/bin/../lib/gcc/aarch64-none-elf/15.1.0/../../../../aarch64-none-elf/lib/pic\libstdc++.a(eh_throw.o)
                0x000000000000dcc0                __cxa_init_primary_exception
 *fill*         0x000000000000dd14        0xc 
 .text.__cxa_throw
                0x000000000000dd20       0x5c C:/devkitPro/devkitA64/bin/../lib/gcc/aarch64-none-elf/15.1.0/../../../../aarch64-none-elf/lib/pic\libstdc++.a(eh_throw.o)
                0x000000000000dd20                __cxa_throw
 *fill*         0x000000000000dd7c        0x4 
 .text._Znwm    0x000000000000dd80       0x68 C:/devkitPro/devkitA64/bin/../lib/gcc/aarch64-none-elf/15.1.0/../../../../aarch64-none-elf/lib/pic\libstdc++.a(new_op.o)
                0x000000000000dd80                operator new(unsigned long)
 *fill*         0x000000000000dde8       0x18 
 .text._ZN10__cxxabiv120__si_class_type_infoD2Ev
                0x000000000000de00       0x14 C:/devkitPro/devkitA64/bin/../lib/gcc/aarch64-none-elf/15.1.0/../../../../aarch64-none-elf/lib/pic\libstdc++.a(si_class_type_info.o)
                0x000000000000de00                __cxxabiv1::__si_class_type_info::~__si_class_type_info()
                0x000000000000de00                __cxxabiv1::__si_class_type_info::~__si_class_type_info()
 *fill*         0x000000000000de14        0xc 
 .text._ZN10__cxxabiv120__si_class_type_infoD0Ev
                0x000000000000de20       0x20 C:/devkitPro/devkitA64/bin/../lib/gcc/aarch64-none-elf/15.1.0/../../../../aarch64-none-elf/lib/pic\libstdc++.a(si_class_type_info.o)
                0x000000000000de20                __cxxabiv1::__si_class_type_info::~__si_class_type_info()
 .text._ZNK10__cxxabiv120__si_class_type_info12__do_dyncastElNS_17__class_type_info10__sub_kindEPKS1_PKvS4_S6_RNS1_16__dyncast_resultE
                0x000000000000de40      0x194 C:/devkitPro/devkitA64/bin/../lib/gcc/aarch64-none-elf/15.1.0/../../../../aarch64-none-elf/lib/pic\libstdc++.a(si_class_type_info.o)
                0x000000000000de40                __cxxabiv1::__si_class_type_info::__do_dyncast(long, __cxxabiv1::__class_type_info::__sub_kind, __cxxabiv1::__class_type_info const*, void const*, __cxxabiv1::__class_type_info const*, void const*, __cxxabiv1::__class_type_info::__dyncast_result&) const
 *fill*         0x000000000000dfd4        0xc 
 .text._ZNK10__cxxabiv120__si_class_type_info20__do_find_public_srcElPKvPKNS_17__class_type_infoES2_
                0x000000000000dfe0       0xa8 C:/devkitPro/devkitA64/bin/../lib/gcc/aarch64-none-elf/15.1.0/../../../../aarch64-none-elf/lib/pic\libstdc++.a(si_class_type_info.o)
                0x000000000000dfe0                __cxxabiv1::__si_class_type_info::__do_find_public_src(long, void const*, __cxxabiv1::__class_type_info const*, void const*) const
 *fill*         0x000000000000e088       0x18 
 .text._ZNK10__cxxabiv120__si_class_type_info11__do_upcastEPKNS_17__class_type_infoEPKvRNS1_15__upcast_resultE
                0x000000000000e0a0       0x64 C:/devkitPro/devkitA64/bin/../lib/gcc/aarch64-none-elf/15.1.0/../../../../aarch64-none-elf/lib/pic\libstdc++.a(si_class_type_info.o)
                0x000000000000e0a0                __cxxabiv1::__si_class_type_info::__do_upcast(__cxxabiv1::__class_type_info const*, void const*, __cxxabiv1::__class_type_info::__upcast_result&) const
 *fill*         0x000000000000e104       0x1c 
 .text._ZNSt9type_infoD2Ev
                0x000000000000e120        0x4 C:/devkitPro/devkitA64/bin/../lib/gcc/aarch64-none-elf/15.1.0/../../../../aarch64-none-elf/lib/pic\libstdc++.a(tinfo.o)
                0x000000000000e120                std::type_info::~type_info()
                0x000000000000e120                std::type_info::~type_info()
 *fill*         0x000000000000e124       0x1c 
 .text._ZNKSt9type_info14__is_pointer_pEv
                0x000000000000e140        0x8 C:/devkitPro/devkitA64/bin/../lib/gcc/aarch64-none-elf/15.1.0/../../../../aarch64-none-elf/lib/pic\libstdc++.a(tinfo.o)
                0x000000000000e140                std::type_info::__is_pointer_p() const
                0x000000000000e140                std::type_info::__is_function_p() const
 *fill*         0x000000000000e148       0x18 
 .text._ZNKSt9bad_alloc4whatEv
                0x000000000000e160        0xc C:/devkitPro/devkitA64/bin/../lib/gcc/aarch64-none-elf/15.1.0/../../../../aarch64-none-elf/lib/pic\libstdc++.a(bad_alloc.o)
                0x000000000000e160                std::bad_alloc::what() const
 *fill*         0x000000000000e16c       0x14 
 .text._ZNSt9bad_allocD2Ev
                0x000000000000e180       0x14 C:/devkitPro/devkitA64/bin/../lib/gcc/aarch64-none-elf/15.1.0/../../../../aarch64-none-elf/lib/pic\libstdc++.a(bad_alloc.o)
                0x000000000000e180                std::bad_alloc::~bad_alloc()
                0x000000000000e180                std::bad_alloc::~bad_alloc()
 *fill*         0x000000000000e194        0xc 
 .text._ZNSt9bad_allocD0Ev
                0x000000000000e1a0       0x20 C:/devkitPro/devkitA64/bin/../lib/gcc/aarch64-none-elf/15.1.0/../../../../aarch64-none-elf/lib/pic\libstdc++.a(bad_alloc.o)
                0x000000000000e1a0                std::bad_alloc::~bad_alloc()
 .text._ZNK10__cxxabiv117__class_type_info11__do_upcastEPKS0_PPv
                0x000000000000e1c0       0x68 C:/devkitPro/devkitA64/bin/../lib/gcc/aarch64-none-elf/15.1.0/../../../../aarch64-none-elf/lib/pic\libstdc++.a(class_type_info.o)
                0x000000000000e1c0                __cxxabiv1::__class_type_info::__do_upcast(__cxxabiv1::__class_type_info const*, void**) const
 *fill*         0x000000000000e228       0x18 
 .text._ZNK10__cxxabiv117__class_type_info20__do_find_public_srcElPKvPKS0_S2_
                0x000000000000e240       0x10 C:/devkitPro/devkitA64/bin/../lib/gcc/aarch64-none-elf/15.1.0/../../../../aarch64-none-elf/lib/pic\libstdc++.a(class_type_info.o)
                0x000000000000e240                __cxxabiv1::__class_type_info::__do_find_public_src(long, void const*, __cxxabiv1::__class_type_info const*, void const*) const
 *fill*         0x000000000000e250       0x10 
 .text._ZN10__cxxabiv117__class_type_infoD2Ev
                0x000000000000e260       0x14 C:/devkitPro/devkitA64/bin/../lib/gcc/aarch64-none-elf/15.1.0/../../../../aarch64-none-elf/lib/pic\libstdc++.a(class_type_info.o)
                0x000000000000e260                __cxxabiv1::__class_type_info::~__class_type_info()
                0x000000000000e260                __cxxabiv1::__class_type_info::~__class_type_info()
 *fill*         0x000000000000e274        0xc 
 .text._ZN10__cxxabiv117__class_type_infoD0Ev
                0x000000000000e280       0x20 C:/devkitPro/devkitA64/bin/../lib/gcc/aarch64-none-elf/15.1.0/../../../../aarch64-none-elf/lib/pic\libstdc++.a(class_type_info.o)
                0x000000000000e280                __cxxabiv1::__class_type_info::~__class_type_info()
 .text._ZNK10__cxxabiv117__class_type_info11__do_upcastEPKS0_PKvRNS0_15__upcast_resultE
                0x000000000000e2a0       0x90 C:/devkitPro/devkitA64/bin/../lib/gcc/aarch64-none-elf/15.1.0/../../../../aarch64-none-elf/lib/pic\libstdc++.a(class_type_info.o)
                0x000000000000e2a0                __cxxabiv1::__class_type_info::__do_upcast(__cxxabiv1::__class_type_info const*, void const*, __cxxabiv1::__class_type_info::__upcast_result&) const
 *fill*         0x000000000000e330       0x10 
 .text._ZNK10__cxxabiv117__class_type_info10__do_catchEPKSt9type_infoPPvj
                0x000000000000e340       0xa8 C:/devkitPro/devkitA64/bin/../lib/gcc/aarch64-none-elf/15.1.0/../../../../aarch64-none-elf/lib/pic\libstdc++.a(class_type_info.o)
                0x000000000000e340                __cxxabiv1::__class_type_info::__do_catch(std::type_info const*, void**, unsigned int) const
 *fill*         0x000000000000e3e8       0x18 
 .text._ZNK10__cxxabiv117__class_type_info12__do_dyncastElNS0_10__sub_kindEPKS0_PKvS3_S5_RNS0_16__dyncast_resultE
                0x000000000000e400       0xec C:/devkitPro/devkitA64/bin/../lib/gcc/aarch64-none-elf/15.1.0/../../../../aarch64-none-elf/lib/pic\libstdc++.a(class_type_info.o)
                0x000000000000e400                __cxxabiv1::__class_type_info::__do_dyncast(long, __cxxabiv1::__class_type_info::__sub_kind, __cxxabiv1::__class_type_info const*, void const*, __cxxabiv1::__class_type_info const*, void const*, __cxxabiv1::__class_type_info::__dyncast_result&) const
 *fill*         0x000000000000e4ec       0x14 
 .text._ZNK9__gnu_cxx24__concurrence_lock_error4whatEv
                0x000000000000e500        0xc C:/devkitPro/devkitA64/bin/../lib/gcc/aarch64-none-elf/15.1.0/../../../../aarch64-none-elf/lib/pic\libstdc++.a(eh_alloc.o)
                0x000000000000e500                __gnu_cxx::__concurrence_lock_error::what() const
 *fill*         0x000000000000e50c       0x14 
 .text._ZNK9__gnu_cxx26__concurrence_unlock_error4whatEv
                0x000000000000e520        0xc C:/devkitPro/devkitA64/bin/../lib/gcc/aarch64-none-elf/15.1.0/../../../../aarch64-none-elf/lib/pic\libstdc++.a(eh_alloc.o)
                0x000000000000e520                __gnu_cxx::__concurrence_unlock_error::what() const
 *fill*         0x000000000000e52c       0x14 
 .text._ZN9__gnu_cxx24__concurrence_lock_errorD2Ev
                0x000000000000e540       0x14 C:/devkitPro/devkitA64/bin/../lib/gcc/aarch64-none-elf/15.1.0/../../../../aarch64-none-elf/lib/pic\libstdc++.a(eh_alloc.o)
                0x000000000000e540                __gnu_cxx::__concurrence_lock_error::~__concurrence_lock_error()
                0x000000000000e540                __gnu_cxx::__concurrence_lock_error::~__concurrence_lock_error()
 *fill*         0x000000000000e554        0xc 
 .text._ZN9__gnu_cxx24__concurrence_lock_errorD0Ev
                0x000000000000e560       0x38 C:/devkitPro/devkitA64/bin/../lib/gcc/aarch64-none-elf/15.1.0/../../../../aarch64-none-elf/lib/pic\libstdc++.a(eh_alloc.o)
                0x000000000000e560                __gnu_cxx::__concurrence_lock_error::~__concurrence_lock_error()
 *fill*         0x000000000000e598        0x8 
 .text._ZN9__gnu_cxx26__concurrence_unlock_errorD2Ev
                0x000000000000e5a0       0x14 C:/devkitPro/devkitA64/bin/../lib/gcc/aarch64-none-elf/15.1.0/../../../../aarch64-none-elf/lib/pic\libstdc++.a(eh_alloc.o)
                0x000000000000e5a0                __gnu_cxx::__concurrence_unlock_error::~__concurrence_unlock_error()
                0x000000000000e5a0                __gnu_cxx::__concurrence_unlock_error::~__concurrence_unlock_error()
 *fill*         0x000000000000e5b4        0xc 
 .text._ZN9__gnu_cxx26__concurrence_unlock_errorD0Ev
                0x000000000000e5c0       0x38 C:/devkitPro/devkitA64/bin/../lib/gcc/aarch64-none-elf/15.1.0/../../../../aarch64-none-elf/lib/pic\libstdc++.a(eh_alloc.o)
                0x000000000000e5c0                __gnu_cxx::__concurrence_unlock_error::~__concurrence_unlock_error()
 *fill*         0x000000000000e5f8        0x8 
 .text._ZN12_GLOBAL__N_14pool4freeEPv.constprop.0
                0x000000000000e600      0x110 C:/devkitPro/devkitA64/bin/../lib/gcc/aarch64-none-elf/15.1.0/../../../../aarch64-none-elf/lib/pic\libstdc++.a(eh_alloc.o)
 *fill*         0x000000000000e710       0x10 
 .text._ZN12_GLOBAL__N_14pool8allocateEm.constprop.0
                0x000000000000e720       0xcc C:/devkitPro/devkitA64/bin/../lib/gcc/aarch64-none-elf/15.1.0/../../../../aarch64-none-elf/lib/pic\libstdc++.a(eh_alloc.o)
 *fill*         0x000000000000e7ec       0x14 
 .text.__cxa_allocate_exception
                0x000000000000e800       0x58 C:/devkitPro/devkitA64/bin/../lib/gcc/aarch64-none-elf/15.1.0/../../../../aarch64-none-elf/lib/pic\libstdc++.a(eh_alloc.o)
                0x000000000000e800                __cxa_allocate_exception
 *fill*         0x000000000000e858        0x8 
 .text.__cxa_free_exception
                0x000000000000e860       0x28 C:/devkitPro/devkitA64/bin/../lib/gcc/aarch64-none-elf/15.1.0/../../../../aarch64-none-elf/lib/pic\libstdc++.a(eh_alloc.o)
                0x000000000000e860                __cxa_free_exception
 *fill*         0x000000000000e888       0x18 
 .text._ZSt15get_new_handlerv
                0x000000000000e8a0       0x10 C:/devkitPro/devkitA64/bin/../lib/gcc/aarch64-none-elf/15.1.0/../../../../aarch64-none-elf/lib/pic\libstdc++.a(new_handler.o)
                0x000000000000e8a0                std::get_new_handler()
 *fill*         0x000000000000e8b0       0x10 
 .text._ZNKSt11logic_error4whatEv
                0x000000000000e8c0        0x8 C:/devkitPro/devkitA64/bin/../lib/gcc/aarch64-none-elf/15.1.0/../../../../aarch64-none-elf/lib/pic\libstdc++.a(stdexcept.o)
                0x000000000000e8c0                std::logic_error::what() const
                0x000000000000e8c0                std::runtime_error::what() const
 *fill*         0x000000000000e8c8       0x18 
 .text._ZNSt11logic_errorD2Ev
                0x000000000000e8e0       0x74 C:/devkitPro/devkitA64/bin/../lib/gcc/aarch64-none-elf/15.1.0/../../../../aarch64-none-elf/lib/pic\libstdc++.a(stdexcept.o)
                0x000000000000e8e0                std::logic_error::~logic_error()
                0x000000000000e8e0                std::logic_error::~logic_error()
 *fill*         0x000000000000e954        0xc 
 .text._ZNSt11logic_errorD0Ev
                0x000000000000e960       0x1c C:/devkitPro/devkitA64/bin/../lib/gcc/aarch64-none-elf/15.1.0/../../../../aarch64-none-elf/lib/pic\libstdc++.a(stdexcept.o)
                0x000000000000e960                std::logic_error::~logic_error()
 *fill*         0x000000000000e97c        0x4 
 .text._ZNSt12length_errorD2Ev
                0x000000000000e980       0x14 C:/devkitPro/devkitA64/bin/../lib/gcc/aarch64-none-elf/15.1.0/../../../../aarch64-none-elf/lib/pic\libstdc++.a(stdexcept.o)
                0x000000000000e980                std::length_error::~length_error()
                0x000000000000e980                std::length_error::~length_error()
 *fill*         0x000000000000e994        0xc 
 .text._ZNSt12length_errorD0Ev
                0x000000000000e9a0       0x1c C:/devkitPro/devkitA64/bin/../lib/gcc/aarch64-none-elf/15.1.0/../../../../aarch64-none-elf/lib/pic\libstdc++.a(stdexcept.o)
                0x000000000000e9a0                std::length_error::~length_error()
 *fill*         0x000000000000e9bc        0x4 
 .text._ZNSt11logic_errorC2EPKc
                0x000000000000e9c0       0xf8 C:/devkitPro/devkitA64/bin/../lib/gcc/aarch64-none-elf/15.1.0/../../../../aarch64-none-elf/lib/pic\libstdc++.a(cow-stdexcept.o)
                0x000000000000e9c0                std::logic_error::logic_error(char const*)
                0x000000000000e9c0                std::logic_error::logic_error(char const*)
 *fill*         0x000000000000eab8        0x8 
 .text._ZNSt12length_errorC2EPKc
                0x000000000000eac0       0x30 C:/devkitPro/devkitA64/bin/../lib/gcc/aarch64-none-elf/15.1.0/../../../../aarch64-none-elf/lib/pic\libstdc++.a(cow-stdexcept.o)
                0x000000000000eac0                std::length_error::length_error(char const*)
                0x000000000000eac0                std::length_error::length_error(char const*)
 *fill*         0x000000000000eaf0       0x10 
 .text._ZNSs4_Rep9_S_createEmmRKSaIcE
                0x000000000000eb00       0x80 C:/devkitPro/devkitA64/bin/../lib/gcc/aarch64-none-elf/15.1.0/../../../../aarch64-none-elf/lib/pic\libstdc++.a(cow-string-inst.o)
                0x000000000000eb00                std::string::_Rep::_S_create(unsigned long, unsigned long, std::allocator<char> const&)
 .text._ZNSs4_Rep10_M_destroyERKSaIcE
                0x000000000000eb80        0x4 C:/devkitPro/devkitA64/bin/../lib/gcc/aarch64-none-elf/15.1.0/../../../../aarch64-none-elf/lib/pic\libstdc++.a(cow-string-inst.o)
                0x000000000000eb80                std::string::_Rep::_M_destroy(std::allocator<char> const&)
 *fill*         0x000000000000eb84       0x1c 
 .text.init_dwarf_reg_size_table
                0x000000000000eba0      0x298 C:/devkitPro/devkitA64/bin/../lib/gcc/aarch64-none-elf/15.1.0/pic\libgcc.a(unwind-dw2.o)
 *fill*         0x000000000000ee38        0x8 
 .text.uw_install_context_1
                0x000000000000ee40      0x18c C:/devkitPro/devkitA64/bin/../lib/gcc/aarch64-none-elf/15.1.0/pic\libgcc.a(unwind-dw2.o)
 *fill*         0x000000000000efcc       0x14 
 .text.read_encoded_value
                0x000000000000efe0      0x18c C:/devkitPro/devkitA64/bin/../lib/gcc/aarch64-none-elf/15.1.0/pic\libgcc.a(unwind-dw2.o)
 *fill*         0x000000000000f16c       0x14 
 .text.execute_stack_op
                0x000000000000f180      0x7f8 C:/devkitPro/devkitA64/bin/../lib/gcc/aarch64-none-elf/15.1.0/pic\libgcc.a(unwind-dw2.o)
 *fill*         0x000000000000f978        0x8 
 .text.uw_update_context_1
                0x000000000000f980      0x334 C:/devkitPro/devkitA64/bin/../lib/gcc/aarch64-none-elf/15.1.0/pic\libgcc.a(unwind-dw2.o)
 *fill*         0x000000000000fcb4        0xc 
 .text.uw_update_context
                0x000000000000fcc0       0xf8 C:/devkitPro/devkitA64/bin/../lib/gcc/aarch64-none-elf/15.1.0/pic\libgcc.a(unwind-dw2.o)
 *fill*         0x000000000000fdb8        0x8 
 .text.execute_cfa_program_specialized
                0x000000000000fdc0      0x868 C:/devkitPro/devkitA64/bin/../lib/gcc/aarch64-none-elf/15.1.0/pic\libgcc.a(unwind-dw2.o)
 *fill*         0x0000000000010628       0x18 
 .text.execute_cfa_program_generic
                0x0000000000010640      0x898 C:/devkitPro/devkitA64/bin/../lib/gcc/aarch64-none-elf/15.1.0/pic\libgcc.a(unwind-dw2.o)
 *fill*         0x0000000000010ed8        0x8 
 .text.uw_frame_state_for
                0x0000000000010ee0      0x43c C:/devkitPro/devkitA64/bin/../lib/gcc/aarch64-none-elf/15.1.0/pic\libgcc.a(unwind-dw2.o)
 *fill*         0x000000000001131c        0x4 
 .text.uw_init_context_1
                0x0000000000011320      0x36c C:/devkitPro/devkitA64/bin/../lib/gcc/aarch64-none-elf/15.1.0/pic\libgcc.a(unwind-dw2.o)
 *fill*         0x000000000001168c       0x14 
 .text._Unwind_RaiseException_Phase2
                0x00000000000116a0      0x140 C:/devkitPro/devkitA64/bin/../lib/gcc/aarch64-none-elf/15.1.0/pic\libgcc.a(unwind-dw2.o)
 .text._Unwind_ForcedUnwind_Phase2
                0x00000000000117e0      0x154 C:/devkitPro/devkitA64/bin/../lib/gcc/aarch64-none-elf/15.1.0/pic\libgcc.a(unwind-dw2.o)
 *fill*         0x0000000000011934        0xc 
 .text._Unwind_SetGR
                0x0000000000011940       0x50 C:/devkitPro/devkitA64/bin/../lib/gcc/aarch64-none-elf/15.1.0/pic\libgcc.a(unwind-dw2.o)
                0x0000000000011940                _Unwind_SetGR
 *fill*         0x0000000000011990       0x10 
 .text._Unwind_GetIPInfo
                0x00000000000119a0       0x14 C:/devkitPro/devkitA64/bin/../lib/gcc/aarch64-none-elf/15.1.0/pic\libgcc.a(unwind-dw2.o)
                0x00000000000119a0                _Unwind_GetIPInfo
 *fill*         0x00000000000119b4        0xc 
 .text._Unwind_SetIP
                0x00000000000119c0        0x8 C:/devkitPro/devkitA64/bin/../lib/gcc/aarch64-none-elf/15.1.0/pic\libgcc.a(unwind-dw2.o)
                0x00000000000119c0                _Unwind_SetIP
 *fill*         0x00000000000119c8       0x18 
 .text._Unwind_GetLanguageSpecificData
                0x00000000000119e0        0x8 C:/devkitPro/devkitA64/bin/../lib/gcc/aarch64-none-elf/15.1.0/pic\libgcc.a(unwind-dw2.o)
                0x00000000000119e0                _Unwind_GetLanguageSpecificData
 *fill*         0x00000000000119e8       0x18 
 .text._Unwind_GetRegionStart
                0x0000000000011a00        0x8 C:/devkitPro/devkitA64/bin/../lib/gcc/aarch64-none-elf/15.1.0/pic\libgcc.a(unwind-dw2.o)
                0x0000000000011a00                _Unwind_GetRegionStart
 *fill*         0x0000000000011a08       0x18 
 .text._Unwind_GetDataRelBase
                0x0000000000011a20        0x8 C:/devkitPro/devkitA64/bin/../lib/gcc/aarch64-none-elf/15.1.0/pic\libgcc.a(unwind-dw2.o)
                0x0000000000011a20                _Unwind_GetDataRelBase
 *fill*         0x0000000000011a28       0x18 
 .text._Unwind_GetTextRelBase
                0x0000000000011a40        0x8 C:/devkitPro/devkitA64/bin/../lib/gcc/aarch64-none-elf/15.1.0/pic\libgcc.a(unwind-dw2.o)
                0x0000000000011a40                _Unwind_GetTextRelBase
 *fill*         0x0000000000011a48       0x18 
 .text._Unwind_DebugHook
                0x0000000000011a60        0x4 C:/devkitPro/devkitA64/bin/../lib/gcc/aarch64-none-elf/15.1.0/pic\libgcc.a(unwind-dw2.o)
 *fill*         0x0000000000011a64       0x1c 
 .text._Unwind_RaiseException
                0x0000000000011a80      0x1a4 C:/devkitPro/devkitA64/bin/../lib/gcc/aarch64-none-elf/15.1.0/pic\libgcc.a(unwind-dw2.o)
                0x0000000000011a80                _Unwind_RaiseException
 *fill*         0x0000000000011c24       0x1c 
 .text._Unwind_Resume
                0x0000000000011c40      0x12c C:/devkitPro/devkitA64/bin/../lib/gcc/aarch64-none-elf/15.1.0/pic\libgcc.a(unwind-dw2.o)
                0x0000000000011c40                _Unwind_Resume
 *fill*         0x0000000000011d6c       0x14 
 .text._Unwind_DeleteException
                0x0000000000011d80       0x1c C:/devkitPro/devkitA64/bin/../lib/gcc/aarch64-none-elf/15.1.0/pic\libgcc.a(unwind-dw2.o)
                0x0000000000011d80                _Unwind_DeleteException
 *fill*         0x0000000000011d9c        0x4 
 .text.fde_unencoded_compare
                0x0000000000011da0       0x18 C:/devkitPro/devkitA64/bin/../lib/gcc/aarch64-none-elf/15.1.0/pic\libgcc.a(unwind-dw2-fde.o)
 *fill*         0x0000000000011db8        0x8 
 .text.fde_unencoded_extract
                0x0000000000011dc0       0x2c C:/devkitPro/devkitA64/bin/../lib/gcc/aarch64-none-elf/15.1.0/pic\libgcc.a(unwind-dw2-fde.o)
 *fill*         0x0000000000011dec       0x14 
 .text.frame_downheap
                0x0000000000011e00       0xec C:/devkitPro/devkitA64/bin/../lib/gcc/aarch64-none-elf/15.1.0/pic\libgcc.a(unwind-dw2-fde.o)
 *fill*         0x0000000000011eec       0x14 
 .text.read_encoded_value_with_base
                0x0000000000011f00      0x138 C:/devkitPro/devkitA64/bin/../lib/gcc/aarch64-none-elf/15.1.0/pic\libgcc.a(unwind-dw2-fde.o)
 *fill*         0x0000000000012038        0x8 
 .text.fde_radixsort
                0x0000000000012040      0x220 C:/devkitPro/devkitA64/bin/../lib/gcc/aarch64-none-elf/15.1.0/pic\libgcc.a(unwind-dw2-fde.o)
 .text.__deregister_frame_info_bases.part.0
                0x0000000000012260      0x110 C:/devkitPro/devkitA64/bin/../lib/gcc/aarch64-none-elf/15.1.0/pic\libgcc.a(unwind-dw2-fde.o)
 *fill*         0x0000000000012370       0x10 
 .text.get_cie_encoding
                0x0000000000012380      0x124 C:/devkitPro/devkitA64/bin/../lib/gcc/aarch64-none-elf/15.1.0/pic\libgcc.a(unwind-dw2-fde.o)
 *fill*         0x00000000000124a4       0x1c 
 .text.fde_mixed_encoding_extract
                0x00000000000124c0       0xd8 C:/devkitPro/devkitA64/bin/../lib/gcc/aarch64-none-elf/15.1.0/pic\libgcc.a(unwind-dw2-fde.o)
 *fill*         0x0000000000012598        0x8 
 .text.classify_object_over_fdes.constprop.0
                0x00000000000125a0      0x1e0 C:/devkitPro/devkitA64/bin/../lib/gcc/aarch64-none-elf/15.1.0/pic\libgcc.a(unwind-dw2-fde.o)
 .text.fde_single_encoding_extract
                0x0000000000012780       0xbc C:/devkitPro/devkitA64/bin/../lib/gcc/aarch64-none-elf/15.1.0/pic\libgcc.a(unwind-dw2-fde.o)
 *fill*         0x000000000001283c        0x4 
 .text.fde_single_encoding_compare
                0x0000000000012840       0xa8 C:/devkitPro/devkitA64/bin/../lib/gcc/aarch64-none-elf/15.1.0/pic\libgcc.a(unwind-dw2-fde.o)
 *fill*         0x00000000000128e8       0x18 
 .text.fde_mixed_encoding_compare
                0x0000000000012900      0x10c C:/devkitPro/devkitA64/bin/../lib/gcc/aarch64-none-elf/15.1.0/pic\libgcc.a(unwind-dw2-fde.o)
 *fill*         0x0000000000012a0c       0x14 
 .text.add_fdes.isra.0
                0x0000000000012a20      0x234 C:/devkitPro/devkitA64/bin/../lib/gcc/aarch64-none-elf/15.1.0/pic\libgcc.a(unwind-dw2-fde.o)
 *fill*         0x0000000000012c54        0xc 
 .text.linear_search_fdes
                0x0000000000012c60      0x2e8 C:/devkitPro/devkitA64/bin/../lib/gcc/aarch64-none-elf/15.1.0/pic\libgcc.a(unwind-dw2-fde.o)
 *fill*         0x0000000000012f48       0x18 
 .text.search_object
                0x0000000000012f60      0x558 C:/devkitPro/devkitA64/bin/../lib/gcc/aarch64-none-elf/15.1.0/pic\libgcc.a(unwind-dw2-fde.o)
 *fill*         0x00000000000134b8        0x8 
 .text.__register_frame_info
                0x00000000000134c0       0x60 C:/devkitPro/devkitA64/bin/../lib/gcc/aarch64-none-elf/15.1.0/pic\libgcc.a(unwind-dw2-fde.o)
                0x00000000000134c0                __register_frame_info
 .text.__deregister_frame_info
                0x0000000000013520       0x18 C:/devkitPro/devkitA64/bin/../lib/gcc/aarch64-none-elf/15.1.0/pic\libgcc.a(unwind-dw2-fde.o)
                0x0000000000013520                __deregister_frame_info
 *fill*         0x0000000000013538        0x8 
 .text._Unwind_Find_FDE
                0x0000000000013540      0x1d0 C:/devkitPro/devkitA64/bin/../lib/gcc/aarch64-none-elf/15.1.0/pic\libgcc.a(unwind-dw2-fde.o)
                0x0000000000013540                _Unwind_Find_FDE
 .text          0x0000000000013710       0x30 C:/devkitPro/devkitA64/bin/../lib/gcc/aarch64-none-elf/15.1.0/pic\libgcc.a(__arm_za_disable.o)
                0x0000000000013710                __arm_za_disable
                0x0000000000013710                __libgcc_arm_za_disable
 .text          0x0000000000013740       0xa0 C:/devkitPro/devkitA64/bin/../lib/gcc/aarch64-none-elf/15.1.0/pic\libgcc.a(__arm_tpidr2_save.o)
                0x0000000000013740                __arm_tpidr2_save
                0x0000000000013740                __libgcc_arm_tpidr2_save
 *fill*         0x00000000000137e0       0x20 
 .text          0x0000000000013800      0x104 C:/devkitPro/devkitA64/bin/../lib/gcc/aarch64-none-elf/15.1.0/../../../../aarch64-none-elf/lib/pic\libg.a(libc_a-strrchr.o)
                0x0000000000013800                strrchr
 *fill*         0x0000000000013904       0x1c 
 .text.getenv   0x0000000000013920       0x24 C:/devkitPro/devkitA64/bin/../lib/gcc/aarch64-none-elf/15.1.0/../../../../aarch64-none-elf/lib/pic\libg.a(libc_a-getenv.o)
                0x0000000000013920                getenv
 *fill*         0x0000000000013944       0x1c 
 .text._fgets_r
                0x0000000000013960      0x184 C:/devkitPro/devkitA64/bin/../lib/gcc/aarch64-none-elf/15.1.0/../../../../aarch64-none-elf/lib/pic\libg.a(libc_a-fgets.o)
                0x0000000000013960                _fgets_r
 *fill*         0x0000000000013ae4       0x1c 
 .text.fgets    0x0000000000013b00       0x34 C:/devkitPro/devkitA64/bin/../lib/gcc/aarch64-none-elf/15.1.0/../../../../aarch64-none-elf/lib/pic\libg.a(libc_a-fgets.o)
                0x0000000000013b00                fgets
 *fill*         0x0000000000013b34        0xc 
 .text.__assert_func
                0x0000000000013b40       0x64 C:/devkitPro/devkitA64/bin/../lib/gcc/aarch64-none-elf/15.1.0/../../../../aarch64-none-elf/lib/pic\libg.a(libc_a-assert.o)
                0x0000000000013b40                __assert_func
 *fill*         0x0000000000013ba4       0x1c 
 .text._fclose_r
                0x0000000000013bc0      0x130 C:/devkitPro/devkitA64/bin/../lib/gcc/aarch64-none-elf/15.1.0/../../../../aarch64-none-elf/lib/pic\libg.a(libc_a-fclose.o)
                0x0000000000013bc0                _fclose_r
 *fill*         0x0000000000013cf0       0x10 
 .text.fclose   0x0000000000013d00       0x1c C:/devkitPro/devkitA64/bin/../lib/gcc/aarch64-none-elf/15.1.0/../../../../aarch64-none-elf/lib/pic\libg.a(libc_a-fclose.o)
                0x0000000000013d00                fclose
 *fill*         0x0000000000013d1c       0x24 
 .text          0x0000000000013d40      0x104 C:/devkitPro/devkitA64/bin/../lib/gcc/aarch64-none-elf/15.1.0/../../../../aarch64-none-elf/lib/pic\libg.a(libc_a-memset.o)
                0x0000000000013d40                memset
 *fill*         0x0000000000013e44       0x1c 
 .text.setenv   0x0000000000013e60       0x34 C:/devkitPro/devkitA64/bin/../lib/gcc/aarch64-none-elf/15.1.0/../../../../aarch64-none-elf/lib/pic\libg.a(libc_a-setenv.o)
                0x0000000000013e60                setenv
 *fill*         0x0000000000013e94       0x2c 
 .text          0x0000000000013ec0      0x134 C:/devkitPro/devkitA64/bin/../lib/gcc/aarch64-none-elf/15.1.0/../../../../aarch64-none-elf/lib/pic\libg.a(libc_a-strcmp.o)
                0x0000000000013ec0                strcmp
 *fill*         0x0000000000013ff4        0xc 
 .text._fwrite_r
                0x0000000000014000       0xf4 C:/devkitPro/devkitA64/bin/../lib/gcc/aarch64-none-elf/15.1.0/../../../../aarch64-none-elf/lib/pic\libg.a(libc_a-fwrite.o)
                0x0000000000014000                _fwrite_r
 *fill*         0x00000000000140f4        0xc 
 .text.fwrite   0x0000000000014100       0x34 C:/devkitPro/devkitA64/bin/../lib/gcc/aarch64-none-elf/15.1.0/../../../../aarch64-none-elf/lib/pic\libg.a(libc_a-fwrite.o)
                0x0000000000014100                fwrite
 *fill*         0x0000000000014134        0xc 
 .text.fiprintf
                0x0000000000014140       0x80 C:/devkitPro/devkitA64/bin/../lib/gcc/aarch64-none-elf/15.1.0/../../../../aarch64-none-elf/lib/pic\libg.a(libc_a-fiprintf.o)
                0x0000000000014140                fiprintf
 .text          0x00000000000141c0      0x1b4 C:/devkitPro/devkitA64/bin/../lib/gcc/aarch64-none-elf/15.1.0/../../../../aarch64-none-elf/lib/pic\libg.a(libc_a-strncmp.o)
                0x00000000000141c0                strncmp
 *fill*         0x0000000000014374        0xc 
 .text          0x0000000000014380       0xdc C:/devkitPro/devkitA64/bin/../lib/gcc/aarch64-none-elf/15.1.0/../../../../aarch64-none-elf/lib/pic\libg.a(libc_a-memchr.o)
                0x0000000000014380                memchr
 *fill*         0x000000000001445c        0x4 
 .text.stdio_exit_handler
                0x0000000000014460       0x1c C:/devkitPro/devkitA64/bin/../lib/gcc/aarch64-none-elf/15.1.0/../../../../aarch64-none-elf/lib/pic\libg.a(libc_a-findfp.o)
 *fill*         0x000000000001447c        0x4 
 .text.cleanup_stdio
                0x0000000000014480       0x6c C:/devkitPro/devkitA64/bin/../lib/gcc/aarch64-none-elf/15.1.0/../../../../aarch64-none-elf/lib/pic\libg.a(libc_a-findfp.o)
 *fill*         0x00000000000144ec       0x14 
 .text.global_stdio_init.part.0
                0x0000000000014500      0x134 C:/devkitPro/devkitA64/bin/../lib/gcc/aarch64-none-elf/15.1.0/../../../../aarch64-none-elf/lib/pic\libg.a(libc_a-findfp.o)
 *fill*         0x0000000000014634        0xc 
 .text.__sfp_lock_acquire
                0x0000000000014640        0xc C:/devkitPro/devkitA64/bin/../lib/gcc/aarch64-none-elf/15.1.0/../../../../aarch64-none-elf/lib/pic\libg.a(libc_a-findfp.o)
                0x0000000000014640                __sfp_lock_acquire
 *fill*         0x000000000001464c       0x14 
 .text.__sfp_lock_release
                0x0000000000014660        0xc C:/devkitPro/devkitA64/bin/../lib/gcc/aarch64-none-elf/15.1.0/../../../../aarch64-none-elf/lib/pic\libg.a(libc_a-findfp.o)
                0x0000000000014660                __sfp_lock_release
 *fill*         0x000000000001466c       0x14 
 .text.__sfp    0x0000000000014680      0x138 C:/devkitPro/devkitA64/bin/../lib/gcc/aarch64-none-elf/15.1.0/../../../../aarch64-none-elf/lib/pic\libg.a(libc_a-findfp.o)
                0x0000000000014680                __sfp
 *fill*         0x00000000000147b8        0x8 
 .text.__sinit  0x00000000000147c0       0x54 C:/devkitPro/devkitA64/bin/../lib/gcc/aarch64-none-elf/15.1.0/../../../../aarch64-none-elf/lib/pic\libg.a(libc_a-findfp.o)
                0x00000000000147c0                __sinit
 *fill*         0x0000000000014814        0xc 
 .text._strtoul_l.isra.0
                0x0000000000014820      0x1a4 C:/devkitPro/devkitA64/bin/../lib/gcc/aarch64-none-elf/15.1.0/../../../../aarch64-none-elf/lib/pic\libg.a(libc_a-strtoul.o)
 *fill*         0x00000000000149c4       0x1c 
 .text.strtoul  0x00000000000149e0       0x40 C:/devkitPro/devkitA64/bin/../lib/gcc/aarch64-none-elf/15.1.0/../../../../aarch64-none-elf/lib/pic\libg.a(libc_a-strtoul.o)
                0x00000000000149e0                strtoul
 .text.__libc_init_array
                0x0000000000014a20       0xa4 C:/devkitPro/devkitA64/bin/../lib/gcc/aarch64-none-elf/15.1.0/../../../../aarch64-none-elf/lib/pic\libg.a(libc_a-init.o)
                0x0000000000014a20                __libc_init_array
 *fill*         0x0000000000014ac4       0x1c 
 .text.strncat  0x0000000000014ae0       0x88 C:/devkitPro/devkitA64/bin/../lib/gcc/aarch64-none-elf/15.1.0/../../../../aarch64-none-elf/lib/pic\libg.a(libc_a-strncat.o)
                0x0000000000014ae0                strncat
 *fill*         0x0000000000014b68       0x18 
 .text._fwalk_sglue
                0x0000000000014b80       0x98 C:/devkitPro/devkitA64/bin/../lib/gcc/aarch64-none-elf/15.1.0/../../../../aarch64-none-elf/lib/pic\libg.a(libc_a-fwalk.o)
                0x0000000000014b80                _fwalk_sglue
 *fill*         0x0000000000014c18        0x8 
 .text.bsearch  0x0000000000014c20       0xb4 C:/devkitPro/devkitA64/bin/../lib/gcc/aarch64-none-elf/15.1.0/../../../../aarch64-none-elf/lib/pic\libg.a(libc_a-bsearch.o)
                0x0000000000014c20                bsearch
 *fill*         0x0000000000014cd4        0xc 
 .text.__errno  0x0000000000014ce0       0x14 C:/devkitPro/devkitA64/bin/../lib/gcc/aarch64-none-elf/15.1.0/../../../../aarch64-none-elf/lib/pic\libg.a(libc_a-errno.o)
                0x0000000000014ce0                __errno
 *fill*         0x0000000000014cf4        0xc 
 .text          0x0000000000014d00       0xcc C:/devkitPro/devkitA64/bin/../lib/gcc/aarch64-none-elf/15.1.0/../../../../aarch64-none-elf/lib/pic\libg.a(libc_a-strchr.o)
                0x0000000000014d00                strchr
 *fill*         0x0000000000014dcc       0x14 
 .text.abort    0x0000000000014de0       0x18 C:/devkitPro/devkitA64/bin/../lib/gcc/aarch64-none-elf/15.1.0/../../../../aarch64-none-elf/lib/pic\libg.a(libc_a-abort.o)
                0x0000000000014de0                abort
 *fill*         0x0000000000014df8        0x8 
 .text._perror_r
                0x0000000000014e00      0x1cc C:/devkitPro/devkitA64/bin/../lib/gcc/aarch64-none-elf/15.1.0/../../../../aarch64-none-elf/lib/pic\libg.a(libc_a-perror.o)
                0x0000000000014e00                _perror_r
 *fill*         0x0000000000014fcc       0x14 
 .text.perror   0x0000000000014fe0       0x1c C:/devkitPro/devkitA64/bin/../lib/gcc/aarch64-none-elf/15.1.0/../../../../aarch64-none-elf/lib/pic\libg.a(libc_a-perror.o)
                0x0000000000014fe0                perror
 *fill*         0x0000000000014ffc        0x4 
 .text          0x0000000000015000      0x22c C:/devkitPro/devkitA64/bin/../lib/gcc/aarch64-none-elf/15.1.0/../../../../aarch64-none-elf/lib/pic\libg.a(libc_a-memcpy.o)
                0x0000000000015000                memcpy
                0x0000000000015000                memmove
 *fill*         0x000000000001522c       0x14 
 .text._fseek_r
                0x0000000000015240        0x4 C:/devkitPro/devkitA64/bin/../lib/gcc/aarch64-none-elf/15.1.0/../../../../aarch64-none-elf/lib/pic\libg.a(libc_a-fseek.o)
                0x0000000000015240                _fseek_r
 *fill*         0x0000000000015244       0x1c 
 .text._malloc_r
                0x0000000000015260      0x840 C:/devkitPro/devkitA64/bin/../lib/gcc/aarch64-none-elf/15.1.0/../../../../aarch64-none-elf/lib/pic\libg.a(libc_a-mallocr.o)
                0x0000000000015260                _malloc_r
 .text._malloc_trim_r
                0x0000000000015aa0      0x11c C:/devkitPro/devkitA64/bin/../lib/gcc/aarch64-none-elf/15.1.0/../../../../aarch64-none-elf/lib/pic\libg.a(libc_a-freer.o)
                0x0000000000015aa0                _malloc_trim_r
 *fill*         0x0000000000015bbc        0x4 
 .text._free_r  0x0000000000015bc0      0x2d8 C:/devkitPro/devkitA64/bin/../lib/gcc/aarch64-none-elf/15.1.0/../../../../aarch64-none-elf/lib/pic\libg.a(libc_a-freer.o)
                0x0000000000015bc0                _free_r
 *fill*         0x0000000000015e98        0x8 
 .text._strtol_l.part.0
                0x0000000000015ea0      0x2c0 C:/devkitPro/devkitA64/bin/../lib/gcc/aarch64-none-elf/15.1.0/../../../../aarch64-none-elf/lib/pic\libg.a(libc_a-strtol.o)
 .text.strtol   0x0000000000016160       0x78 C:/devkitPro/devkitA64/bin/../lib/gcc/aarch64-none-elf/15.1.0/../../../../aarch64-none-elf/lib/pic\libg.a(libc_a-strtol.o)
                0x0000000000016160                strtol
 *fill*         0x00000000000161d8        0x8 
 .text.malloc   0x00000000000161e0       0x38 C:/devkitPro/devkitA64/bin/../lib/gcc/aarch64-none-elf/15.1.0/../../../../aarch64-none-elf/lib/pic\libg.a(libc_a-malloc.o)
                0x00000000000161e0                malloc
 *fill*         0x0000000000016218        0x8 
 .text.free     0x0000000000016220       0x1c C:/devkitPro/devkitA64/bin/../lib/gcc/aarch64-none-elf/15.1.0/../../../../aarch64-none-elf/lib/pic\libg.a(libc_a-malloc.o)
                0x0000000000016220                free
 *fill*         0x000000000001623c        0x4 
 .text.__sflush_r
                0x0000000000016240      0x1ec C:/devkitPro/devkitA64/bin/../lib/gcc/aarch64-none-elf/15.1.0/../../../../aarch64-none-elf/lib/pic\libg.a(libc_a-fflush.o)
                0x0000000000016240                __sflush_r
 *fill*         0x000000000001642c       0x14 
 .text._fflush_r
                0x0000000000016440       0xbc C:/devkitPro/devkitA64/bin/../lib/gcc/aarch64-none-elf/15.1.0/../../../../aarch64-none-elf/lib/pic\libg.a(libc_a-fflush.o)
                0x0000000000016440                _fflush_r
 *fill*         0x00000000000164fc        0x4 
 .text.lflush   0x0000000000016500       0x38 C:/devkitPro/devkitA64/bin/../lib/gcc/aarch64-none-elf/15.1.0/../../../../aarch64-none-elf/lib/pic\libg.a(libc_a-refill.o)
 *fill*         0x0000000000016538        0x8 
 .text.__srefill_r
                0x0000000000016540      0x190 C:/devkitPro/devkitA64/bin/../lib/gcc/aarch64-none-elf/15.1.0/../../../../aarch64-none-elf/lib/pic\libg.a(libc_a-refill.o)
                0x0000000000016540                __srefill_r
 *fill*         0x00000000000166d0       0x10 
 .text.__swhatbuf_r
                0x00000000000166e0       0xb0 C:/devkitPro/devkitA64/bin/../lib/gcc/aarch64-none-elf/15.1.0/../../../../aarch64-none-elf/lib/pic\libg.a(libc_a-makebuf.o)
                0x00000000000166e0                __swhatbuf_r
 *fill*         0x0000000000016790       0x10 
 .text.__smakebuf_r
                0x00000000000167a0       0xe8 C:/devkitPro/devkitA64/bin/../lib/gcc/aarch64-none-elf/15.1.0/../../../../aarch64-none-elf/lib/pic\libg.a(libc_a-makebuf.o)
                0x00000000000167a0                __smakebuf_r
 *fill*         0x0000000000016888       0x18 
 .text.gmtime   0x00000000000168a0       0x28 C:/devkitPro/devkitA64/bin/../lib/gcc/aarch64-none-elf/15.1.0/../../../../aarch64-none-elf/lib/pic\libg.a(libc_a-gmtime.o)
                0x00000000000168a0                gmtime
 *fill*         0x00000000000168c8       0x38 
 .text          0x0000000000016900      0x130 C:/devkitPro/devkitA64/bin/../lib/gcc/aarch64-none-elf/15.1.0/../../../../aarch64-none-elf/lib/pic\libg.a(libc_a-strlen.o)