Archive member included to satisfy reference by file (symbol)

C:/devkitPro/libnx/lib\libnx.a(bpc.o)
                              main.o (bpcInitialize)
C:/devkitPro/libnx/lib\libnx.a(fs.o)
                              main.o (fsInitialize)
C:/devkitPro/libnx/lib\libnx.a(i2c.o)
                              main.o (i2cInitialize)
C:/devkitPro/libnx/lib\libnx.a(psm.o)
                              main.o (psmInitialize)
C:/devkitPro/libnx/lib\libnx.a(set.o)
                              main.o (setsysInitialize)
C:/devkitPro/libnx/lib\libnx.a(sm.o)
                              main.o (smInitialize)
C:/devkitPro/libnx/lib\libnx.a(spl.o)
                              main.o (splInitialize)
C:/devkitPro/libnx/lib\libnx.a(diag.o)
                              main.o (diagAbortWithResult)
C:/devkitPro/libnx/lib\libnx.a(hosversion.o)
                              C:/devkitPro/libnx/lib\libnx.a(bpc.o) (hosversionGet)
C:/devkitPro/libnx/lib\libnx.a(fs_dev.o)
                              main.o (fsdevMountSdmc)
C:/devkitPro/libnx/lib\libnx.a(path_buf.o)
                              C:/devkitPro/libnx/lib\libnx.a(fs_dev.o) (__nx_dev_path_buf)
C:/devkitPro/libnx/lib\libnx.a(decode_utf8.o)
                              C:/devkitPro/libnx/lib\libnx.a(fs_dev.o) (decode_utf8)
C:/devkitPro/libnx/lib\libnx.a(svc.o)
                              i2c.o (svcSleepThread)
C:/devkitPro/libnx/lib\libnx.a(readtp.o)
                              C:/devkitPro/libnx/lib\libnx.a(fs.o) (__aarch64_read_tp)
C:/devkitPro/libnx/lib\libnx.a(switch_crt0.o)
                              (_start)
C:/devkitPro/libnx/lib\libnx.a(event.o)
                              C:/devkitPro/libnx/lib\libnx.a(fs.o) (eventLoadRemote)
C:/devkitPro/libnx/lib\libnx.a(mutex.o)
                              C:/devkitPro/libnx/lib\libnx.a(bpc.o) (mutexLock)
C:/devkitPro/libnx/lib\libnx.a(wait.o)
                              C:/devkitPro/libnx/lib\libnx.a(event.o) (waitObjects)
C:/devkitPro/libnx/lib\libnx.a(sessionmgr.o)
                              C:/devkitPro/libnx/lib\libnx.a(fs.o) (sessionmgrCreate)
C:/devkitPro/libnx/lib\libnx.a(time.o)
                              C:/devkitPro/libnx/lib\libnx.a(fs_dev.o) (timeToPosixTimeWithMyRule)
C:/devkitPro/libnx/lib\libnx.a(alloc.o)
                              C:/devkitPro/libnx/lib\libnx.a(fs_dev.o) (__libnx_alloc)
C:/devkitPro/libnx/lib\libnx.a(argv.o)
                              C:/devkitPro/libnx/lib\libnx.a(fs_dev.o) (__system_argc)
C:/devkitPro/libnx/lib\libnx.a(dynamic.o)
                              C:/devkitPro/libnx/lib\libnx.a(switch_crt0.o) (__nx_dynamic)
C:/devkitPro/libnx/lib\libnx.a(env.o)
                              C:/devkitPro/libnx/lib\libnx.a(fs_dev.o) (envIsNso)
C:/devkitPro/libnx/lib\libnx.a(init.o)
                              C:/devkitPro/libnx/lib\libnx.a(switch_crt0.o) (__libnx_init)
C:/devkitPro/libnx/lib\libnx.a(newlib.o)
                              C:/devkitPro/libnx/lib\libnx.a(init.o) (__libnx_init_time)
C:/devkitPro/libnx/lib\libnx.a(nxlink.o)
                              C:/devkitPro/libnx/lib\libnx.a(argv.o) (nxlinkSetup)
C:/devkitPro/libnx/lib\libnx.a(exception.o)
                              C:/devkitPro/libnx/lib\libnx.a(switch_crt0.o) (__libnx_exception_entry)
C:/devkitPro/libnx/lib\libnx.a(condvar.o)
                              C:/devkitPro/libnx/lib\libnx.a(sessionmgr.o) (condvarWaitTimeout)
C:/devkitPro/libnx/lib\libnx.a(shmem.o)
                              C:/devkitPro/libnx/lib\libnx.a(time.o) (shmemLoadRemote)
C:/devkitPro/libnx/lib\libnx.a(thread.o)
                              C:/devkitPro/libnx/lib\libnx.a(init.o) (__libnx_init_thread)
C:/devkitPro/libnx/lib\libnx.a(virtmem.o)
                              C:/devkitPro/libnx/lib\libnx.a(init.o) (virtmemSetup)
C:/devkitPro/libnx/lib\libnx.a(applet.o)
                              C:/devkitPro/libnx/lib\libnx.a(init.o) (appletExit)
C:/devkitPro/libnx/lib\libnx.a(hid.o)
                              C:/devkitPro/libnx/lib\libnx.a(init.o) (hidInitialize)
C:/devkitPro/libnx/lib\libnx.a(random.o)
                              C:/devkitPro/libnx/lib\libnx.a(virtmem.o) (randomGet64)
C:/devkitPro/libnx/lib\libnx.a(tmem.o)
                              C:/devkitPro/libnx/lib\libnx.a(applet.o) (tmemCreate)
C:/devkitPro/libnx/lib\libnx.a(apm.o)
                              C:/devkitPro/libnx/lib\libnx.a(applet.o) (apmInitialize)
C:/devkitPro/devkitA64/bin/../lib/gcc/aarch64-none-elf/15.1.0/../../../../aarch64-none-elf/lib/pic\libstdc++.a(del_ops.o)
                              main.o (operator delete(void*, unsigned long))
C:/devkitPro/devkitA64/bin/../lib/gcc/aarch64-none-elf/15.1.0/../../../../aarch64-none-elf/lib/pic\libstdc++.a(string-inst.o)
                              main.o (std::__cxx11::basic_string<char, std::char_traits<char>, std::allocator<char> >::_M_create(unsigned long&, unsigned long))
[...]
Memory Configuration

Name             Origin             Length             Attributes
*default*        0x0000000000000000 0xffffffffffffffff

Linker script and memory map

                0x0000000000000000                PROVIDE (__start__ = 0x0)
                0x0000000000000000                . = __start__
                [!provide]                        PROVIDE (__code_start = .)

.text           0x0000000000000000    0x16648
 *(.crt0)
 .crt0          0x0000000000000000      0x130 C:/devkitPro/libnx/lib\libnx.a(switch_crt0.o)
                0x0000000000000000                _start
                0x00000000000000e0                __nx_exit
                0x00000000000000f0                __nx_mod0
 *(.text.unlikely .text.*_unlikely .text.unlikely.*)
 .text.unlikely._ZSt9terminatev
                0x0000000000000130       0x10 C:/devkitPro/devkitA64/bin/../lib/gcc/aarch64-none-elf/15.1.0/../../../../aarch64-none-elf/lib/pic\libstdc++.a(eh_terminate.o)
                0x0000000000000130                std::terminate()
 .text.unlikely._ZSt10unexpectedv
                0x0000000000000140       0x10 C:/devkitPro/devkitA64/bin/../lib/gcc/aarch64-none-elf/15.1.0/../../../../aarch64-none-elf/lib/pic\libstdc++.a(eh_terminate.o)
                0x0000000000000140                std::unexpected()
 .text.unlikely._ZSt19__throw_logic_errorPKc
                0x0000000000000150       0x50 C:/devkitPro/devkitA64/bin/../lib/gcc/aarch64-none-elf/15.1.0/../../../../aarch64-none-elf/lib/pic\libstdc++.a(functexcept.o)
                0x0000000000000150                std::__throw_logic_error(char const*)
 .text.unlikely._ZSt20__throw_length_errorPKc
                0x00000000000001a0       0x50 C:/devkitPro/devkitA64/bin/../lib/gcc/aarch64-none-elf/15.1.0/../../../../aarch64-none-elf/lib/pic\libstdc++.a(functexcept.o)
                0x00000000000001a0                std::__throw_length_error(char const*)
 .text.unlikely._ZN9__gnu_cxx30__throw_concurrence_lock_errorEv
                0x00000000000001f0       0x34 C:/devkitPro/devkitA64/bin/../lib/gcc/aarch64-none-elf/15.1.0/../../../../aarch64-none-elf/lib/pic\libstdc++.a(eh_alloc.o)
                0x00000000000001f0                __gnu_cxx::__throw_concurrence_lock_error()
 .text.unlikely._ZN9__gnu_cxx32__throw_concurrence_unlock_errorEv
                0x0000000000000224       0x34 C:/devkitPro/devkitA64/bin/../lib/gcc/aarch64-none-elf/15.1.0/../../../../aarch64-none-elf/lib/pic\libstdc++.a(eh_alloc.o)
                0x0000000000000224                __gnu_cxx::__throw_concurrence_unlock_error()
 .text.unlikely.__cxa_call_terminate
                0x0000000000000258       0x44 C:/devkitPro/devkitA64/bin/../lib/gcc/aarch64-none-elf/15.1.0/../../../../aarch64-none-elf/lib/pic\libstdc++.a(eh_call.o)
                0x0000000000000258                __cxa_call_terminate
 *(.text.exit .text.exit.*)
 *fill*         0x000000000000029c        0x4 
 .text.exit._GLOBAL__sub_D_eh_globals.cc
                0x00000000000002a0       0x34 C:/devkitPro/devkitA64/bin/../lib/gcc/aarch64-none-elf/15.1.0/../../../../aarch64-none-elf/lib/pic\libstdc++.a(eh_globals.o)
 *fill*         0x00000000000002d4        0xc 
 .text.exit     0x00000000000002e0       0x34 C:/devkitPro/devkitA64/bin/../lib/gcc/aarch64-none-elf/15.1.0/../../../../aarch64-none-elf/lib/pic\libg.a(libc_a-exit.o)
                0x00000000000002e0                exit
 *(.text.startup .text.startup.*)
 *fill*         0x0000000000000314        0xc 
 .text.startup.main
                0x0000000000000320       0xec main.o
                0x0000000000000320                main
 *fill*         0x000000000000040c       0x14 
 .text.startup._GLOBAL__sub_I_eh_globals.cc
                0x0000000000000420       0x38 C:/devkitPro/devkitA64/bin/../lib/gcc/aarch64-none-elf/15.1.0/../../../../aarch64-none-elf/lib/pic\libstdc++.a(eh_globals.o)
 *fill*         0x0000000000000458        0x8 
 .text.startup._GLOBAL__sub_I_eh_alloc.cc
                0x0000000000000460      0x1f0 C:/devkitPro/devkitA64/bin/../lib/gcc/aarch64-none-elf/15.1.0/../../../../aarch64-none-elf/lib/pic\libstdc++.a(eh_alloc.o)
 *(.text.hot .text.hot.*)
 *(.text .stub .text.* .gnu.linkonce.t.*)
 *fill*         0x0000000000000650       0x10 
 .text.__do_global_dtors_aux
                0x0000000000000660       0x50 C:/devkitPro/devkitA64/bin/../lib/gcc/aarch64-none-elf/15.1.0/pic/crtbegin.o
 *fill*         0x00000000000006b0       0x10 
 .text.frame_dummy
                0x00000000000006c0       0x24 C:/devkitPro/devkitA64/bin/../lib/gcc/aarch64-none-elf/15.1.0/pic/crtbegin.o
 *fill*         0x00000000000006e4        0xc 
 .text._Z13I2cRead_OutU89I2cDevicehPh
                0x00000000000006f0       0xcc i2c.o
                0x00000000000006f0                I2cRead_OutU8(I2cDevice, unsigned char, unsigned char*)
 *fill*         0x00000000000007bc        0x4 
 .text._Z37I2c_Bq24193_SetFastChargeCurrentLimitj
                0x00000000000007c0       0xd8 i2c.o
                0x00000000000007c0                I2c_Bq24193_SetFastChargeCurrentLimit(unsigned int)
 *fill*         0x0000000000000898        0x8 
 .text._Z33I2c_Bq24193_SetChargeVoltageLimitj
                0x00000000000008a0       0xd8 i2c.o
                0x00000000000008a0                I2c_Bq24193_SetChargeVoltageLimit(unsigned int)
 *fill*         0x0000000000000978        0x8 
 .text._ZL29psmGetBatteryChargeInfoFieldsP17BatteryChargeInfo
                0x0000000000000980      0x134 main.o
 *fill*         0x0000000000000ab4        0xc 
 .text._ZL33psmEnableBatteryCharging_internalv
                0x0000000000000ac0      0x10c main.o
 *fill*         0x0000000000000bcc        0x4 
 .text._ZL34psmDisableBatteryCharging_internalv
                0x0000000000000bd0      0x10c main.o
 *fill*         0x0000000000000cdc        0x4 
 .text._Z17LoadSysLihvConfigP13SysLihvConfig
                0x0000000000000ce0      0x4e8 main.o
                0x0000000000000ce0                LoadSysLihvConfig(SysLihvConfig*)
 *fill*         0x00000000000011c8        0x8 
 .text._bpcCmdNoIO.constprop.0
                0x00000000000011d0       0xbc C:/devkitPro/libnx/lib\libnx.a(bpc.o)
 *fill*         0x000000000000128c        0x4 
 .text.bpcShutdownSystem
                0x0000000000001290        0x8 C:/devkitPro/libnx/lib\libnx.a(bpc.o)
                0x0000000000001290                bpcShutdownSystem
 *fill*         0x0000000000001298        0x8 
 .text._fsCleanup
                0x00000000000012a0       0xb4 C:/devkitPro/libnx/lib\libnx.a(fs.o)
 *fill*         0x0000000000001354        0xc 
 .text._fsCmdNoIO
                0x0000000000001360      0x1c0 C:/devkitPro/libnx/lib\libnx.a(fs.o)
 .text._fsFsCmdWithInPath
                0x0000000000001520      0x1e0 C:/devkitPro/libnx/lib\libnx.a(fs.o)
 .text._fsFsCmdWithTwoInPaths
                0x0000000000001700      0x1f8 C:/devkitPro/libnx/lib\libnx.a(fs.o)
 *fill*         0x00000000000018f8        0x8 
 .text._fsFsOpenCommon
                0x0000000000001900      0x28c C:/devkitPro/libnx/lib\libnx.a(fs.o)
 *fill*         0x0000000000001b8c        0x4 
 .text._fsFsCmdWithInPathAndOutU64
                0x0000000000001b90      0x1fc C:/devkitPro/libnx/lib\libnx.a(fs.o)
 *fill*         0x0000000000001d8c        0x4 
 .text._fsObjectClose
                0x0000000000001d90       0xf8 C:/devkitPro/libnx/lib\libnx.a(fs.o)
 *fill*         0x0000000000001e88        0x8 
 .text._fsCmdGetSession.constprop.0
                0x0000000000001e90      0x17c C:/devkitPro/libnx/lib\libnx.a(fs.o)
 *fill*         0x000000000000200c        0x4 
 .text.fsInitialize
                0x0000000000002010      0x2f8 C:/devkitPro/libnx/lib\libnx.a(fs.o)
                0x0000000000002010                fsInitialize
 *fill*         0x0000000000002308        0x8 
 .text.fsExit   0x0000000000002310       0x48 C:/devkitPro/libnx/lib\libnx.a(fs.o)
                0x0000000000002310                fsExit
 *fill*         0x0000000000002358        0x8 
 .text.fsOpenSdCardFileSystem
                0x0000000000002360        0x8 C:/devkitPro/libnx/lib\libnx.a(fs.o)
                0x0000000000002360                fsOpenSdCardFileSystem
 *fill*         0x0000000000002368        0x8 
 .text.fsFsCreateFile
                0x0000000000002370      0x1ec C:/devkitPro/libnx/lib\libnx.a(fs.o)
                0x0000000000002370                fsFsCreateFile
 *fill*         0x000000000000255c        0x4 
 .text.fsFsDeleteFile
                0x0000000000002560        0x8 C:/devkitPro/libnx/lib\libnx.a(fs.o)
                0x0000000000002560                fsFsDeleteFile
 *fill*         0x0000000000002568        0x8 
 .text.fsFsCreateDirectory
                0x0000000000002570        0x8 C:/devkitPro/libnx/lib\libnx.a(fs.o)
                0x0000000000002570                fsFsCreateDirectory
 *fill*         0x0000000000002578        0x8 
 .text.fsFsDeleteDirectory
                0x0000000000002580        0x8 C:/devkitPro/libnx/lib\libnx.a(fs.o)
                0x0000000000002580                fsFsDeleteDirectory
 *fill*         0x0000000000002588        0x8 
 .text.fsFsRenameFile
                0x0000000000002590        0x8 C:/devkitPro/libnx/lib\libnx.a(fs.o)
                0x0000000000002590                fsFsRenameFile
 *fill*         0x0000000000002598        0x8 
 .text.fsFsRenameDirectory
                0x00000000000025a0        0x8 C:/devkitPro/libnx/lib\libnx.a(fs.o)
                0x00000000000025a0                fsFsRenameDirectory
 *fill*         0x00000000000025a8        0x8 
 .text.fsFsGetEntryType
                0x00000000000025b0      0x1f0 C:/devkitPro/libnx/lib\libnx.a(fs.o)
                0x00000000000025b0                fsFsGetEntryType
 .text.fsFsOpenFile
                0x00000000000027a0        0x8 C:/devkitPro/libnx/lib\libnx.a(fs.o)
                0x00000000000027a0                fsFsOpenFile
 *fill*         0x00000000000027a8        0x8 
 .text.fsFsOpenDirectory
                0x00000000000027b0        0x8 C:/devkitPro/libnx/lib\libnx.a(fs.o)
                0x00000000000027b0                fsFsOpenDirectory
 *fill*         0x00000000000027b8        0x8 
 .text.fsFsGetFreeSpace
                0x00000000000027c0        0x8 C:/devkitPro/libnx/lib\libnx.a(fs.o)
                0x00000000000027c0                fsFsGetFreeSpace
 *fill*         0x00000000000027c8        0x8 
 .text.fsFsGetTotalSpace
                0x00000000000027d0        0x8 C:/devkitPro/libnx/lib\libnx.a(fs.o)
                0x00000000000027d0                fsFsGetTotalSpace
 *fill*         0x00000000000027d8        0x8 
 .text.fsFsGetFileTimeStampRaw
                0x00000000000027e0      0x230 C:/devkitPro/libnx/lib\libnx.a(fs.o)
                0x00000000000027e0                fsFsGetFileTimeStampRaw
 .text.fsFsClose
                0x0000000000002a10        0x4 C:/devkitPro/libnx/lib\libnx.a(fs.o)
                0x0000000000002a10                fsFsClose
 *fill*         0x0000000000002a14        0xc 
 .text.fsFileRead
                0x0000000000002a20      0x214 C:/devkitPro/libnx/lib\libnx.a(fs.o)
                0x0000000000002a20                fsFileRead
 *fill*         0x0000000000002c34        0xc 
 .text.fsFileWrite
                0x0000000000002c40      0x1f8 C:/devkitPro/libnx/lib\libnx.a(fs.o)
                0x0000000000002c40                fsFileWrite
 *fill*         0x0000000000002e38        0x8 
 .text.fsFileFlush
                0x0000000000002e40        0x8 C:/devkitPro/libnx/lib\libnx.a(fs.o)
                0x0000000000002e40                fsFileFlush
 *fill*         0x0000000000002e48        0x8 
 .text.fsFileSetSize
                0x0000000000002e50      0x1c0 C:/devkitPro/libnx/lib\libnx.a(fs.o)
                0x0000000000002e50                fsFileSetSize
 .text.fsFileGetSize
                0x0000000000003010      0x1d4 C:/devkitPro/libnx/lib\libnx.a(fs.o)
                0x0000000000003010                fsFileGetSize
 *fill*         0x00000000000031e4        0xc 
 .text.fsFileClose
                0x00000000000031f0        0x4 C:/devkitPro/libnx/lib\libnx.a(fs.o)
                0x00000000000031f0                fsFileClose
 *fill*         0x00000000000031f4        0xc 
 .text.fsDirClose
                0x0000000000003200        0x4 C:/devkitPro/libnx/lib\libnx.a(fs.o)
                0x0000000000003200                fsDirClose
 *fill*         0x0000000000003204        0xc 
 .text.fsDirRead
                0x0000000000003210      0x204 C:/devkitPro/libnx/lib\libnx.a(fs.o)
                0x0000000000003210                fsDirRead
 *fill*         0x0000000000003414        0xc 
 .text.i2cOpenSession
                0x0000000000003420      0x104 C:/devkitPro/libnx/lib\libnx.a(i2c.o)
                0x0000000000003420                i2cOpenSession
 *fill*         0x0000000000003524        0xc 
 .text.i2csessionSendAuto
                0x0000000000003530      0x138 C:/devkitPro/libnx/lib\libnx.a(i2c.o)
                0x0000000000003530                i2csessionSendAuto
 *fill*         0x0000000000003668        0x8 
 .text.i2csessionReceiveAuto
                0x0000000000003670      0x12c C:/devkitPro/libnx/lib\libnx.a(i2c.o)
                0x0000000000003670                i2csessionReceiveAuto
 *fill*         0x000000000000379c        0x4 
 .text.i2csessionClose
                0x00000000000037a0       0x64 C:/devkitPro/libnx/lib\libnx.a(i2c.o)
                0x00000000000037a0                i2csessionClose
 *fill*         0x0000000000003804        0xc 
 .text._setsysGetFirmwareVersionImpl
                0x0000000000003810       0xd0 C:/devkitPro/libnx/lib\libnx.a(set.o)
 .text._setsysCleanup
                0x00000000000038e0       0x78 C:/devkitPro/libnx/lib\libnx.a(set.o)
 *fill*         0x0000000000003958        0x8 
 .text.setsysInitialize
                0x0000000000003960       0xa0 C:/devkitPro/libnx/lib\libnx.a(set.o)
                0x0000000000003960                setsysInitialize
 .text.setsysExit
                0x0000000000003a00       0x48 C:/devkitPro/libnx/lib\libnx.a(set.o)
                0x0000000000003a00                setsysExit
 *fill*         0x0000000000003a48        0x8 
 .text.setsysGetFirmwareVersion
                0x0000000000003a50       0x48 C:/devkitPro/libnx/lib\libnx.a(set.o)
                0x0000000000003a50                setsysGetFirmwareVersion
 *fill*         0x0000000000003a98        0x8 
 .text._smCmifCmdInPid
                0x0000000000003aa0       0xcc C:/devkitPro/libnx/lib\libnx.a(sm.o)
 *fill*         0x0000000000003b6c        0x4 
 .text._smCleanup
                0x0000000000003b70       0x78 C:/devkitPro/libnx/lib\libnx.a(sm.o)
 *fill*         0x0000000000003be8        0x8 
 .text.smAddOverrideHandle
                0x0000000000003bf0       0x48 C:/devkitPro/libnx/lib\libnx.a(sm.o)
                0x0000000000003bf0                smAddOverrideHandle
 *fill*         0x0000000000003c38        0x8 
 .text.smGetServiceOverride
                0x0000000000003c40       0x54 C:/devkitPro/libnx/lib\libnx.a(sm.o)
                0x0000000000003c40                smGetServiceOverride
 *fill*         0x0000000000003c94        0xc 
 .text.smInitialize
                0x0000000000003ca0      0x1ac C:/devkitPro/libnx/lib\libnx.a(sm.o)
                0x0000000000003ca0                smInitialize
 *fill*         0x0000000000003e4c        0x4 
 .text.smExit   0x0000000000003e50       0x48 C:/devkitPro/libnx/lib\libnx.a(sm.o)
                0x0000000000003e50                smExit
 *fill*         0x0000000000003e98        0x8 
 .text.smGetServiceOriginal
                0x0000000000003ea0       0xd0 C:/devkitPro/libnx/lib\libnx.a(sm.o)
                0x0000000000003ea0                smGetServiceOriginal
 .text.smGetServiceWrapper
                0x0000000000003f70      0x120 C:/devkitPro/libnx/lib\libnx.a(sm.o)
                0x0000000000003f70                smGetServiceWrapper
 .text.splGetConfig
                0x0000000000004090      0x164 C:/devkitPro/libnx/lib\libnx.a(spl.o)
                0x0000000000004090                splGetConfig
 *fill*         0x00000000000041f4        0xc 
 .text.diagAbortWithResult
                0x0000000000004200       0x1c C:/devkitPro/libnx/lib\libnx.a(diag.o)
                0x0000000000004200                diagAbortWithResult
 *fill*         0x000000000000421c        0x4 
 .text.hosversionGet
                0x0000000000004220       0x14 C:/devkitPro/libnx/lib\libnx.a(hosversion.o)
                0x0000000000004220                hosversionGet
 *fill*         0x0000000000004234        0xc 
 .text.hosversionSet
                0x0000000000004240       0x10 C:/devkitPro/libnx/lib\libnx.a(hosversion.o)
                0x0000000000004240                hosversionSet
 .text.fsdev_link
                0x0000000000004250       0x10 C:/devkitPro/libnx/lib\libnx.a(fs_dev.o)
 .text.fsdev_dirreset
                0x0000000000004260       0x10 C:/devkitPro/libnx/lib\libnx.a(fs_dev.o)
 .text.fsdev_chmod
                0x0000000000004270       0x10 C:/devkitPro/libnx/lib\libnx.a(fs_dev.o)
 .text.error_cmp
                0x0000000000004280       0x18 C:/devkitPro/libnx/lib\libnx.a(fs_dev.o)
 *fill*         0x0000000000004298        0x8 
 .text.fsdev_dirclose
                0x00000000000042a0       0x20 C:/devkitPro/libnx/lib\libnx.a(fs_dev.o)
 .text.fsdev_close
                0x00000000000042c0       0x1c C:/devkitPro/libnx/lib\libnx.a(fs_dev.o)
 *fill*         0x00000000000042dc        0x4 
 .text.fsdev_converttimetoutc
                0x00000000000042e0       0x74 C:/devkitPro/libnx/lib\libnx.a(fs_dev.o)
 *fill*         0x0000000000004354        0xc 
 .text.fsdevFindDevice.part.0
                0x0000000000004360       0xd4 C:/devkitPro/libnx/lib\libnx.a(fs_dev.o)
 *fill*         0x0000000000004434        0xc 
 .text.fsdev_fixpath
                0x0000000000004440      0x1cc C:/devkitPro/libnx/lib\libnx.a(fs_dev.o)
 *fill*         0x000000000000460c        0x4 
 .text._fsdevUnmountDeviceStruct.part.0
                0x0000000000004610       0x9c C:/devkitPro/libnx/lib\libnx.a(fs_dev.o)
 *fill*         0x00000000000046ac        0x4 
 .text.fsdev_fchmod
                0x00000000000046b0       0x10 C:/devkitPro/libnx/lib\libnx.a(fs_dev.o)
 .text.fsdev_diropen
                0x00000000000046c0      0x100 C:/devkitPro/libnx/lib\libnx.a(fs_dev.o)
 .text.fsdev_statvfs
                0x00000000000047c0       0xf8 C:/devkitPro/libnx/lib\libnx.a(fs_dev.o)
 *fill*         0x00000000000048b8        0x8 
 .text.fsdev_fsync
                0x00000000000048c0       0x7c C:/devkitPro/libnx/lib\libnx.a(fs_dev.o)
 *fill*         0x000000000000493c        0x4 
 .text.fsdev_fstat
                0x0000000000004940       0xec C:/devkitPro/libnx/lib\libnx.a(fs_dev.o)
 *fill*         0x0000000000004a2c        0x4 
 .text.fsdev_ftruncate
                0x0000000000004a30       0x94 C:/devkitPro/libnx/lib\libnx.a(fs_dev.o)
 *fill*         0x0000000000004ac4        0xc 
 .text.fsdev_stat
                0x0000000000004ad0      0x1d8 C:/devkitPro/libnx/lib\libnx.a(fs_dev.o)
 *fill*         0x0000000000004ca8        0x8 
 .text.fsdev_rename
                0x0000000000004cb0      0x14c C:/devkitPro/libnx/lib\libnx.a(fs_dev.o)
 *fill*         0x0000000000004dfc        0x4 
 .text.fsdev_chdir
                0x0000000000004e00      0x13c C:/devkitPro/libnx/lib\libnx.a(fs_dev.o)
 *fill*         0x0000000000004f3c        0x4 
 .text.fsdev_rmdir
                0x0000000000004f40       0xa4 C:/devkitPro/libnx/lib\libnx.a(fs_dev.o)
 *fill*         0x0000000000004fe4        0xc 
 .text.fsdev_mkdir
                0x0000000000004ff0       0xa4 C:/devkitPro/libnx/lib\libnx.a(fs_dev.o)
 *fill*         0x0000000000005094        0xc 
 .text.fsdev_unlink
                0x00000000000050a0       0xa4 C:/devkitPro/libnx/lib\libnx.a(fs_dev.o)
 *fill*         0x0000000000005144        0xc 
 .text.fsdev_write_safe
                0x0000000000005150      0x13c C:/devkitPro/libnx/lib\libnx.a(fs_dev.o)
 *fill*         0x000000000000528c        0x4 
 .text.fsdev_read_safe
                0x0000000000005290      0x134 C:/devkitPro/libnx/lib\libnx.a(fs_dev.o)
 *fill*         0x00000000000053c4        0xc 
 .text.fsdev_read
                0x00000000000053d0      0x100 C:/devkitPro/libnx/lib\libnx.a(fs_dev.o)
 .text.fsdev_dirnext
                0x00000000000054d0      0x1d4 C:/devkitPro/libnx/lib\libnx.a(fs_dev.o)
 *fill*         0x00000000000056a4        0xc 
 .text.fsdev_write
                0x00000000000056b0      0x124 C:/devkitPro/libnx/lib\libnx.a(fs_dev.o)
 *fill*         0x00000000000057d4        0xc 
 .text.fsdev_seek
                0x00000000000057e0      0x110 C:/devkitPro/libnx/lib\libnx.a(fs_dev.o)
 .text.fsdev_open
                0x00000000000058f0      0x230 C:/devkitPro/libnx/lib\libnx.a(fs_dev.o)
 .text.fsdevMountDevice
                0x0000000000005b20      0x324 C:/devkitPro/libnx/lib\libnx.a(fs_dev.o)
                0x0000000000005b20                fsdevMountDevice
 *fill*         0x0000000000005e44        0xc 
 .text.fsdevMountSdmc
                0x0000000000005e50       0x40 C:/devkitPro/libnx/lib\libnx.a(fs_dev.o)
                0x0000000000005e50                fsdevMountSdmc
 .text.__libnx_init_cwd
                0x0000000000005e90       0xbc C:/devkitPro/libnx/lib\libnx.a(fs_dev.o)
                0x0000000000005e90                __libnx_init_cwd
 *fill*         0x0000000000005f4c        0x4 
 .text.fsdevUnmountAll
                0x0000000000005f50       0x64 C:/devkitPro/libnx/lib\libnx.a(fs_dev.o)
                0x0000000000005f50                fsdevUnmountAll
 *fill*         0x0000000000005fb4        0xc 
 .text.decode_utf8
                0x0000000000005fc0      0x128 C:/devkitPro/libnx/lib\libnx.a(decode_utf8.o)
                0x0000000000005fc0                decode_utf8
 .text.svcSetHeapSize
                0x00000000000060e8       0x14 C:/devkitPro/libnx/lib\libnx.a(svc.o)
                0x00000000000060e8                svcSetHeapSize
 .text.svcSetMemoryPermission
                0x00000000000060fc        0x8 C:/devkitPro/libnx/lib\libnx.a(svc.o)
                0x00000000000060fc                svcSetMemoryPermission
 .text.svcSetMemoryAttribute
                0x0000000000006104        0x8 C:/devkitPro/libnx/lib\libnx.a(svc.o)
                0x0000000000006104                svcSetMemoryAttribute
 .text.svcUnmapMemory
                0x000000000000610c        0x8 C:/devkitPro/libnx/lib\libnx.a(svc.o)
                0x000000000000610c                svcUnmapMemory
 .text.svcQueryMemory
                0x0000000000006114       0x14 C:/devkitPro/libnx/lib\libnx.a(svc.o)
                0x0000000000006114                svcQueryMemory
 .text.svcExitProcess
                0x0000000000006128        0x8 C:/devkitPro/libnx/lib\libnx.a(svc.o)
                0x0000000000006128                svcExitProcess
 .text.svcSleepThread
                0x0000000000006130        0x8 C:/devkitPro/libnx/lib\libnx.a(svc.o)
                0x0000000000006130                svcSleepThread
 .text.svcMapSharedMemory
                0x0000000000006138        0x8 C:/devkitPro/libnx/lib\libnx.a(svc.o)
                0x0000000000006138                svcMapSharedMemory
 .text.svcUnmapSharedMemory
                0x0000000000006140        0x8 C:/devkitPro/libnx/lib\libnx.a(svc.o)
                0x0000000000006140                svcUnmapSharedMemory
 .text.svcCloseHandle
                0x0000000000006148        0x8 C:/devkitPro/libnx/lib\libnx.a(svc.o)
                0x0000000000006148                svcCloseHandle
 .text.svcResetSignal
                0x0000000000006150        0x8 C:/devkitPro/libnx/lib\libnx.a(svc.o)
                0x0000000000006150                svcResetSignal
 .text.svcWaitSynchronization
                0x0000000000006158       0x14 C:/devkitPro/libnx/lib\libnx.a(svc.o)
                0x0000000000006158                svcWaitSynchronization
 .text.svcArbitrateLock
                0x000000000000616c        0x8 C:/devkitPro/libnx/lib\libnx.a(svc.o)
                0x000000000000616c                svcArbitrateLock
 .text.svcArbitrateUnlock
                0x0000000000006174        0x8 C:/devkitPro/libnx/lib\libnx.a(svc.o)
                0x0000000000006174                svcArbitrateUnlock
 .text.svcWaitProcessWideKeyAtomic
                0x000000000000617c        0x8 C:/devkitPro/libnx/lib\libnx.a(svc.o)
                0x000000000000617c                svcWaitProcessWideKeyAtomic
 .text.svcSignalProcessWideKey
                0x0000000000006184        0x8 C:/devkitPro/libnx/lib\libnx.a(svc.o)
                0x0000000000006184                svcSignalProcessWideKey
 .text.svcConnectToNamedPort
                0x000000000000618c       0x14 C:/devkitPro/libnx/lib\libnx.a(svc.o)
                0x000000000000618c                svcConnectToNamedPort
 .text.svcSendSyncRequest
                0x00000000000061a0        0x8 C:/devkitPro/libnx/lib\libnx.a(svc.o)
                0x00000000000061a0                svcSendSyncRequest
 .text.svcBreak
                0x00000000000061a8        0x8 C:/devkitPro/libnx/lib\libnx.a(svc.o)
                0x00000000000061a8                svcBreak
 .text.svcReturnFromException
                0x00000000000061b0        0x8 C:/devkitPro/libnx/lib\libnx.a(svc.o)
                0x00000000000061b0                svcReturnFromException
 .text.svcGetInfo
                0x00000000000061b8       0x14 C:/devkitPro/libnx/lib\libnx.a(svc.o)
                0x00000000000061b8                svcGetInfo
 .text.svcUnmapTransferMemory
                0x00000000000061cc        0x8 C:/devkitPro/libnx/lib\libnx.a(svc.o)
                0x00000000000061cc                svcUnmapTransferMemory
 .text.__aarch64_read_tp
                0x00000000000061d4        0xc C:/devkitPro/libnx/lib\libnx.a(readtp.o)
                0x00000000000061d4                __aarch64_read_tp
 .text.eventLoadRemote
                0x00000000000061e0        0xc C:/devkitPro/libnx/lib\libnx.a(event.o)
                0x00000000000061e0                eventLoadRemote
 *fill*         0x00000000000061ec        0x4 
 .text.eventWait
                0x00000000000061f0       0x34 C:/devkitPro/libnx/lib\libnx.a(event.o)
                0x00000000000061f0                eventWait
 *fill*         0x0000000000006224        0xc 
 .text.eventClose
                0x0000000000006230       0x54 C:/devkitPro/libnx/lib\libnx.a(event.o)
                0x0000000000006230                eventClose
 *fill*         0x0000000000006284        0xc 
 .text.mutexLock
                0x0000000000006290       0xc8 C:/devkitPro/libnx/lib\libnx.a(mutex.o)
                0x0000000000006290                mutexLock
 *fill*         0x0000000000006358        0x8 
 .text.mutexUnlock
                0x0000000000006360       0x68 C:/devkitPro/libnx/lib\libnx.a(mutex.o)
                0x0000000000006360                mutexUnlock
 *fill*         0x00000000000063c8        0x8 
 .text.mutexIsLockedByCurrentThread
                0x00000000000063d0       0x1c C:/devkitPro/libnx/lib\libnx.a(mutex.o)
                0x00000000000063d0                mutexIsLockedByCurrentThread
 *fill*         0x00000000000063ec        0x4 
 .text.rmutexLock
                0x00000000000063f0       0x58 C:/devkitPro/libnx/lib\libnx.a(mutex.o)
                0x00000000000063f0                rmutexLock
 *fill*         0x0000000000006448        0x8 
 .text.rmutexUnlock
                0x0000000000006450       0x1c C:/devkitPro/libnx/lib\libnx.a(mutex.o)
                0x0000000000006450                rmutexUnlock
 *fill*         0x000000000000646c        0x4 
 .text.waitObjects
                0x0000000000006470      0x57c C:/devkitPro/libnx/lib\libnx.a(wait.o)
                0x0000000000006470                waitObjects
 *fill*         0x00000000000069ec        0x4 
 .text.sessionmgrCreate
                0x00000000000069f0      0x184 C:/devkitPro/libnx/lib\libnx.a(sessionmgr.o)
                0x00000000000069f0                sessionmgrCreate
 *fill*         0x0000000000006b74        0xc 
 .text.sessionmgrClose
                0x0000000000006b80       0x84 C:/devkitPro/libnx/lib\libnx.a(sessionmgr.o)
                0x0000000000006b80                sessionmgrClose
 *fill*         0x0000000000006c04        0xc 
 .text.sessionmgrAttachClient
                0x0000000000006c10       0xa8 C:/devkitPro/libnx/lib\libnx.a(sessionmgr.o)
                0x0000000000006c10                sessionmgrAttachClient
 *fill*         0x0000000000006cb8        0x8 
 .text.sessionmgrDetachClient
                0x0000000000006cc0       0x60 C:/devkitPro/libnx/lib\libnx.a(sessionmgr.o)
                0x0000000000006cc0                sessionmgrDetachClient
 .text._timeCleanup
                0x0000000000006d20      0x27c C:/devkitPro/libnx/lib\libnx.a(time.o)
 *fill*         0x0000000000006f9c        0x4 
 .text._timeCmdGetSession.constprop.0
                0x0000000000006fa0      0x100 C:/devkitPro/libnx/lib\libnx.a(time.o)
 .text._timeReadClockFromSharedMem
                0x00000000000070a0      0x104 C:/devkitPro/libnx/lib\libnx.a(time.o)
 *fill*         0x00000000000071a4        0xc 
 .text.timeInitialize
                0x00000000000071b0      0x300 C:/devkitPro/libnx/lib\libnx.a(time.o)
                0x00000000000071b0                timeInitialize
 .text.timeExit
                0x00000000000074b0       0x48 C:/devkitPro/libnx/lib\libnx.a(time.o)
                0x00000000000074b0                timeExit
 *fill*         0x00000000000074f8        0x8 
 .text.timeGetServiceSession_SystemClock
                0x0000000000007500       0x38 C:/devkitPro/libnx/lib\libnx.a(time.o)
                0x0000000000007500                timeGetServiceSession_SystemClock
 *fill*         0x0000000000007538        0x8 
 .text.timeGetCurrentTime
                0x0000000000007540       0xfc C:/devkitPro/libnx/lib\libnx.a(time.o)
                0x0000000000007540                timeGetCurrentTime
 *fill*         0x000000000000763c        0x4 
 .text.timeToCalendarTimeWithMyRule
                0x0000000000007640      0x108 C:/devkitPro/libnx/lib\libnx.a(time.o)
                0x0000000000007640                timeToCalendarTimeWithMyRule
 *fill*         0x0000000000007748        0x8 
 .text.timeToPosixTimeWithMyRule
                0x0000000000007750      0x114 C:/devkitPro/libnx/lib\libnx.a(time.o)
                0x0000000000007750                timeToPosixTimeWithMyRule
 *fill*         0x0000000000007864        0xc 
 .text.__libnx_alloc
                0x0000000000007870        0x4 C:/devkitPro/libnx/lib\libnx.a(alloc.o)
                0x0000000000007870                __libnx_alloc
 *fill*         0x0000000000007874        0xc 
 .text.__libnx_free
                0x0000000000007880        0x4 C:/devkitPro/libnx/lib\libnx.a(alloc.o)
                0x0000000000007880                __libnx_free
 *fill*         0x0000000000007884        0xc 
 .text.argvSetup
                0x0000000000007890      0x314 C:/devkitPro/libnx/lib\libnx.a(argv.o)
                0x0000000000007890                argvSetup
 *fill*         0x0000000000007ba4        0xc 
 .text.__nx_dynamic
                0x0000000000007bb0      0x1fc C:/devkitPro/libnx/lib\libnx.a(dynamic.o)
                0x0000000000007bb0                __nx_dynamic
 *fill*         0x0000000000007dac        0x4 
 .text.envSetup
                0x0000000000007db0      0x208 C:/devkitPro/libnx/lib\libnx.a(env.o)
                0x0000000000007db0                envSetup
 *fill*         0x0000000000007fb8        0x8 
 .text.envGetMainThreadHandle
                0x0000000000007fc0       0x20 C:/devkitPro/libnx/lib\libnx.a(env.o)
                0x0000000000007fc0                envGetMainThreadHandle
 .text.envIsNso
                0x0000000000007fe0        0xc C:/devkitPro/libnx/lib\libnx.a(env.o)
                0x0000000000007fe0                envIsNso
 *fill*         0x0000000000007fec        0x4 
 .text.envHasHeapOverride
                0x0000000000007ff0       0x14 C:/devkitPro/libnx/lib\libnx.a(env.o)
                0x0000000000007ff0                envHasHeapOverride
 *fill*         0x0000000000008004        0xc 
 .text.envGetHeapOverrideAddr
                0x0000000000008010        0xc C:/devkitPro/libnx/lib\libnx.a(env.o)
                0x0000000000008010                envGetHeapOverrideAddr
 *fill*         0x000000000000801c        0x4 
 .text.envGetHeapOverrideSize
                0x0000000000008020        0xc C:/devkitPro/libnx/lib\libnx.a(env.o)
                0x0000000000008020                envGetHeapOverrideSize
 *fill*         0x000000000000802c        0x4 
 .text.envHasArgv
                0x0000000000008030       0x14 C:/devkitPro/libnx/lib\libnx.a(env.o)
                0x0000000000008030                envHasArgv
 *fill*         0x0000000000008044        0xc 
 .text.envGetArgv
                0x0000000000008050        0xc C:/devkitPro/libnx/lib\libnx.a(env.o)
                0x0000000000008050                envGetArgv
 *fill*         0x000000000000805c        0x4 
 .text.envGetExitFuncPtr
                0x0000000000008060        0xc C:/devkitPro/libnx/lib\libnx.a(env.o)
                0x0000000000008060                envGetExitFuncPtr
 *fill*         0x000000000000806c        0x4 
 .text.envSetExitFuncPtr
                0x0000000000008070        0xc C:/devkitPro/libnx/lib\libnx.a(env.o)
                0x0000000000008070                envSetExitFuncPtr
 *fill*         0x000000000000807c        0x4 
 .text.envHasRandomSeed
                0x0000000000008080        0xc C:/devkitPro/libnx/lib\libnx.a(env.o)
                0x0000000000008080                envHasRandomSeed
 *fill*         0x000000000000808c        0x4 
 .text.envGetRandomSeed
                0x0000000000008090       0x10 C:/devkitPro/libnx/lib\libnx.a(env.o)
                0x0000000000008090                envGetRandomSeed
 .text.__libnx_initheap
                0x00000000000080a0       0xd0 C:/devkitPro/libnx/lib\libnx.a(init.o)
                0x00000000000080a0                __libnx_initheap
 .text.__appInit
                0x0000000000008170       0xec C:/devkitPro/libnx/lib\libnx.a(init.o)
                0x0000000000008170                __appInit
 *fill*         0x000000000000825c        0x4 
 .text.__appExit
                0x0000000000008260       0x44 C:/devkitPro/libnx/lib\libnx.a(init.o)
                0x0000000000008260                __appExit
 *fill*         0x00000000000082a4        0xc 
 .text.__libnx_init
                0x00000000000082b0       0x2c C:/devkitPro/libnx/lib\libnx.a(init.o)
                0x00000000000082b0                __libnx_init
 *fill*         0x00000000000082dc        0x4 
 .text.__libnx_exit
                0x00000000000082e0       0x1c C:/devkitPro/libnx/lib\libnx.a(init.o)
                0x00000000000082e0                __libnx_exit
 *fill*         0x00000000000082fc        0x4 
 .text.__syscall_exit
                0x0000000000008300       0x1c C:/devkitPro/libnx/lib\libnx.a(newlib.o)
                0x0000000000008300                __syscall_exit
 *fill*         0x000000000000831c        0x4 
 .text.__syscall_getreent
                0x0000000000008320       0x34 C:/devkitPro/libnx/lib\libnx.a(newlib.o)
                0x0000000000008320                __syscall_getreent
 *fill*         0x0000000000008354        0xc 
 .text.__syscall_lock_acquire
                0x0000000000008360        0x4 C:/devkitPro/libnx/lib\libnx.a(newlib.o)
                0x0000000000008360                __syscall_lock_acquire
 *fill*         0x0000000000008364        0xc 
 .text.__syscall_lock_release
                0x0000000000008370        0x4 C:/devkitPro/libnx/lib\libnx.a(newlib.o)
                0x0000000000008370                __syscall_lock_release
 *fill*         0x0000000000008374        0xc 
 .text.__syscall_lock_acquire_recursive
                0x0000000000008380        0x4 C:/devkitPro/libnx/lib\libnx.a(newlib.o)
                0x0000000000008380                __syscall_lock_acquire_recursive
 *fill*         0x0000000000008384        0xc 
 .text.__syscall_lock_release_recursive
                0x0000000000008390        0x4 C:/devkitPro/libnx/lib\libnx.a(newlib.o)
                0x0000000000008390                __syscall_lock_release_recursive
 *fill*         0x0000000000008394        0xc 
 .text.__syscall_cond_broadcast
                0x00000000000083a0       0x1c C:/devkitPro/libnx/lib\libnx.a(newlib.o)
                0x00000000000083a0                __syscall_cond_broadcast
 *fill*         0x00000000000083bc        0x4 
 .text.__syscall_cond_wait
                0x00000000000083c0       0x3c C:/devkitPro/libnx/lib\libnx.a(newlib.o)
                0x00000000000083c0                __syscall_cond_wait
 *fill*         0x00000000000083fc        0x4 
 .text.__syscall_tls_create
                0x0000000000008400       0x40 C:/devkitPro/libnx/lib\libnx.a(newlib.o)
                0x0000000000008400                __syscall_tls_create
 .text.__syscall_tls_set
                0x0000000000008440       0x18 C:/devkitPro/libnx/lib\libnx.a(newlib.o)
                0x0000000000008440                __syscall_tls_set
 *fill*         0x0000000000008458        0x8 
 .text.__syscall_tls_get
                0x0000000000008460        0x4 C:/devkitPro/libnx/lib\libnx.a(newlib.o)
                0x0000000000008460                __syscall_tls_get
 *fill*         0x0000000000008464        0xc 
 .text.__syscall_tls_delete
                0x0000000000008470       0x18 C:/devkitPro/libnx/lib\libnx.a(newlib.o)
                0x0000000000008470                __syscall_tls_delete
 *fill*         0x0000000000008488        0x8 
 .text.__libnx_init_time
                0x0000000000008490      0x25c C:/devkitPro/libnx/lib\libnx.a(newlib.o)
                0x0000000000008490                __libnx_init_time
 *fill*         0x00000000000086ec        0x4 
 .text.newlibSetup
                0x00000000000086f0       0x98 C:/devkitPro/libnx/lib\libnx.a(newlib.o)
                0x00000000000086f0                newlibSetup
 *fill*         0x0000000000008788        0x8 
 .text.nxlinkSetup
                0x0000000000008790       0xe8 C:/devkitPro/libnx/lib\libnx.a(nxlink.o)
                0x0000000000008790                nxlinkSetup
 .text.__libnx_exception_entry
                0x0000000000008878      0x1c0 C:/devkitPro/libnx/lib\libnx.a(exception.o)
                0x0000000000008878                __libnx_exception_entry
 .text.__libnx_exception_returnentry
                0x0000000000008a38       0x18 C:/devkitPro/libnx/lib\libnx.a(exception.o)
                0x0000000000008a38                __libnx_exception_returnentry
 .text.condvarWaitTimeout
                0x0000000000008a50       0x70 C:/devkitPro/libnx/lib\libnx.a(condvar.o)
                0x0000000000008a50                condvarWaitTimeout
 .text.shmemLoadRemote
                0x0000000000008ac0       0x14 C:/devkitPro/libnx/lib\libnx.a(shmem.o)
                0x0000000000008ac0                shmemLoadRemote
 *fill*         0x0000000000008ad4        0xc 
 .text.shmemMap
                0x0000000000008ae0       0x70 C:/devkitPro/libnx/lib\libnx.a(shmem.o)
                0x0000000000008ae0                shmemMap
 .text.shmemUnmap
                0x0000000000008b50       0x34 C:/devkitPro/libnx/lib\libnx.a(shmem.o)
                0x0000000000008b50                shmemUnmap
 *fill*         0x0000000000008b84        0xc 
 .text.shmemClose
                0x0000000000008b90       0x4c C:/devkitPro/libnx/lib\libnx.a(shmem.o)
                0x0000000000008b90                shmemClose
 *fill*         0x0000000000008bdc        0x4 
 .text.__libnx_init_thread
                0x0000000000008be0       0xb0 C:/devkitPro/libnx/lib\libnx.a(thread.o)
                0x0000000000008be0                __libnx_init_thread
 .text.threadTlsGet
                0x0000000000008c90       0x10 C:/devkitPro/libnx/lib\libnx.a(thread.o)
                0x0000000000008c90                threadTlsGet
 .text.threadTlsSet
                0x0000000000008ca0       0x10 C:/devkitPro/libnx/lib\libnx.a(thread.o)
                0x0000000000008ca0                threadTlsSet
 .text.threadTlsAlloc
                0x0000000000008cb0       0xd8 C:/devkitPro/libnx/lib\libnx.a(thread.o)
                0x0000000000008cb0                threadTlsAlloc
 *fill*         0x0000000000008d88        0x8 
 .text.threadTlsFree
                0x0000000000008d90       0x44 C:/devkitPro/libnx/lib\libnx.a(thread.o)
                0x0000000000008d90                threadTlsFree
 *fill*         0x0000000000008dd4        0xc 
 .text._memregionInitWithInfo
                0x0000000000008de0       0x64 C:/devkitPro/libnx/lib\libnx.a(virtmem.o)
 *fill*         0x0000000000008e44        0xc 
 .text.__libnx_virtmem_rng
                0x0000000000008e50        0x4 C:/devkitPro/libnx/lib\libnx.a(virtmem.o)
                0x0000000000008e50                __libnx_virtmem_rng
 *fill*         0x0000000000008e54        0xc 
 .text._memregionFindRandom
                0x0000000000008e60      0x164 C:/devkitPro/libnx/lib\libnx.a(virtmem.o)
 *fill*         0x0000000000008fc4        0xc 
 .text.virtmemSetup
                0x0000000000008fd0      0x140 C:/devkitPro/libnx/lib\libnx.a(virtmem.o)
                0x0000000000008fd0                virtmemSetup
 .text.virtmemLock
                0x0000000000009110        0xc C:/devkitPro/libnx/lib\libnx.a(virtmem.o)
                0x0000000000009110                virtmemLock
 *fill*         0x000000000000911c        0x4 
 .text.virtmemUnlock
                0x0000000000009120        0xc C:/devkitPro/libnx/lib\libnx.a(virtmem.o)
                0x0000000000009120                virtmemUnlock
 *fill*         0x000000000000912c        0x4 
 .text.virtmemFindAslr
                0x0000000000009130       0x50 C:/devkitPro/libnx/lib\libnx.a(virtmem.o)
                0x0000000000009130                virtmemFindAslr
 .text._appletInfiniteSleepLoop
                0x0000000000009180       0x18 C:/devkitPro/libnx/lib\libnx.a(applet.o)
 *fill*         0x0000000000009198        0x8 
 .text._appletCmdGetSession
                0x00000000000091a0      0x108 C:/devkitPro/libnx/lib\libnx.a(applet.o)
 *fill*         0x00000000000092a8        0x8 
 .text._appletCmdInU8NoOut
                0x00000000000092b0       0xcc C:/devkitPro/libnx/lib\libnx.a(applet.o)
 *fill*         0x000000000000937c        0x4 
 .text._appletCmdInU32NoOut
                0x0000000000009380       0xcc C:/devkitPro/libnx/lib\libnx.a(applet.o)
 *fill*         0x000000000000944c        0x4 
 .text._appletGetSessionProxy.constprop.0
                0x0000000000009450      0x12c C:/devkitPro/libnx/lib\libnx.a(applet.o)
 *fill*         0x000000000000957c        0x4 
 .text._appletOpenLibraryAppletProxy.constprop.0
                0x0000000000009580      0x148 C:/devkitPro/libnx/lib\libnx.a(applet.o)
 *fill*         0x00000000000096c8        0x8 
 .text._appletCmdGetEvent
                0x00000000000096d0       0xf8 C:/devkitPro/libnx/lib\libnx.a(applet.o)
 *fill*         0x00000000000097c8        0x8 
 .text._appletCmdNoInOutU8.isra.0
                0x00000000000097d0       0xd4 C:/devkitPro/libnx/lib\libnx.a(applet.o)
 *fill*         0x00000000000098a4        0xc 
 .text._appletCmdNoInOutU32.isra.0
                0x00000000000098b0       0xd4 C:/devkitPro/libnx/lib\libnx.a(applet.o)
 *fill*         0x0000000000009984        0xc 
 .text._appletCmdNoInOutU64.isra.0
                0x0000000000009990       0xd4 C:/devkitPro/libnx/lib\libnx.a(applet.o)
 *fill*         0x0000000000009a64        0xc 
 .text._appletCmdNoIO.isra.0
                0x0000000000009a70       0xc0 C:/devkitPro/libnx/lib\libnx.a(applet.o)
 .text.appletSetFocusHandlingMode
                0x0000000000009b30      0x1b8 C:/devkitPro/libnx/lib\libnx.a(applet.o)
                0x0000000000009b30                appletSetFocusHandlingMode
 *fill*         0x0000000000009ce8        0x8 
 .text.appletSetCpuBoostMode
                0x0000000000009cf0       0x5c C:/devkitPro/libnx/lib\libnx.a(applet.o)
                0x0000000000009cf0                appletSetCpuBoostMode
 *fill*         0x0000000000009d4c        0x4 
 .text.appletGetAppletResourceUserId
                0x0000000000009d50        0xc C:/devkitPro/libnx/lib\libnx.a(applet.o)
                0x0000000000009d50                appletGetAppletResourceUserId
 *fill*         0x0000000000009d5c        0x4 
 .text._appletHolderCreateState
                0x0000000000009d60      0x138 C:/devkitPro/libnx/lib\libnx.a(applet.o)
 *fill*         0x0000000000009e98        0x8 
 .text.appletHolderClose
                0x0000000000009ea0       0xb0 C:/devkitPro/libnx/lib\libnx.a(applet.o)
                0x0000000000009ea0                appletHolderClose
 .text.appletHolderGetLibraryAppletInfo
                0x0000000000009f50       0x24 C:/devkitPro/libnx/lib\libnx.a(applet.o)
                0x0000000000009f50                appletHolderGetLibraryAppletInfo
 *fill*         0x0000000000009f74        0xc 
 .text.appletNotifyRunning
                0x0000000000009f80       0x90 C:/devkitPro/libnx/lib\libnx.a(applet.o)
                0x0000000000009f80                appletNotifyRunning
 .text.appletSetGamePlayRecordingState
                0x000000000000a010       0x78 C:/devkitPro/libnx/lib\libnx.a(applet.o)
                0x000000000000a010                appletSetGamePlayRecordingState
 *fill*         0x000000000000a088        0x8 
 .text._appletCleanup
                0x000000000000a090      0xad4 C:/devkitPro/libnx/lib\libnx.a(applet.o)
 *fill*         0x000000000000ab64        0xc 
 .text.appletExit
                0x000000000000ab70       0x48 C:/devkitPro/libnx/lib\libnx.a(applet.o)
                0x000000000000ab70                appletExit
 *fill*         0x000000000000abb8        0x8 
 .text.appletGetLibraryAppletInfo
                0x000000000000abc0       0x40 C:/devkitPro/libnx/lib\libnx.a(applet.o)
                0x000000000000abc0                appletGetLibraryAppletInfo
 .text.appletInitialize
                0x000000000000ac00      0xc14 C:/devkitPro/libnx/lib\libnx.a(applet.o)
                0x000000000000ac00                appletInitialize
 *fill*         0x000000000000b814        0xc 
 .text._appletExitProcess
                0x000000000000b820       0x24 C:/devkitPro/libnx/lib\libnx.a(applet.o)
 *fill*         0x000000000000b844        0xc 
 .text._hidCleanup
                0x000000000000b850      0x12c C:/devkitPro/libnx/lib\libnx.a(hid.o)
 *fill*         0x000000000000b97c        0x4 
 .text.hidInitialize
                0x000000000000b980      0x26c C:/devkitPro/libnx/lib\libnx.a(hid.o)
                0x000000000000b980                hidInitialize
 *fill*         0x000000000000bbec        0x4 
 .text.hidExit  0x000000000000bbf0       0x48 C:/devkitPro/libnx/lib\libnx.a(hid.o)
                0x000000000000bbf0                hidExit
 *fill*         0x000000000000bc38        0x8 
 .text.randomGet
                0x000000000000bc40      0x410 C:/devkitPro/libnx/lib\libnx.a(random.o)
                0x000000000000bc40                randomGet
 .text.randomGet64
                0x000000000000c050       0x20 C:/devkitPro/libnx/lib\libnx.a(random.o)
                0x000000000000c050                randomGet64
 .text.tmemUnmap
                0x000000000000c070       0x34 C:/devkitPro/libnx/lib\libnx.a(tmem.o)
                0x000000000000c070                tmemUnmap
 *fill*         0x000000000000c0a4        0xc 
 .text.tmemCloseHandle
                0x000000000000c0b0       0x30 C:/devkitPro/libnx/lib\libnx.a(tmem.o)
                0x000000000000c0b0                tmemCloseHandle
 .text.tmemClose
                0x000000000000c0e0       0x50 C:/devkitPro/libnx/lib\libnx.a(tmem.o)
                0x000000000000c0e0                tmemClose
 .text._apmCleanup
                0x000000000000c130       0xd4 C:/devkitPro/libnx/lib\libnx.a(apm.o)
 *fill*         0x000000000000c204        0xc 
 .text.apmInitialize
                0x000000000000c210      0x194 C:/devkitPro/libnx/lib\libnx.a(apm.o)
                0x000000000000c210                apmInitialize
 *fill*         0x000000000000c3a4        0xc 
 .text.apmExit  0x000000000000c3b0       0x48 C:/devkitPro/libnx/lib\libnx.a(apm.o)
                0x000000000000c3b0                apmExit
 *fill*         0x000000000000c3f8        0x8 
 .text.apmSetPerformanceConfiguration
                0x000000000000c400       0xc8 C:/devkitPro/libnx/lib\libnx.a(apm.o)
                0x000000000000c400                apmSetPerformanceConfiguration
 *fill*         0x000000000000c4c8       0x18 
 .text._ZdlPvm  0x000000000000c4e0        0x4 C:/devkitPro/devkitA64/bin/../lib/gcc/aarch64-none-elf/15.1.0/../../../../aarch64-none-elf/lib/pic\libstdc++.a(del_ops.o)
                0x000000000000c4e0                operator delete(void*, unsigned long)
 *fill*         0x000000000000c4e4       0x1c 
 .text._ZNSt7__cxx1112basic_stringIcSt11char_traitsIcESaIcEE9_M_createERmm
                0x000000000000c500       0x5c C:/devkitPro/devkitA64/bin/../lib/gcc/aarch64-none-elf/15.1.0/../../../../aarch64-none-elf/lib/pic\libstdc++.a(string-inst.o)
                0x000000000000c500                std::__cxx11::basic_string<char, std::char_traits<char>, std::allocator<char> >::_M_create(unsigned long&, unsigned long)
 *fill*         0x000000000000c55c        0x4 
 .text._ZdlPv   0x000000000000c560        0x4 C:/devkitPro/devkitA64/bin/../lib/gcc/aarch64-none-elf/15.1.0/../../../../aarch64-none-elf/lib/pic\libstdc++.a(del_op.o)
                0x000000000000c560                operator delete(void*)
 *fill*         0x000000000000c564       0x1c 
 .text.__cxa_begin_catch
                0x000000000000c580       0x9c C:/devkitPro/devkitA64/bin/../lib/gcc/aarch64-none-elf/15.1.0/../../../../aarch64-none-elf/lib/pic\libstdc++.a(eh_catch.o)
                0x000000000000c580                __cxa_begin_catch
 *fill*         0x000000000000c61c        0x4 
 .text._ZNSt9exceptionD2Ev
                0x000000000000c620        0x4 C:/devkitPro/devkitA64/bin/../lib/gcc/aarch64-none-elf/15.1.0/../../../../aarch64-none-elf/lib/pic\libstdc++.a(eh_exception.o)
                0x000000000000c620                std::exception::~exception()
                0x000000000000c620                std::exception::~exception()
 *fill*         0x000000000000c624       0x1c 
 .text._ZL15eh_globals_dtorPv
                0x000000000000c640       0x44 C:/devkitPro/devkitA64/bin/../lib/gcc/aarch64-none-elf/15.1.0/../../../../aarch64-none-elf/lib/pic\libstdc++.a(eh_globals.o)
 *fill*         0x000000000000c684       0x1c 
 .text.__cxa_get_globals
                0x000000000000c6a0       0x80 C:/devkitPro/devkitA64/bin/../lib/gcc/aarch64-none-elf/15.1.0/../../../../aarch64-none-elf/lib/pic\libstdc++.a(eh_globals.o)
                0x000000000000c6a0                __cxa_get_globals
 .text._ZL16get_adjusted_ptrPKSt9type_infoS1_PPv
                0x000000000000c720       0x7c C:/devkitPro/devkitA64/bin/../lib/gcc/aarch64-none-elf/15.1.0/../../../../aarch64-none-elf/lib/pic\libstdc++.a(eh_personality.o)
 *fill*         0x000000000000c79c        0x4 
 .text._ZL28read_encoded_value_with_basehmPKhPm
                0x000000000000c7a0      0x138 C:/devkitPro/devkitA64/bin/../lib/gcc/aarch64-none-elf/15.1.0/../../../../aarch64-none-elf/lib/pic\libstdc++.a(eh_personality.o)
 *fill*         0x000000000000c8d8        0x8 
 .text._ZL21base_of_encoded_valuehP15_Unwind_Context
                0x000000000000c8e0       0x64 C:/devkitPro/devkitA64/bin/../lib/gcc/aarch64-none-elf/15.1.0/../../../../aarch64-none-elf/lib/pic\libstdc++.a(eh_personality.o)
 *fill*         0x000000000000c944       0x1c 
 .text._ZL20check_exception_specP16lsda_header_infoPKSt9type_infoPvl
                0x000000000000c960      0x108 C:/devkitPro/devkitA64/bin/../lib/gcc/aarch64-none-elf/15.1.0/../../../../aarch64-none-elf/lib/pic\libstdc++.a(eh_personality.o)
 *fill*         0x000000000000ca68       0x18 
 .text._ZL17parse_lsda_headerP15_Unwind_ContextPKhP16lsda_header_info
                0x000000000000ca80       0xf8 C:/devkitPro/devkitA64/bin/../lib/gcc/aarch64-none-elf/15.1.0/../../../../aarch64-none-elf/lib/pic\libstdc++.a(eh_personality.o)
 *fill*         0x000000000000cb78        0x8 
 .text.__gxx_personality_v0
                0x000000000000cb80      0x630 C:/devkitPro/devkitA64/bin/../lib/gcc/aarch64-none-elf/15.1.0/../../../../aarch64-none-elf/lib/pic\libstdc++.a(eh_personality.o)
                0x000000000000cb80                __gxx_personality_v0
 *fill*         0x000000000000d1b0       0x10 
 .text._ZN10__cxxabiv111__terminateEPFvvE
                0x000000000000d1c0       0x18 C:/devkitPro/devkitA64/bin/../lib/gcc/aarch64-none-elf/15.1.0/../../../../aarch64-none-elf/lib/pic\libstdc++.a(eh_terminate.o)
                0x000000000000d1c0                __cxxabiv1::__terminate(void (*)())
 *fill*         0x000000000000d1d8        0x8 
 .text._ZSt13get_terminatev
                0x000000000000d1e0       0x10 C:/devkitPro/devkitA64/bin/../lib/gcc/aarch64-none-elf/15.1.0/../../../../aarch64-none-elf/lib/pic\libstdc++.a(eh_terminate.o)
                0x000000000000d1e0                std::get_terminate()
 *fill*         0x000000000000d1f0       0x10 
 .text._ZN10__cxxabiv112__unexpectedEPFvvE
                0x000000000000d200       0x10 C:/devkitPro/devkitA64/bin/../lib/gcc/aarch64-none-elf/15.1.0/../../../../aarch64-none-elf/lib/pic\libstdc++.a(eh_terminate.o)
                0x000000000000d200                __cxxabiv1::__unexpected(void (*)())
 *fill*         0x000000000000d210       0x10 
 .text._ZSt14get_unexpectedv
                0x000000000000d220       0x10 C:/devkitPro/devkitA64/bin/../lib/gcc/aarch64-none-elf/15.1.0/../../../../aarch64-none-elf/lib/pic\libstdc++.a(eh_terminate.o)
                0x000000000000d220                std::get_unexpected()
 *fill*         0x000000000000d230       0x10 
 .text._ZL23__gxx_exception_cleanup19_Unwind_Reason_CodeP17_Unwind_Exception
                0x000000000000d240       0x58 C:/devkitPro/devkitA64/bin/../lib/gcc/aarch64-none-elf/15.1.0/../../../../aarch64-none-elf/lib/pic\libstdc++.a(eh_throw.o)
 *fill*         0x000000000000d298        0x8 
 .text.__cxa_init_primary_exception
                0x000000000000d2a0       0x54 C:/devkitPro/devkitA64/bin/../lib/gcc/aarch64-none-elf/15.1.0/../../../../aarch64-none-elf/lib/pic\libstdc++.a(eh_throw.o)
                0x000000000000d2a0                __cxa_init_primary_exception
 *fill*         0x000000000000d2f4        0xc 
 .text.__cxa_throw
                0x000000000000d300       0x5c C:/devkitPro/devkitA64/bin/../lib/gcc/aarch64-none-elf/15.1.0/../../../../aarch64-none-elf/lib/pic\libstdc++.a(eh_throw.o)
                0x000000000000d300                __cxa_throw
 *fill*         0x000000000000d35c        0x4 
 .text._Znwm    0x000000000000d360       0x68 C:/devkitPro/devkitA64/bin/../lib/gcc/aarch64-none-elf/15.1.0/../../../../aarch64-none-elf/lib/pic\libstdc++.a(new_op.o)
                0x000000000000d360                operator new(unsigned long)
 *fill*         0x000000000000d3c8       0x18 
 .text._ZN10__cxxabiv120__si_class_type_infoD2Ev
                0x000000000000d3e0       0x14 C:/devkitPro/devkitA64/bin/../lib/gcc/aarch64-none-elf/15.1.0/../../../../aarch64-none-elf/lib/pic\libstdc++.a(si_class_type_info.o)
                0x000000000000d3e0                __cxxabiv1::__si_class_type_info::~__si_class_type_info()
                0x000000000000d3e0                __cxxabiv1::__si_class_type_info::~__si_class_type_info()
 *fill*         0x000000000000d3f4        0xc 
 .text._ZN10__cxxabiv120__si_class_type_infoD0Ev
                0x000000000000d400       0x20 C:/devkitPro/devkitA64/bin/../lib/gcc/aarch64-none-elf/15.1.0/../../../../aarch64-none-elf/lib/pic\libstdc++.a(si_class_type_info.o)
                0x000000000000d400                __cxxabiv1::__si_class_type_info::~__si_class_type_info()
 .text._ZNK10__cxxabiv120__si_class_type_info12__do_dyncastElNS_17__class_type_info10__sub_kindEPKS1_PKvS4_S6_RNS1_16__dyncast_resultE
                0x000000000000d420      0x194 C:/devkitPro/devkitA64/bin/../lib/gcc/aarch64-none-elf/15.1.0/../../../../aarch64-none-elf/lib/pic\libstdc++.a(si_class_type_info.o)
                0x000000000000d420                __cxxabiv1::__si_class_type_info::__do_dyncast(long, __cxxabiv1::__class_type_info::__sub_kind, __cxxabiv1::__class_type_info const*, void const*, __cxxabiv1::__class_type_info const*, void const*, __cxxabiv1::__class_type_info::__dyncast_result&) const
 *fill*         0x000000000000d5b4        0xc 
 .text._ZNK10__cxxabiv120__si_class_type_info20__do_find_public_srcElPKvPKNS_17__class_type_infoES2_
                0x000000000000d5c0       0xa8 C:/devkitPro/devkitA64/bin/../lib/gcc/aarch64-none-elf/15.1.0/../../../../aarch64-none-elf/lib/pic\libstdc++.a(si_class_type_info.o)
                0x000000000000d5c0                __cxxabiv1::__si_class_type_info::__do_find_public_src(long, void const*, __cxxabiv1::__class_type_info const*, void const*) const
 *fill*         0x000000000000d668       0x18 
 .text._ZNK10__cxxabiv120__si_class_type_info11__do_upcastEPKNS_17__class_type_infoEPKvRNS1_15__upcast_resultE
                0x000000000000d680       0x64 C:/devkitPro/devkitA64/bin/../lib/gcc/aarch64-none-elf/15.1.0/../../../../aarch64-none-elf/lib/pic\libstdc++.a(si_class_type_info.o)
                0x000000000000d680                __cxxabiv1::__si_class_type_info::__do_upcast(__cxxabiv1::__class_type_info const*, void const*, __cxxabiv1::__class_type_info::__upcast_result&) const
 *fill*         0x000000000000d6e4       0x1c 
 .text._ZNSt9type_infoD2Ev
                0x000000000000d700        0x4 C:/devkitPro/devkitA64/bin/../lib/gcc/aarch64-none-elf/15.1.0/../../../../aarch64-none-elf/lib/pic\libstdc++.a(tinfo.o)
                0x000000000000d700                std::type_info::~type_info()
                0x000000000000d700                std::type_info::~type_info()
 *fill*         0x000000000000d704       0x1c 
 .text._ZNKSt9type_info14__is_pointer_pEv
                0x000000000000d720        0x8 C:/devkitPro/devkitA64/bin/../lib/gcc/aarch64-none-elf/15.1.0/../../../../aarch64-none-elf/lib/pic\libstdc++.a(tinfo.o)
                0x000000000000d720                std::type_info::__is_pointer_p() const
                0x000000000000d720                std::type_info::__is_function_p() const
 *fill*         0x000000000000d728       0x18 
 .text._ZNKSt9bad_alloc4whatEv
                0x000000000000d740        0xc C:/devkitPro/devkitA64/bin/../lib/gcc/aarch64-none-elf/15.1.0/../../../../aarch64-none-elf/lib/pic\libstdc++.a(bad_alloc.o)
                0x000000000000d740                std::bad_alloc::what() const
 *fill*         0x000000000000d74c       0x14 
 .text._ZNSt9bad_allocD2Ev
                0x000000000000d760       0x14 C:/devkitPro/devkitA64/bin/../lib/gcc/aarch64-none-elf/15.1.0/../../../../aarch64-none-elf/lib/pic\libstdc++.a(bad_alloc.o)
                0x000000000000d760                std::bad_alloc::~bad_alloc()
                0x000000000000d760                std::bad_alloc::~bad_alloc()
 *fill*         0x000000000000d774        0xc 
 .text._ZNSt9bad_allocD0Ev
                0x000000000000d780       0x20 C:/devkitPro/devkitA64/bin/../lib/gcc/aarch64-none-elf/15.1.0/../../../../aarch64-none-elf/lib/pic\libstdc++.a(bad_alloc.o)
                0x000000000000d780                std::bad_alloc::~bad_alloc()
 .text._ZNK10__cxxabiv117__class_type_info11__do_upcastEPKS0_PPv
                0x000000000000d7a0       0x68 C:/devkitPro/devkitA64/bin/../lib/gcc/aarch64-none-elf/15.1.0/../../../../aarch64-none-elf/lib/pic\libstdc++.a(class_type_info.o)
                0x000000000000d7a0                __cxxabiv1::__class_type_info::__do_upcast(__cxxabiv1::__class_type_info const*, void**) const
 *fill*         0x000000000000d808       0x18 
 .text._ZNK10__cxxabiv117__class_type_info20__do_find_public_srcElPKvPKS0_S2_
                0x000000000000d820       0x10 C:/devkitPro/devkitA64/bin/../lib/gcc/aarch64-none-elf/15.1.0/../../../../aarch64-none-elf/lib/pic\libstdc++.a(class_type_info.o)
                0x000000000000d820                __cxxabiv1::__class_type_info::__do_find_public_src(long, void const*, __cxxabiv1::__class_type_info const*, void const*) const
 *fill*         0x000000000000d830       0x10 
 .text._ZN10__cxxabiv117__class_type_infoD2Ev
                0x000000000000d840       0x14 C:/devkitPro/devkitA64/bin/../lib/gcc/aarch64-none-elf/15.1.0/../../../../aarch64-none-elf/lib/pic\libstdc++.a(class_type_info.o)
                0x000000000000d840                __cxxabiv1::__class_type_info::~__class_type_info()
                0x000000000000d840                __cxxabiv1::__class_type_info::~__class_type_info()
 *fill*         0x000000000000d854        0xc 
 .text._ZN10__cxxabiv117__class_type_infoD0Ev
                0x000000000000d860       0x20 C:/devkitPro/devkitA64/bin/../lib/gcc/aarch64-none-elf/15.1.0/../../../../aarch64-none-elf/lib/pic\libstdc++.a(class_type_info.o)
                0x000000000000d860                __cxxabiv1::__class_type_info::~__class_type_info()
 .text._ZNK10__cxxabiv117__class_type_info11__do_upcastEPKS0_PKvRNS0_15__upcast_resultE
                0x000000000000d880       0x90 C:/devkitPro/devkitA64/bin/../lib/gcc/aarch64-none-elf/15.1.0/../../../../aarch64-none-elf/lib/pic\libstdc++.a(class_type_info.o)
                0x000000000000d880                __cxxabiv1::__class_type_info::__do_upcast(__cxxabiv1::__class_type_info const*, void const*, __cxxabiv1::__class_type_info::__upcast_result&) const
 *fill*         0x000000000000d910       0x10 
 .text._ZNK10__cxxabiv117__class_type_info10__do_catchEPKSt9type_infoPPvj
                0x000000000000d920       0xa8 C:/devkitPro/devkitA64/bin/../lib/gcc/aarch64-none-elf/15.1.0/../../../../aarch64-none-elf/lib/pic\libstdc++.a(class_type_info.o)
                0x000000000000d920                __cxxabiv1::__class_type_info::__do_catch(std::type_info const*, void**, unsigned int) const
 *fill*         0x000000000000d9c8       0x18 
 .text._ZNK10__cxxabiv117__class_type_info12__do_dyncastElNS0_10__sub_kindEPKS0_PKvS3_S5_RNS0_16__dyncast_resultE
                0x000000000000d9e0       0xec C:/devkitPro/devkitA64/bin/../lib/gcc/aarch64-none-elf/15.1.0/../../../../aarch64-none-elf/lib/pic\libstdc++.a(class_type_info.o)
                0x000000000000d9e0                __cxxabiv1::__class_type_info::__do_dyncast(long, __cxxabiv1::__class_type_info::__sub_kind, __cxxabiv1::__class_type_info const*, void const*, __cxxabiv1::__class_type_info const*, void const*, __cxxabiv1::__class_type_info::__dyncast_result&) const
 *fill*         0x000000000000dacc       0x14 
 .text._ZNK9__gnu_cxx24__concurrence_lock_error4whatEv
                0x000000000000dae0        0xc C:/devkitPro/devkitA64/bin/../lib/gcc/aarch64-none-elf/15.1.0/../../../../aarch64-none-elf/lib/pic\libstdc++.a(eh_alloc.o)
                0x000000000000dae0                __gnu_cxx::__concurrence_lock_error::what() const
 *fill*         0x000000000000daec       0x14 
 .text._ZNK9__gnu_cxx26__concurrence_unlock_error4whatEv
                0x000000000000db00        0xc C:/devkitPro/devkitA64/bin/../lib/gcc/aarch64-none-elf/15.1.0/../../../../aarch64-none-elf/lib/pic\libstdc++.a(eh_alloc.o)
                0x000000000000db00                __gnu_cxx::__concurrence_unlock_error::what() const
 *fill*         0x000000000000db0c       0x14 
 .text._ZN9__gnu_cxx24__concurrence_lock_errorD2Ev
                0x000000000000db20       0x14 C:/devkitPro/devkitA64/bin/../lib/gcc/aarch64-none-elf/15.1.0/../../../../aarch64-none-elf/lib/pic\libstdc++.a(eh_alloc.o)
                0x000000000000db20                __gnu_cxx::__concurrence_lock_error::~__concurrence_lock_error()
                0x000000000000db20                __gnu_cxx::__concurrence_lock_error::~__concurrence_lock_error()
 *fill*         0x000000000000db34        0xc 
 .text._ZN9__gnu_cxx24__concurrence_lock_errorD0Ev
                0x000000000000db40       0x38 C:/devkitPro/devkitA64/bin/../lib/gcc/aarch64-none-elf/15.1.0/../../../../aarch64-none-elf/lib/pic\libstdc++.a(eh_alloc.o)
                0x000000000000db40                __gnu_cxx::__concurrence_lock_error::~__concurrence_lock_error()
 *fill*         0x000000000000db78        0x8 
 .text._ZN9__gnu_cxx26__concurrence_unlock_errorD2Ev
                0x000000000000db80       0x14 C:/devkitPro/devkitA64/bin/../lib/gcc/aarch64-none-elf/15.1.0/../../../../aarch64-none-elf/lib/pic\libstdc++.a(eh_alloc.o)
                0x000000000000db80                __gnu_cxx::__concurrence_unlock_error::~__concurrence_unlock_error()
                0x000000000000db80                __gnu_cxx::__concurrence_unlock_error::~__concurrence_unlock_error()
 *fill*         0x000000000000db94        0xc 
 .text._ZN9__gnu_cxx26__concurrence_unlock_errorD0Ev
                0x000000000000dba0       0x38 C:/devkitPro/devkitA64/bin/../lib/gcc/aarch64-none-elf/15.1.0/../../../../aarch64-none-elf/lib/pic\libstdc++.a(eh_alloc.o)
                0x000000000000dba0                __gnu_cxx::__concurrence_unlock_error::~__concurrence_unlock_error()
 *fill*         0x000000000000dbd8        0x8 
 .text._ZN12_GLOBAL__N_14pool4freeEPv.constprop.0
                0x000000000000dbe0      0x110 C:/devkitPro/devkitA64/bin/../lib/gcc/aarch64-none-elf/15.1.0/../../../../aarch64-none-elf/lib/pic\libstdc++.a(eh_alloc.o)
 *fill*         0x000000000000dcf0       0x10 
 .text._ZN12_GLOBAL__N_14pool8allocateEm.constprop.0
                0x000000000000dd00       0xcc C:/devkitPro/devkitA64/bin/../lib/gcc/aarch64-none-elf/15.1.0/../../../../aarch64-none-elf/lib/pic\libstdc++.a(eh_alloc.o)
 *fill*         0x000000000000ddcc       0x14 
 .text.__cxa_allocate_exception
                0x000000000000dde0       0x58 C:/devkitPro/devkitA64/bin/../lib/gcc/aarch64-none-elf/15.1.0/../../../../aarch64-none-elf/lib/pic\libstdc++.a(eh_alloc.o)
                0x000000000000dde0                __cxa_allocate_exception
 *fill*         0x000000000000de38        0x8 
 .text.__cxa_free_exception
                0x000000000000de40       0x28 C:/devkitPro/devkitA64/bin/../lib/gcc/aarch64-none-elf/15.1.0/../../../../aarch64-none-elf/lib/pic\libstdc++.a(eh_alloc.o)
                0x000000000000de40                __cxa_free_exception
 *fill*         0x000000000000de68       0x18 
 .text._ZSt15get_new_handlerv
                0x000000000000de80       0x10 C:/devkitPro/devkitA64/bin/../lib/gcc/aarch64-none-elf/15.1.0/../../../../aarch64-none-elf/lib/pic\libstdc++.a(new_handler.o)
                0x000000000000de80                std::get_new_handler()
 *fill*         0x000000000000de90       0x10 
 .text._ZNKSt11logic_error4whatEv
                0x000000000000dea0        0x8 C:/devkitPro/devkitA64/bin/../lib/gcc/aarch64-none-elf/15.1.0/../../../../aarch64-none-elf/lib/pic\libstdc++.a(stdexcept.o)
                0x000000000000dea0                std::logic_error::what() const
                0x000000000000dea0                std::runtime_error::what() const
 *fill*         0x000000000000dea8       0x18 
 .text._ZNSt11logic_errorD2Ev
                0x000000000000dec0       0x74 C:/devkitPro/devkitA64/bin/../lib/gcc/aarch64-none-elf/15.1.0/../../../../aarch64-none-elf/lib/pic\libstdc++.a(stdexcept.o)
                0x000000000000dec0                std::logic_error::~logic_error()
                0x000000000000dec0                std::logic_error::~logic_error()
 *fill*         0x000000000000df34        0xc 
 .text._ZNSt11logic_errorD0Ev
                0x000000000000df40       0x1c C:/devkitPro/devkitA64/bin/../lib/gcc/aarch64-none-elf/15.1.0/../../../../aarch64-none-elf/lib/pic\libstdc++.a(stdexcept.o)
                0x000000000000df40                std::logic_error::~logic_error()
 *fill*         0x000000000000df5c        0x4 
 .text._ZNSt12length_errorD2Ev
                0x000000000000df60       0x14 C:/devkitPro/devkitA64/bin/../lib/gcc/aarch64-none-elf/15.1.0/../../../../aarch64-none-elf/lib/pic\libstdc++.a(stdexcept.o)
                0x000000000000df60                std::length_error::~length_error()
                0x000000000000df60                std::length_error::~length_error()
 *fill*         0x000000000000df74        0xc 
 .text._ZNSt12length_errorD0Ev
                0x000000000000df80       0x1c C:/devkitPro/devkitA64/bin/../lib/gcc/aarch64-none-elf/15.1.0/../../../../aarch64-none-elf/lib/pic\libstdc++.a(stdexcept.o)
                0x000000000000df80                std::length_error::~length_error()
 *fill*         0x000000000000df9c        0x4 
 .text._ZNSt11logic_errorC2EPKc
                0x000000000000dfa0       0xf8 C:/devkitPro/devkitA64/bin/../lib/gcc/aarch64-none-elf/15.1.0/../../../../aarch64-none-elf/lib/pic\libstdc++.a(cow-stdexcept.o)
                0x000000000000dfa0                std::logic_error::logic_error(char const*)
                0x000000000000dfa0                std::logic_error::logic_error(char const*)
 *fill*         0x000000000000e098        0x8 
 .text._ZNSt12length_errorC2EPKc
                0x000000000000e0a0       0x30 C:/devkitPro/devkitA64/bin/../lib/gcc/aarch64-none-elf/15.1.0/../../../../aarch64-none-elf/lib/pic\libstdc++.a(cow-stdexcept.o)
                0x000000000000e0a0                std::length_error::length_error(char const*)
                0x000000000000e0a0                std::length_error::length_error(char const*)
 *fill*         0x000000000000e0d0       0x10 
 .text._ZNSs4_Rep9_S_createEmmRKSaIcE
                0x000000000000e0e0       0x80 C:/devkitPro/devkitA64/bin/../lib/gcc/aarch64-none-elf/15.1.0/../../../../aarch64-none-elf/lib/pic\libstdc++.a(cow-string-inst.o)
                0x000000000000e0e0                std::string::_Rep::_S_create(unsigned long, unsigned long, std::allocator<char> const&)
 .text._ZNSs4_Rep10_M_destroyERKSaIcE
                0x000000000000e160        0x4 C:/devkitPro/devkitA64/bin/../lib/gcc/aarch64-none-elf/15.1.0/../../../../aarch64-none-elf/lib/pic\libstdc++.a(cow-string-inst.o)
                0x000000000000e160                std::string::_Rep::_M_destroy(std::allocator<char> const&)
 *fill*         0x000000000000e164       0x1c 
 .text.init_dwarf_reg_size_table
                0x000000000000e180      0x298 C:/devkitPro/devkitA64/bin/../lib/gcc/aarch64-none-elf/15.1.0/pic\libgcc.a(unwind-dw2.o)
 *fill*         0x000000000000e418        0x8 
 .text.uw_install_context_1
                0x000000000000e420      0x18c C:/devkitPro/devkitA64/bin/../lib/gcc/aarch64-none-elf/15.1.0/pic\libgcc.a(unwind-dw2.o)
 *fill*         0x000000000000e5ac       0x14 
 .text.read_encoded_value
                0x000000000000e5c0      0x18c C:/devkitPro/devkitA64/bin/../lib/gcc/aarch64-none-elf/15.1.0/pic\libgcc.a(unwind-dw2.o)
 *fill*         0x000000000000e74c       0x14 
 .text.execute_stack_op
                0x000000000000e760      0x7f8 C:/devkitPro/devkitA64/bin/../lib/gcc/aarch64-none-elf/15.1.0/pic\libgcc.a(unwind-dw2.o)
 *fill*         0x000000000000ef58        0x8 
 .text.uw_update_context_1
                0x000000000000ef60      0x334 C:/devkitPro/devkitA64/bin/../lib/gcc/aarch64-none-elf/15.1.0/pic\libgcc.a(unwind-dw2.o)
 *fill*         0x000000000000f294        0xc 
 .text.uw_update_context
                0x000000000000f2a0       0xf8 C:/devkitPro/devkitA64/bin/../lib/gcc/aarch64-none-elf/15.1.0/pic\libgcc.a(unwind-dw2.o)
 *fill*         0x000000000000f398        0x8 
 .text.execute_cfa_program_specialized
                0x000000000000f3a0      0x868 C:/devkitPro/devkitA64/bin/../lib/gcc/aarch64-none-elf/15.1.0/pic\libgcc.a(unwind-dw2.o)
 *fill*         0x000000000000fc08       0x18 
 .text.execute_cfa_program_generic
                0x000000000000fc20      0x898 C:/devkitPro/devkitA64/bin/../lib/gcc/aarch64-none-elf/15.1.0/pic\libgcc.a(unwind-dw2.o)
 *fill*         0x00000000000104b8        0x8 
 .text.uw_frame_state_for
                0x00000000000104c0      0x43c C:/devkitPro/devkitA64/bin/../lib/gcc/aarch64-none-elf/15.1.0/pic\libgcc.a(unwind-dw2.o)
 *fill*         0x00000000000108fc        0x4 
 .text.uw_init_context_1
                0x0000000000010900      0x36c C:/devkitPro/devkitA64/bin/../lib/gcc/aarch64-none-elf/15.1.0/pic\libgcc.a(unwind-dw2.o)
 *fill*         0x0000000000010c6c       0x14 
 .text._Unwind_RaiseException_Phase2
                0x0000000000010c80      0x140 C:/devkitPro/devkitA64/bin/../lib/gcc/aarch64-none-elf/15.1.0/pic\libgcc.a(unwind-dw2.o)
 .text._Unwind_ForcedUnwind_Phase2
                0x0000000000010dc0      0x154 C:/devkitPro/devkitA64/bin/../lib/gcc/aarch64-none-elf/15.1.0/pic\libgcc.a(unwind-dw2.o)
 *fill*         0x0000000000010f14        0xc 
 .text._Unwind_SetGR
                0x0000000000010f20       0x50 C:/devkitPro/devkitA64/bin/../lib/gcc/aarch64-none-elf/15.1.0/pic\libgcc.a(unwind-dw2.o)
                0x0000000000010f20                _Unwind_SetGR
 *fill*         0x0000000000010f70       0x10 
 .text._Unwind_GetIPInfo
                0x0000000000010f80       0x14 C:/devkitPro/devkitA64/bin/../lib/gcc/aarch64-none-elf/15.1.0/pic\libgcc.a(unwind-dw2.o)
                0x0000000000010f80                _Unwind_GetIPInfo
 *fill*         0x0000000000010f94        0xc 
 .text._Unwind_SetIP
                0x0000000000010fa0        0x8 C:/devkitPro/devkitA64/bin/../lib/gcc/aarch64-none-elf/15.1.0/pic\libgcc.a(unwind-dw2.o)
                0x0000000000010fa0                _Unwind_SetIP
 *fill*         0x0000000000010fa8       0x18 
 .text._Unwind_GetLanguageSpecificData
                0x0000000000010fc0        0x8 C:/devkitPro/devkitA64/bin/../lib/gcc/aarch64-none-elf/15.1.0/pic\libgcc.a(unwind-dw2.o)
                0x0000000000010fc0                _Unwind_GetLanguageSpecificData
 *fill*         0x0000000000010fc8       0x18 
 .text._Unwind_GetRegionStart
                0x0000000000010fe0        0x8 C:/devkitPro/devkitA64/bin/../lib/gcc/aarch64-none-elf/15.1.0/pic\libgcc.a(unwind-dw2.o)
                0x0000000000010fe0                _Unwind_GetRegionStart
 *fill*         0x0000000000010fe8       0x18 
 .text._Unwind_GetDataRelBase
                0x0000000000011000        0x8 C:/devkitPro/devkitA64/bin/../lib/gcc/aarch64-none-elf/15.1.0/pic\libgcc.a(unwind-dw2.o)
                0x0000000000011000                _Unwind_GetDataRelBase
 *fill*         0x0000000000011008       0x18 
 .text._Unwind_GetTextRelBase
                0x0000000000011020        0x8 C:/devkitPro/devkitA64/bin/../lib/gcc/aarch64-none-elf/15.1.0/pic\libgcc.a(unwind-dw2.o)
                0x0000000000011020                _Unwind_GetTextRelBase
 *fill*         0x0000000000011028       0x18 
 .text._Unwind_DebugHook
                0x0000000000011040        0x4 C:/devkitPro/devkitA64/bin/../lib/gcc/aarch64-none-elf/15.1.0/pic\libgcc.a(unwind-dw2.o)
 *fill*         0x0000000000011044       0x1c 
 .text._Unwind_RaiseException
                0x0000000000011060      0x1a4 C:/devkitPro/devkitA64/bin/../lib/gcc/aarch64-none-elf/15.1.0/pic\libgcc.a(unwind-dw2.o)
                0x0000000000011060                _Unwind_RaiseException
 *fill*         0x0000000000011204       0x1c 
 .text._Unwind_Resume
                0x0000000000011220      0x12c C:/devkitPro/devkitA64/bin/../lib/gcc/aarch64-none-elf/15.1.0/pic\libgcc.a(unwind-dw2.o)
                0x0000000000011220                _Unwind_Resume
 *fill*         0x000000000001134c       0x14 
 .text._Unwind_DeleteException
                0x0000000000011360       0x1c C:/devkitPro/devkitA64/bin/../lib/gcc/aarch64-none-elf/15.1.0/pic\libgcc.a(unwind-dw2.o)
                0x0000000000011360                _Unwind_DeleteException
 *fill*         0x000000000001137c        0x4 
 .text.fde_unencoded_compare
                0x0000000000011380       0x18 C:/devkitPro/devkitA64/bin/../lib/gcc/aarch64-none-elf/15.1.0/pic\libgcc.a(unwind-dw2-fde.o)
 *fill*         0x0000000000011398        0x8 
 .text.fde_unencoded_extract
                0x00000000000113a0       0x2c C:/devkitPro/devkitA64/bin/../lib/gcc/aarch64-none-elf/15.1.0/pic\libgcc.a(unwind-dw2-fde.o)
 *fill*         0x00000000000113cc       0x14 
 .text.frame_downheap
                0x00000000000113e0       0xec C:/devkitPro/devkitA64/bin/../lib/gcc/aarch64-none-elf/15.1.0/pic\libgcc.a(unwind-dw2-fde.o)
 *fill*         0x00000000000114cc       0x14 
 .text.read_encoded_value_with_base
                0x00000000000114e0      0x138 C:/devkitPro/devkitA64/bin/../lib/gcc/aarch64-none-elf/15.1.0/pic\libgcc.a(unwind-dw2-fde.o)
 *fill*         0x0000000000011618        0x8 
 .text.fde_radixsort
                0x0000000000011620      0x220 C:/devkitPro/devkitA64/bin/../lib/gcc/aarch64-none-elf/15.1.0/pic\libgcc.a(unwind-dw2-fde.o)
 .text.__deregister_frame_info_bases.part.0
                0x0000000000011840      0x110 C:/devkitPro/devkitA64/bin/../lib/gcc/aarch64-none-elf/15.1.0/pic\libgcc.a(unwind-dw2-fde.o)
 *fill*         0x0000000000011950       0x10 
 .text.get_cie_encoding
                0x0000000000011960      0x124 C:/devkitPro/devkitA64/bin/../lib/gcc/aarch64-none-elf/15.1.0/pic\libgcc.a(unwind-dw2-fde.o)
 *fill*         0x0000000000011a84       0x1c 
 .text.fde_mixed_encoding_extract
                0x0000000000011aa0       0xd8 C:/devkitPro/devkitA64/bin/../lib/gcc/aarch64-none-elf/15.1.0/pic\libgcc.a(unwind-dw2-fde.o)
 *fill*         0x0000000000011b78        0x8 
 .text.classify_object_over_fdes.constprop.0
                0x0000000000011b80      0x1e0 C:/devkitPro/devkitA64/bin/../lib/gcc/aarch64-none-elf/15.1.0/pic\libgcc.a(unwind-dw2-fde.o)
 .text.fde_single_encoding_extract
                0x0000000000011d60       0xbc C:/devkitPro/devkitA64/bin/../lib/gcc/aarch64-none-elf/15.1.0/pic\libgcc.a(unwind-dw2-fde.o)
 *fill*         0x0000000000011e1c        0x4 
 .text.fde_single_encoding_compare
                0x0000000000011e20       0xa8 C:/devkitPro/devkitA64/bin/../lib/gcc/aarch64-none-elf/15.1.0/pic\libgcc.a(unwind-dw2-fde.o)
 *fill*         0x0000000000011ec8       0x18 
 .text.fde_mixed_encoding_compare
                0x0000000000011ee0      0x10c C:/devkitPro/devkitA64/bin/../lib/gcc/aarch64-none-elf/15.1.0/pic\libgcc.a(unwind-dw2-fde.o)
 *fill*         0x0000000000011fec       0x14 
 .text.add_fdes.isra.0
                0x0000000000012000      0x234 C:/devkitPro/devkitA64/bin/../lib/gcc/aarch64-none-elf/15.1.0/pic\libgcc.a(unwind-dw2-fde.o)
 *fill*         0x0000000000012234        0xc 
 .text.linear_search_fdes
                0x0000000000012240      0x2e8 C:/devkitPro/devkitA64/bin/../lib/gcc/aarch64-none-elf/15.1.0/pic\libgcc.a(unwind-dw2-fde.o)
 *fill*         0x0000000000012528       0x18 
 .text.search_object
                0x0000000000012540      0x558 C:/devkitPro/devkitA64/bin/../lib/gcc/aarch64-none-elf/15.1.0/pic\libgcc.a(unwind-dw2-fde.o)
 *fill*         0x0000000000012a98        0x8 
 .text.__register_frame_info
                0x0000000000012aa0       0x60 C:/devkitPro/devkitA64/bin/../lib/gcc/aarch64-none-elf/15.1.0/pic\libgcc.a(unwind-dw2-fde.o)
                0x0000000000012aa0                __register_frame_info
 .text.__deregister_frame_info
                0x0000000000012b00       0x18 C:/devkitPro/devkitA64/bin/../lib/gcc/aarch64-none-elf/15.1.0/pic\libgcc.a(unwind-dw2-fde.o)
                0x0000000000012b00                __deregister_frame_info
 *fill*         0x0000000000012b18        0x8 
 .text._Unwind_Find_FDE
                0x0000000000012b20      0x1d0 C:/devkitPro/devkitA64/bin/../lib/gcc/aarch64-none-elf/15.1.0/pic\libgcc.a(unwind-dw2-fde.o)
                0x0000000000012b20                _Unwind_Find_FDE
 .text          0x0000000000012cf0       0x30 C:/devkitPro/devkitA64/bin/../lib/gcc/aarch64-none-elf/15.1.0/pic\libgcc.a(__arm_za_disable.o)
                0x0000000000012cf0                __arm_za_disable
                0x0000000000012cf0                __libgcc_arm_za_disable
 .text          0x0000000000012d20       0xa0 C:/devkitPro/devkitA64/bin/../lib/gcc/aarch64-none-elf/15.1.0/pic\libgcc.a(__arm_tpidr2_save.o)
                0x0000000000012d20                __arm_tpidr2_save
                0x0000000000012d20                __libgcc_arm_tpidr2_save
 .text.getenv   0x0000000000012dc0       0x24 C:/devkitPro/devkitA64/bin/../lib/gcc/aarch64-none-elf/15.1.0/../../../../aarch64-none-elf/lib/pic\libg.a(libc_a-getenv.o)
                0x0000000000012dc0                getenv
 *fill*         0x0000000000012de4       0x1c 
 .text          0x0000000000012e00      0x104 C:/devkitPro/devkitA64/bin/../lib/gcc/aarch64-none-elf/15.1.0/../../../../aarch64-none-elf/lib/pic\libg.a(libc_a-memset.o)
                0x0000000000012e00                memset
 *fill*         0x0000000000012f04       0x1c 
 .text.setenv   0x0000000000012f20       0x34 C:/devkitPro/devkitA64/bin/../lib/gcc/aarch64-none-elf/15.1.0/../../../../aarch64-none-elf/lib/pic\libg.a(libc_a-setenv.o)
                0x0000000000012f20                setenv
 *fill*         0x0000000000012f54       0x2c 
 .text          0x0000000000012f80      0x134 C:/devkitPro/devkitA64/bin/../lib/gcc/aarch64-none-elf/15.1.0/../../../../aarch64-none-elf/lib/pic\libg.a(libc_a-strcmp.o)
                0x0000000000012f80                strcmp
 *fill*         0x00000000000130b4        0xc 
 .text          0x00000000000130c0      0x1b4 C:/devkitPro/devkitA64/bin/../lib/gcc/aarch64-none-elf/15.1.0/../../../../aarch64-none-elf/lib/pic\libg.a(libc_a-strncmp.o)
                0x00000000000130c0                strncmp
 *fill*         0x0000000000013274        0xc 
 .text._strtoul_l.isra.0
                0x0000000000013280      0x1a4 C:/devkitPro/devkitA64/bin/../lib/gcc/aarch64-none-elf/15.1.0/../../../../aarch64-none-elf/lib/pic\libg.a(libc_a-strtoul.o)
 *fill*         0x0000000000013424       0x1c 
 .text.strtoul  0x0000000000013440       0x40 C:/devkitPro/devkitA64/bin/../lib/gcc/aarch64-none-elf/15.1.0/../../../../aarch64-none-elf/lib/pic\libg.a(libc_a-strtoul.o)
                0x0000000000013440                strtoul
 .text.__libc_init_array
                0x0000000000013480       0xa4 C:/devkitPro/devkitA64/bin/../lib/gcc/aarch64-none-elf/15.1.0/../../../../aarch64-none-elf/lib/pic\libg.a(libc_a-init.o)
                0x0000000000013480                __libc_init_array
 *fill*         0x0000000000013524       0x1c 
 .text.strncat  0x0000000000013540       0x88 C:/devkitPro/devkitA64/bin/../lib/gcc/aarch64-none-elf/15.1.0/../../../../aarch64-none-elf/lib/pic\libg.a(libc_a-strncat.o)
                0x0000000000013540                strncat
 *fill*         0x00000000000135c8       0x18 
 .text.bsearch  0x00000000000135e0       0xb4 C:/devkitPro/devkitA64/bin/../lib/gcc/aarch64-none-elf/15.1.0/../../../../aarch64-none-elf/lib/pic\libg.a(libc_a-bsearch.o)
                0x00000000000135e0                bsearch
 *fill*         0x0000000000013694        0xc 
 .text.__errno  0x00000000000136a0       0x14 C:/devkitPro/devkitA64/bin/../lib/gcc/aarch64-none-elf/15.1.0/../../../../aarch64-none-elf/lib/pic\libg.a(libc_a-errno.o)
                0x00000000000136a0                __errno
 *fill*         0x00000000000136b4        0xc 
 .text          0x00000000000136c0       0xcc C:/devkitPro/devkitA64/bin/../lib/gcc/aarch64-none-elf/15.1.0/../../../../aarch64-none-elf/lib/pic\libg.a(libc_a-strchr.o)
                0x00000000000136c0                strchr
 *fill*         0x000000000001378c       0x14 
 .text.abort    0x00000000000137a0       0x18 C:/devkitPro/devkitA64/bin/../lib/gcc/aarch64-none-elf/15.1.0/../../../../aarch64-none-elf/lib/pic\libg.a(libc_a-abort.o)
                0x00000000000137a0                abort
 *fill*         0x00000000000137b8        0x8 
 .text          0x00000000000137c0      0x22c C:/devkitPro/devkitA64/bin/../lib/gcc/aarch64-none-elf/15.1.0/../../../../aarch64-none-elf/lib/pic\libg.a(libc_a-memcpy.o)
                0x00000000000137c0                memcpy
                0x00000000000137c0                memmove
 *fill*         0x00000000000139ec       0x14 
 .text._malloc_r
                0x0000000000013a00      0x840 C:/devkitPro/devkitA64/bin/../lib/gcc/aarch64-none-elf/15.1.0/../../../../aarch64-none-elf/lib/pic\libg.a(libc_a-mallocr.o)
                0x0000000000013a00                _malloc_r
 .text._malloc_trim_r
                0x0000000000014240      0x11c C:/devkitPro/devkitA64/bin/../lib/gcc/aarch64-none-elf/15.1.0/../../../../aarch64-none-elf/lib/pic\libg.a(libc_a-freer.o)
                0x0000000000014240                _malloc_trim_r
 *fill*         0x000000000001435c        0x4 
 .text._free_r  0x0000000000014360      0x2d8 C:/devkitPro/devkitA64/bin/../lib/gcc/aarch64-none-elf/15.1.0/../../../../aarch64-none-elf/lib/pic\libg.a(libc_a-freer.o)
                0x0000000000014360                _free_r
 *fill*         0x0000000000014638        0x8 
 .text.malloc   0x0000000000014640       0x38 C:/devkitPro/devkitA64/bin/../lib/gcc/aarch64-none-elf/15.1.0/../../../../aarch64-none-elf/lib/pic\libg.a(libc_a-malloc.o)
                0x0000000000014640                malloc
 *fill*         0x0000000000014678        0x8 
 .text.free     0x0000000000014680       0x1c C:/devkitPro/devkitA64/bin/../lib/gcc/aarch64-none-elf/15.1.0/../../../../aarch64-none-elf/lib/pic\libg.a(libc_a-malloc.o)
                0x0000000000014680                free
 *fill*         0x000000000001469c        0x4 
 .text.gmtime   0x00000000000146a0       0x28 C:/devkitPro/devkitA64/bin/../lib/gcc/aarch64-none-elf/15.1.0/../../../../aarch64-none-elf/lib/pic\libg.a(libc_a-gmtime.o)
                0x00000000000146a0                gmtime
 *fill*         0x00000000000146c8       0x38 
 .text          0x0000000000014700      0x130 C:/devkitPro/devkitA64/bin/../lib/gcc/aarch64-none-elf/15.1.0/../../../../aarch64-none-elf/lib/pic\libg.a(libc_a-strlen.o)
                0x0000000000014700                strlen
 *fill*         0x0000000000014830       0x10 
 .text._findenv_r
                0x0000000000014840       0xf4 C:/devkitPro/devkitA64/bin/../lib/gcc/aarch64-none-elf/15.1.0/../../../../aarch64-none-elf/lib/pic\libg.a(libc_a-getenv_r.o)
                0x0000000000014840                _findenv_r
 *fill*         0x0000000000014934        0xc 
 .text          0x0000000000014940       0xb8 C:/devkitPro/devkitA64/bin/../lib/gcc/aarch64-none-elf/15.1.0/../../../../aarch64-none-elf/lib/pic\libg.a(libc_a-strnlen.o)
                0x0000000000014940                strnlen
 *fill*         0x00000000000149f8        0x8 
 .text.__malloc_lock
                0x0000000000014a00        0xc C:/devkitPro/devkitA64/bin/../lib/gcc/aarch64-none-elf/15.1.0/../../../../aarch64-none-elf/lib/pic\libg.a(libc_a-mlock.o)
                0x0000000000014a00                __malloc_lock
 *fill*         0x0000000000014a0c       0x14 
 .text.__malloc_unlock
                0x0000000000014a20        0xc C:/devkitPro/devkitA64/bin/../lib/gcc/aarch64-none-elf/15.1.0/../../../../aarch64-none-elf/lib/pic\libg.a(libc_a-mlock.o)
                0x0000000000014a20                __malloc_unlock
 *fill*         0x0000000000014a2c       0x14 
 .text._setenv_r
                0x0000000000014a40      0x258 C:/devkitPro/devkitA64/bin/../lib/gcc/aarch64-none-elf/15.1.0/../../../../aarch64-none-elf/lib/pic\libg.a(libc_a-setenv_r.o)
                0x0000000000014a40                _setenv_r
 *fill*         0x0000000000014c98       0x28 
 .text          0x0000000000014cc0      0x1c8 C:/devkitPro/devkitA64/bin/../lib/gcc/aarch64-none-elf/15.1.0/../../../../aarch64-none-elf/lib/pic\libg.a(libc_a-memcmp.o)
                0x0000000000014cc0                memcmp
 *fill*         0x0000000000014e88       0x18 
 .text.__call_exitprocs
                0x0000000000014ea0        0x4 C:/devkitPro/devkitA64/bin/../lib/gcc/aarch64-none-elf/15.1.0/../../../../aarch64-none-elf/lib/pic\libg.a(libc_a-exit.o)
                0x0000000000014ea0                __call_exitprocs
 *fill*         0x0000000000014ea4       0x1c 
 .text.strncpy  0x0000000000014ec0       0xac C:/devkitPro/devkitA64/bin/../lib/gcc/aarch64-none-elf/15.1.0/../../../../aarch64-none-elf/lib/pic\libg.a(libc_a-strncpy.o)
                0x0000000000014ec0                strncpy
 *fill*         0x0000000000014f6c       0x14 
 .text._raise_r
                0x0000000000014f80       0x9c C:/devkitPro/devkitA64/bin/../lib/gcc/aarch64-none-elf/15.1.0/../../../../aarch64-none-elf/lib/pic\libg.a(libc_a-signal.o)
                0x0000000000014f80                _raise_r
 *fill*         0x000000000001501c        0x4 
 .text.raise    0x0000000000015020       0x1c C:/devkitPro/devkitA64/bin/../lib/gcc/aarch64-none-elf/15.1.0/../../../../aarch64-none-elf/lib/pic\libg.a(libc_a-signal.o)
                0x0000000000015020                raise
 *fill*         0x000000000001503c        0x4 
 .text.__env_lock
                0x0000000000015040        0xc C:/devkitPro/devkitA64/bin/../lib/gcc/aarch64-none-elf/15.1.0/../../../../aarch64-none-elf/lib/pic\libg.a(libc_a-envlock.o)
                0x0000000000015040                __env_lock
 *fill*         0x000000000001504c       0x14 
 .text.__env_unlock
                0x0000000000015060        0xc C:/devkitPro/devkitA64/bin/../lib/gcc/aarch64-none-elf/15.1.0/../../../../aarch64-none-elf/lib/pic\libg.a(libc_a-envlock.o)
                0x0000000000015060                __env_unlock
 *fill*         0x000000000001506c       0x14 
 .text.gmtime_r
                0x0000000000015080      0x2a0 C:/devkitPro/devkitA64/bin/../lib/gcc/aarch64-none-elf/15.1.0/../../../../aarch64-none-elf/lib/pic\libg.a(libc_a-gmtime_r.o)
                0x0000000000015080                gmtime_r
 .text._memalign_r
                0x0000000000015320      0x18c C:/devkitPro/devkitA64/bin/../lib/gcc/aarch64-none-elf/15.1.0/../../../../aarch64-none-elf/lib/pic\libg.a(libc_a-malignr.o)
                0x0000000000015320                _memalign_r
 *fill*         0x00000000000154ac       0x14 
 .text.__libc_fini_array
                0x00000000000154c0       0x44 C:/devkitPro/devkitA64/bin/../lib/gcc/aarch64-none-elf/15.1.0/../../../../aarch64-none-elf/lib/pic\libg.a(libc_a-fini.o)
                0x00000000000154c0                __libc_fini_array
 *fill*         0x0000000000015504       0x1c 
 .text._realloc_r
                0x0000000000015520      0x568 C:/devkitPro/devkitA64/bin/../lib/gcc/aarch64-none-elf/15.1.0/../../../../aarch64-none-elf/lib/pic\libg.a(libc_a-reallocr.o)
                0x0000000000015520                _realloc_r
 *fill*         0x0000000000015a88       0x18 
 .text._exit    0x0000000000015aa0       0x20 C:/devkitPro/devkitA64/bin/../lib/gcc/aarch64-none-elf/15.1.0/../../../../aarch64-none-elf/lib/pic\libsysbase.a(libsysbase_libsysbase_a-_exit.o)
                0x0000000000015aa0                _exit
 .text.chdir    0x0000000000015ac0      0x16c C:/devkitPro/devkitA64/bin/../lib/gcc/aarch64-none-elf/15.1.0/../../../../aarch64-none-elf/lib/pic\libsysbase.a(libsysbase_libsysbase_a-chdir.o)
                0x0000000000015ac0                chdir
 *fill*         0x0000000000015c2c       0x14 
 .text._concatenate_path
                0x0000000000015c40      0x218 C:/devkitPro/devkitA64/bin/../lib/gcc/aarch64-none-elf/15.1.0/../../../../aarch64-none-elf/lib/pic\libsysbase.a(libsysbase_libsysbase_a-concatenate.o)
                0x0000000000015c40                _concatenate_path
 *fill*         0x0000000000015e58        0x8 
 .text._getpid_r
                0x0000000000015e60       0x10 C:/devkitPro/devkitA64/bin/../lib/gcc/aarch64-none-elf/15.1.0/../../../../aarch64-none-elf/lib/pic\libsysbase.a(libsysbase_libsysbase_a-getpid.o)
                0x0000000000015e60                _getpid_r
 *fill*         0x0000000000015e70       0x10 
 .text.__getreent
                0x0000000000015e80       0x20 C:/devkitPro/devkitA64/bin/../lib/gcc/aarch64-none-elf/15.1.0/../../../../aarch64-none-elf/lib/pic\libsysbase.a(libsysbase_libsysbase_a-getreent.o)
                0x0000000000015e80                __getreent
 .text.null_write
                0x0000000000015ea0        0x8 C:/devkitPro/devkitA64/bin/../lib/gcc/aarch64-none-elf/15.1.0/../../../../aarch64-none-elf/lib/pic\libsysbase.a(libsysbase_libsysbase_a-iosupport.o)
 *fill*         0x0000000000015ea8       0x18 
 .text.setDefaultDevice
                0x0000000000015ec0       0x18 C:/devkitPro/devkitA64/bin/../lib/gcc/aarch64-none-elf/15.1.0/../../../../aarch64-none-elf/lib/pic\libsysbase.a(libsysbase_libsysbase_a-iosupport.o)
                0x0000000000015ec0                setDefaultDevice
 *fill*         0x0000000000015ed8        0x8 
 .text.FindDevice
                0x0000000000015ee0      0x110 C:/devkitPro/devkitA64/bin/../lib/gcc/aarch64-none-elf/15.1.0/../../../../aarch64-none-elf/lib/pic\libsysbase.a(libsysbase_libsysbase_a-iosupport.o)
                0x0000000000015ee0                FindDevice
 *fill*         0x0000000000015ff0       0x10 
 .text.RemoveDevice
                0x0000000000016000       0x34 C:/devkitPro/devkitA64/bin/../lib/gcc/aarch64-none-elf/15.1.0/../../../../aarch64-none-elf/lib/pic\libsysbase.a(libsysbase_libsysbase_a-iosupport.o)
                0x0000000000016000                RemoveDevice
 *fill*         0x0000000000016034        0xc 
 .text.AddDevice
                0x0000000000016040       0xc4 C:/devkitPro/devkitA64/bin/../lib/gcc/aarch64-none-elf/15.1.0/../../../../aarch64-none-elf/lib/pic\libsysbase.a(libsysbase_libsysbase_a-iosupport.o)
                0x0000000000016040                AddDevice
 *fill*         0x0000000000016104       0x1c 
 .text.GetDeviceOpTab
                0x0000000000016120       0x34 C:/devkitPro/devkitA64/bin/../lib/gcc/aarch64-none-elf/15.1.0/../../../../aarch64-none-elf/lib/pic\libsysbase.a(libsysbase_libsysbase_a-iosupport.o)
                0x0000000000016120                GetDeviceOpTab
 *fill*         0x0000000000016154        0xc 
 .text._kill_r  0x0000000000016160       0x10 C:/devkitPro/devkitA64/bin/../lib/gcc/aarch64-none-elf/15.1.0/../../../../aarch64-none-elf/lib/pic\libsysbase.a(libsysbase_libsysbase_a-kill.o)
                0x0000000000016160                _kill_r
 *fill*         0x0000000000016170       0x10 
 .text.pthread_mutex_lock
                0x0000000000016180       0x6c C:/devkitPro/devkitA64/bin/../lib/gcc/aarch64-none-elf/15.1.0/../../../../aarch64-none-elf/lib/pic\libsysbase.a(libsysbase_libsysbase_a-pthread.o)